D:/modify_project/STM32Cube_FW_N6_V1.0.0/Drivers/STM32N6xx_HAL_Driver/Src/stm32n6xx_hal_rif.c:187:6:HAL_RIF_RIMC_Lock	0	static
D:/modify_project/STM32Cube_FW_N6_V1.0.0/Drivers/STM32N6xx_HAL_Driver/Src/stm32n6xx_hal_rif.c:198:10:HAL_RIF_RIMC_GetLock	0	static
D:/modify_project/STM32Cube_FW_N6_V1.0.0/Drivers/STM32N6xx_HAL_Driver/Src/stm32n6xx_hal_rif.c:225:6:HAL_RIF_RIMC_SetDebugAccessPortCID	0	static,ignoring_inline_asm
D:/modify_project/STM32Cube_FW_N6_V1.0.0/Drivers/STM32N6xx_HAL_Driver/Src/stm32n6xx_hal_rif.c:246:10:HAL_RIF_RIMC_GetDebugAccessPortCID	0	static
D:/modify_project/STM32Cube_FW_N6_V1.0.0/Drivers/STM32N6xx_HAL_Driver/Src/stm32n6xx_hal_rif.c:267:6:HAL_RIF_RIMC_ConfigMasterAttributes	0	static,ignoring_inline_asm
D:/modify_project/STM32Cube_FW_N6_V1.0.0/Drivers/STM32N6xx_HAL_Driver/Src/stm32n6xx_hal_rif.c:295:6:HAL_RIF_RIMC_GetConfigMasterAttributes	0	static
D:/modify_project/STM32Cube_FW_N6_V1.0.0/Drivers/STM32N6xx_HAL_Driver/Src/stm32n6xx_hal_rif.c:336:6:HAL_RIF_RISC_Lock	0	static
D:/modify_project/STM32Cube_FW_N6_V1.0.0/Drivers/STM32N6xx_HAL_Driver/Src/stm32n6xx_hal_rif.c:347:10:HAL_RIF_RISC_GetLock	0	static
D:/modify_project/STM32Cube_FW_N6_V1.0.0/Drivers/STM32N6xx_HAL_Driver/Src/stm32n6xx_hal_rif.c:365:6:HAL_RIF_RISC_SetSlaveSecureAttributes	24	static
D:/modify_project/STM32Cube_FW_N6_V1.0.0/Drivers/STM32N6xx_HAL_Driver/Src/stm32n6xx_hal_rif.c:389:10:HAL_RIF_RISC_GetSlaveSecureAttributes	8	static
D:/modify_project/STM32Cube_FW_N6_V1.0.0/Drivers/STM32N6xx_HAL_Driver/Src/stm32n6xx_hal_rif.c:413:6:HAL_RIF_RISC_SlaveConfigLock	8	static
D:/modify_project/STM32Cube_FW_N6_V1.0.0/Drivers/STM32N6xx_HAL_Driver/Src/stm32n6xx_hal_rif.c:431:10:HAL_RIF_RISC_GetSlaveConfigLock	0	static
D:/modify_project/STM32Cube_FW_N6_V1.0.0/Drivers/STM32N6xx_HAL_Driver/Src/stm32n6xx_hal_rif.c:471:6:HAL_RIF_RISAF_Lock	0	static
D:/modify_project/STM32Cube_FW_N6_V1.0.0/Drivers/STM32N6xx_HAL_Driver/Src/stm32n6xx_hal_rif.c:487:10:HAL_RIF_RISAF_GetLock	0	static
D:/modify_project/STM32Cube_FW_N6_V1.0.0/Drivers/STM32N6xx_HAL_Driver/Src/stm32n6xx_hal_rif.c:555:6:HAL_RIF_RISAF_ConfigBaseRegion	8	static
D:/modify_project/STM32Cube_FW_N6_V1.0.0/Drivers/STM32N6xx_HAL_Driver/Src/stm32n6xx_hal_rif.c:618:6:HAL_RIF_RISAF_GetConfigBaseRegion	8	static
D:/modify_project/STM32Cube_FW_N6_V1.0.0/Drivers/STM32N6xx_HAL_Driver/Src/stm32n6xx_hal_rif.c:671:6:HAL_RIF_RISAF_ConfigSubRegionDelegation	12	static,ignoring_inline_asm
D:/modify_project/STM32Cube_FW_N6_V1.0.0/Drivers/STM32N6xx_HAL_Driver/Src/stm32n6xx_hal_rif.c:734:6:HAL_RIF_RISAF_GetConfigSubRegionDelegation	0	static
D:/modify_project/STM32Cube_FW_N6_V1.0.0/Drivers/STM32N6xx_HAL_Driver/Src/stm32n6xx_hal_rif.c:791:6:HAL_RIF_RISAF_ConfigSubRegion	16	static,ignoring_inline_asm
D:/modify_project/STM32Cube_FW_N6_V1.0.0/Drivers/STM32N6xx_HAL_Driver/Src/stm32n6xx_hal_rif.c:888:6:HAL_RIF_RISAF_GetConfigSubRegion	0	static
D:/modify_project/STM32Cube_FW_N6_V1.0.0/Drivers/STM32N6xx_HAL_Driver/Src/stm32n6xx_hal_rif.c:939:6:HAL_RIF_RISAF_GetIllegalAccess	8	static
D:/modify_project/STM32Cube_FW_N6_V1.0.0/Drivers/STM32N6xx_HAL_Driver/Src/stm32n6xx_hal_rif.c:1000:6:HAL_RIF_IAC_EnableIT	0	static
D:/modify_project/STM32Cube_FW_N6_V1.0.0/Drivers/STM32N6xx_HAL_Driver/Src/stm32n6xx_hal_rif.c:1019:6:HAL_RIF_IAC_DisableIT	0	static
D:/modify_project/STM32Cube_FW_N6_V1.0.0/Drivers/STM32N6xx_HAL_Driver/Src/stm32n6xx_hal_rif.c:1037:10:HAL_RIF_IAC_GetFlag	0	static
D:/modify_project/STM32Cube_FW_N6_V1.0.0/Drivers/STM32N6xx_HAL_Driver/Src/stm32n6xx_hal_rif.c:1060:6:HAL_RIF_IAC_ClearFlag	0	static
D:/modify_project/STM32Cube_FW_N6_V1.0.0/Drivers/STM32N6xx_HAL_Driver/Src/stm32n6xx_hal_rif.c:1109:13:HAL_RIF_ILA_Callback	0	static
D:/modify_project/STM32Cube_FW_N6_V1.0.0/Drivers/STM32N6xx_HAL_Driver/Src/stm32n6xx_hal_rif.c:1076:6:HAL_RIF_IRQHandler	32	static
