D:/modify_project/STM32Cube_FW_N6_V1.0.0/Drivers/STM32N6xx_HAL_Driver/Src/stm32n6xx_hal_sd.c:3684:10:SD_SwitchSpeed	112	static
D:/modify_project/STM32Cube_FW_N6_V1.0.0/Drivers/STM32N6xx_HAL_Driver/Src/stm32n6xx_hal_sd.c:3516:17:SD_FindSCR.constprop	56	static
D:/modify_project/STM32Cube_FW_N6_V1.0.0/Drivers/STM32N6xx_HAL_Driver/Src/stm32n6xx_hal_sd.c:622:13:HAL_SD_MspInit	0	static
D:/modify_project/STM32Cube_FW_N6_V1.0.0/Drivers/STM32N6xx_HAL_Driver/Src/stm32n6xx_hal_sd.c:637:13:HAL_SD_MspDeInit	0	static
D:/modify_project/STM32Cube_FW_N6_V1.0.0/Drivers/STM32N6xx_HAL_Driver/Src/stm32n6xx_hal_sd.c:566:19:HAL_SD_DeInit	8	static
D:/modify_project/STM32Cube_FW_N6_V1.0.0/Drivers/STM32N6xx_HAL_Driver/Src/stm32n6xx_hal_sd.c:678:19:HAL_SD_ReadBlocks	56	static
D:/modify_project/STM32Cube_FW_N6_V1.0.0/Drivers/STM32N6xx_HAL_Driver/Src/stm32n6xx_hal_sd.c:863:19:HAL_SD_WriteBlocks	64	static
D:/modify_project/STM32Cube_FW_N6_V1.0.0/Drivers/STM32N6xx_HAL_Driver/Src/stm32n6xx_hal_sd.c:1050:19:HAL_SD_ReadBlocks_IT	40	static
D:/modify_project/STM32Cube_FW_N6_V1.0.0/Drivers/STM32N6xx_HAL_Driver/Src/stm32n6xx_hal_sd.c:1145:19:HAL_SD_WriteBlocks_IT	40	static
D:/modify_project/STM32Cube_FW_N6_V1.0.0/Drivers/STM32N6xx_HAL_Driver/Src/stm32n6xx_hal_sd.c:1242:19:HAL_SD_ReadBlocks_DMA	48	static
D:/modify_project/STM32Cube_FW_N6_V1.0.0/Drivers/STM32N6xx_HAL_Driver/Src/stm32n6xx_hal_sd.c:1340:19:HAL_SD_WriteBlocks_DMA	48	static
D:/modify_project/STM32Cube_FW_N6_V1.0.0/Drivers/STM32N6xx_HAL_Driver/Src/stm32n6xx_hal_sd.c:1435:19:HAL_SD_Erase	24	static
D:/modify_project/STM32Cube_FW_N6_V1.0.0/Drivers/STM32N6xx_HAL_Driver/Src/stm32n6xx_hal_sd.c:1749:21:HAL_SD_GetState	0	static
D:/modify_project/STM32Cube_FW_N6_V1.0.0/Drivers/STM32N6xx_HAL_Driver/Src/stm32n6xx_hal_sd.c:1760:10:HAL_SD_GetError	0	static
D:/modify_project/STM32Cube_FW_N6_V1.0.0/Drivers/STM32N6xx_HAL_Driver/Src/stm32n6xx_hal_sd.c:1770:13:HAL_SD_TxCpltCallback	0	static
D:/modify_project/STM32Cube_FW_N6_V1.0.0/Drivers/STM32N6xx_HAL_Driver/Src/stm32n6xx_hal_sd.c:1785:13:HAL_SD_RxCpltCallback	0	static
D:/modify_project/STM32Cube_FW_N6_V1.0.0/Drivers/STM32N6xx_HAL_Driver/Src/stm32n6xx_hal_sd.c:1800:13:HAL_SD_ErrorCallback	0	static
D:/modify_project/STM32Cube_FW_N6_V1.0.0/Drivers/STM32N6xx_HAL_Driver/Src/stm32n6xx_hal_sd.c:1815:13:HAL_SD_AbortCallback	0	static
D:/modify_project/STM32Cube_FW_N6_V1.0.0/Drivers/STM32N6xx_HAL_Driver/Src/stm32n6xx_hal_sd.c:2125:19:HAL_SD_GetCardCID	8	static
D:/modify_project/STM32Cube_FW_N6_V1.0.0/Drivers/STM32N6xx_HAL_Driver/Src/stm32n6xx_hal_sd.c:2158:19:HAL_SD_GetCardCSD	12	static
D:/modify_project/STM32Cube_FW_N6_V1.0.0/Drivers/STM32N6xx_HAL_Driver/Src/stm32n6xx_hal_sd.c:465:19:HAL_SD_InitCard	96	static
D:/modify_project/STM32Cube_FW_N6_V1.0.0/Drivers/STM32N6xx_HAL_Driver/Src/stm32n6xx_hal_sd.c:2272:19:HAL_SD_GetCardStatus	112	static
D:/modify_project/STM32Cube_FW_N6_V1.0.0/Drivers/STM32N6xx_HAL_Driver/Src/stm32n6xx_hal_sd.c:2341:19:HAL_SD_GetCardInfo	0	static
D:/modify_project/STM32Cube_FW_N6_V1.0.0/Drivers/STM32N6xx_HAL_Driver/Src/stm32n6xx_hal_sd.c:2366:19:HAL_SD_ConfigWideBusOperation	48	static
D:/modify_project/STM32Cube_FW_N6_V1.0.0/Drivers/STM32N6xx_HAL_Driver/Src/stm32n6xx_hal_sd.c:2836:25:HAL_SD_GetCardState	8	static
D:/modify_project/STM32Cube_FW_N6_V1.0.0/Drivers/STM32N6xx_HAL_Driver/Src/stm32n6xx_hal_sd.c:336:19:HAL_SD_Init	40	static
D:/modify_project/STM32Cube_FW_N6_V1.0.0/Drivers/STM32N6xx_HAL_Driver/Src/stm32n6xx_hal_sd.c:2538:19:HAL_SD_ConfigSpeedBusOperation	16	static
D:/modify_project/STM32Cube_FW_N6_V1.0.0/Drivers/STM32N6xx_HAL_Driver/Src/stm32n6xx_hal_sd.c:2859:19:HAL_SD_Abort	24	static
D:/modify_project/STM32Cube_FW_N6_V1.0.0/Drivers/STM32N6xx_HAL_Driver/Src/stm32n6xx_hal_sd.c:2955:19:HAL_SD_Abort_IT	16	static
D:/modify_project/STM32Cube_FW_N6_V1.0.0/Drivers/STM32N6xx_HAL_Driver/Src/stm32n6xx_hal_sd.c:4045:13:HAL_SDEx_Read_DMALnkLstBufCpltCallback	0	static
D:/modify_project/STM32Cube_FW_N6_V1.0.0/Drivers/STM32N6xx_HAL_Driver/Src/stm32n6xx_hal_sd.c:4059:13:HAL_SDEx_Write_DMALnkLstBufCpltCallback	0	static
D:/modify_project/STM32Cube_FW_N6_V1.0.0/Drivers/STM32N6xx_HAL_Driver/Src/stm32n6xx_hal_sd.c:1537:6:HAL_SD_IRQHandler	32	static
