D:/modify_project/STM32Cube_FW_N6_V1.0.0/Drivers/STM32N6xx_HAL_Driver/Src/stm32n6xx_hal_ltdc.c:3613:13:LTDC_SetConfig	64	static
D:/modify_project/STM32Cube_FW_N6_V1.0.0/Drivers/STM32N6xx_HAL_Driver/Src/stm32n6xx_hal_ltdc.c:3913:13:LTDC_SetCompositionConfig	0	static
D:/modify_project/STM32Cube_FW_N6_V1.0.0/Drivers/STM32N6xx_HAL_Driver/Src/stm32n6xx_hal_ltdc.c:3950:13:LTDC_SetPredefFormat	20	static
D:/modify_project/STM32Cube_FW_N6_V1.0.0/Drivers/STM32N6xx_HAL_Driver/Src/stm32n6xx_hal_ltdc.c:3436:13:LTDC_RetrieveUserConfig.constprop	32	static
D:/modify_project/STM32Cube_FW_N6_V1.0.0/Drivers/STM32N6xx_HAL_Driver/Src/stm32n6xx_hal_ltdc.c:416:13:HAL_LTDC_MspInit	0	static
D:/modify_project/STM32Cube_FW_N6_V1.0.0/Drivers/STM32N6xx_HAL_Driver/Src/stm32n6xx_hal_ltdc.c:236:19:HAL_LTDC_Init	16	static
D:/modify_project/STM32Cube_FW_N6_V1.0.0/Drivers/STM32N6xx_HAL_Driver/Src/stm32n6xx_hal_ltdc.c:432:13:HAL_LTDC_MspDeInit	0	static
D:/modify_project/STM32Cube_FW_N6_V1.0.0/Drivers/STM32N6xx_HAL_Driver/Src/stm32n6xx_hal_ltdc.c:346:19:HAL_LTDC_DeInit	16	static
D:/modify_project/STM32Cube_FW_N6_V1.0.0/Drivers/STM32N6xx_HAL_Driver/Src/stm32n6xx_hal_ltdc.c:646:19:HAL_LTDC_ConfigBurstLength	0	static
D:/modify_project/STM32Cube_FW_N6_V1.0.0/Drivers/STM32N6xx_HAL_Driver/Src/stm32n6xx_hal_ltdc.c:681:19:HAL_LTDC_ConfigUnderrunThreshold	0	static
D:/modify_project/STM32Cube_FW_N6_V1.0.0/Drivers/STM32N6xx_HAL_Driver/Src/stm32n6xx_hal_ltdc.c:927:13:HAL_LTDC_ErrorCallback	0	static
D:/modify_project/STM32Cube_FW_N6_V1.0.0/Drivers/STM32N6xx_HAL_Driver/Src/stm32n6xx_hal_ltdc.c:943:13:HAL_LTDC_LineEventCallback	0	static
D:/modify_project/STM32Cube_FW_N6_V1.0.0/Drivers/STM32N6xx_HAL_Driver/Src/stm32n6xx_hal_ltdc.c:959:13:HAL_LTDC_ReloadEventCallback	0	static
D:/modify_project/STM32Cube_FW_N6_V1.0.0/Drivers/STM32N6xx_HAL_Driver/Src/stm32n6xx_hal_ltdc.c:975:13:HAL_LTDC_WarningEventCallback	0	static
D:/modify_project/STM32Cube_FW_N6_V1.0.0/Drivers/STM32N6xx_HAL_Driver/Src/stm32n6xx_hal_ltdc.c:725:6:HAL_LTDC_IRQHandler	24	static
D:/modify_project/STM32Cube_FW_N6_V1.0.0/Drivers/STM32N6xx_HAL_Driver/Src/stm32n6xx_hal_ltdc.c:1025:19:HAL_LTDC_ConfigLayer	32	static
D:/modify_project/STM32Cube_FW_N6_V1.0.0/Drivers/STM32N6xx_HAL_Driver/Src/stm32n6xx_hal_ltdc.c:1084:19:HAL_LTDC_ConfigColorKeying	0	static
D:/modify_project/STM32Cube_FW_N6_V1.0.0/Drivers/STM32N6xx_HAL_Driver/Src/stm32n6xx_hal_ltdc.c:1122:19:HAL_LTDC_ConfigCLUT	20	static
D:/modify_project/STM32Cube_FW_N6_V1.0.0/Drivers/STM32N6xx_HAL_Driver/Src/stm32n6xx_hal_ltdc.c:1187:19:HAL_LTDC_ConfigGammaCorrection	216	static
D:/modify_project/STM32Cube_FW_N6_V1.0.0/Drivers/STM32N6xx_HAL_Driver/Src/stm32n6xx_hal_ltdc.c:1261:19:HAL_LTDC_EnableColorKeying	0	static
D:/modify_project/STM32Cube_FW_N6_V1.0.0/Drivers/STM32N6xx_HAL_Driver/Src/stm32n6xx_hal_ltdc.c:1296:19:HAL_LTDC_DisableColorKeying	0	static
D:/modify_project/STM32Cube_FW_N6_V1.0.0/Drivers/STM32N6xx_HAL_Driver/Src/stm32n6xx_hal_ltdc.c:1331:19:HAL_LTDC_EnableCLUT	0	static
D:/modify_project/STM32Cube_FW_N6_V1.0.0/Drivers/STM32N6xx_HAL_Driver/Src/stm32n6xx_hal_ltdc.c:1366:19:HAL_LTDC_DisableCLUT	0	static
D:/modify_project/STM32Cube_FW_N6_V1.0.0/Drivers/STM32N6xx_HAL_Driver/Src/stm32n6xx_hal_ltdc.c:1399:19:HAL_LTDC_EnableDither	0	static
D:/modify_project/STM32Cube_FW_N6_V1.0.0/Drivers/STM32N6xx_HAL_Driver/Src/stm32n6xx_hal_ltdc.c:1426:19:HAL_LTDC_DisableDither	0	static
D:/modify_project/STM32Cube_FW_N6_V1.0.0/Drivers/STM32N6xx_HAL_Driver/Src/stm32n6xx_hal_ltdc.c:1458:19:HAL_LTDC_EnableCRC	16	static
D:/modify_project/STM32Cube_FW_N6_V1.0.0/Drivers/STM32N6xx_HAL_Driver/Src/stm32n6xx_hal_ltdc.c:1506:19:HAL_LTDC_DisableCRC	0	static
D:/modify_project/STM32Cube_FW_N6_V1.0.0/Drivers/STM32N6xx_HAL_Driver/Src/stm32n6xx_hal_ltdc.c:1539:19:HAL_LTDC_EnableGammaCorrection	0	static
D:/modify_project/STM32Cube_FW_N6_V1.0.0/Drivers/STM32N6xx_HAL_Driver/Src/stm32n6xx_hal_ltdc.c:1566:19:HAL_LTDC_DisableGammaCorrection	0	static
D:/modify_project/STM32Cube_FW_N6_V1.0.0/Drivers/STM32N6xx_HAL_Driver/Src/stm32n6xx_hal_ltdc.c:1596:19:HAL_LTDC_SetWindowSize	48	static
D:/modify_project/STM32Cube_FW_N6_V1.0.0/Drivers/STM32N6xx_HAL_Driver/Src/stm32n6xx_hal_ltdc.c:1654:19:HAL_LTDC_SetWindowPosition	48	static
D:/modify_project/STM32Cube_FW_N6_V1.0.0/Drivers/STM32N6xx_HAL_Driver/Src/stm32n6xx_hal_ltdc.c:1707:19:HAL_LTDC_SetPixelFormat	48	static
D:/modify_project/STM32Cube_FW_N6_V1.0.0/Drivers/STM32N6xx_HAL_Driver/Src/stm32n6xx_hal_ltdc.c:1757:19:HAL_LTDC_SetAlpha	0	static
D:/modify_project/STM32Cube_FW_N6_V1.0.0/Drivers/STM32N6xx_HAL_Driver/Src/stm32n6xx_hal_ltdc.c:1799:19:HAL_LTDC_SetAddress	48	static
D:/modify_project/STM32Cube_FW_N6_V1.0.0/Drivers/STM32N6xx_HAL_Driver/Src/stm32n6xx_hal_ltdc.c:1850:19:HAL_LTDC_SetPitch	12	static
D:/modify_project/STM32Cube_FW_N6_V1.0.0/Drivers/STM32N6xx_HAL_Driver/Src/stm32n6xx_hal_ltdc.c:1923:19:HAL_LTDC_SetExpectedCRC	0	static
D:/modify_project/STM32Cube_FW_N6_V1.0.0/Drivers/STM32N6xx_HAL_Driver/Src/stm32n6xx_hal_ltdc.c:1957:19:HAL_LTDC_GetComputedCRC	0	static
D:/modify_project/STM32Cube_FW_N6_V1.0.0/Drivers/STM32N6xx_HAL_Driver/Src/stm32n6xx_hal_ltdc.c:1985:19:HAL_LTDC_ProgramLineEvent	0	static
D:/modify_project/STM32Cube_FW_N6_V1.0.0/Drivers/STM32N6xx_HAL_Driver/Src/stm32n6xx_hal_ltdc.c:2024:20:HAL_LTDC_Reload	0	static
D:/modify_project/STM32Cube_FW_N6_V1.0.0/Drivers/STM32N6xx_HAL_Driver/Src/stm32n6xx_hal_ltdc.c:2070:19:HAL_LTDC_ReloadLayer	8	static
D:/modify_project/STM32Cube_FW_N6_V1.0.0/Drivers/STM32N6xx_HAL_Driver/Src/stm32n6xx_hal_ltdc.c:2114:19:HAL_LTDC_SetOutputDisplay	0	static
D:/modify_project/STM32Cube_FW_N6_V1.0.0/Drivers/STM32N6xx_HAL_Driver/Src/stm32n6xx_hal_ltdc.c:2150:19:HAL_LTDC_ConfigLayer_NoReload	32	static
D:/modify_project/STM32Cube_FW_N6_V1.0.0/Drivers/STM32N6xx_HAL_Driver/Src/stm32n6xx_hal_ltdc.c:2206:19:HAL_LTDC_SetWindowSize_NoReload	56	static
D:/modify_project/STM32Cube_FW_N6_V1.0.0/Drivers/STM32N6xx_HAL_Driver/Src/stm32n6xx_hal_ltdc.c:2263:19:HAL_LTDC_SetWindowPosition_NoReload	56	static
D:/modify_project/STM32Cube_FW_N6_V1.0.0/Drivers/STM32N6xx_HAL_Driver/Src/stm32n6xx_hal_ltdc.c:2315:19:HAL_LTDC_SetPixelFormat_NoReload	48	static
D:/modify_project/STM32Cube_FW_N6_V1.0.0/Drivers/STM32N6xx_HAL_Driver/Src/stm32n6xx_hal_ltdc.c:2363:19:HAL_LTDC_SetAlpha_NoReload	0	static
D:/modify_project/STM32Cube_FW_N6_V1.0.0/Drivers/STM32N6xx_HAL_Driver/Src/stm32n6xx_hal_ltdc.c:2398:19:HAL_LTDC_SetAddress_NoReload	48	static
D:/modify_project/STM32Cube_FW_N6_V1.0.0/Drivers/STM32N6xx_HAL_Driver/Src/stm32n6xx_hal_ltdc.c:2447:19:HAL_LTDC_SetPitch_NoReload	8	static
D:/modify_project/STM32Cube_FW_N6_V1.0.0/Drivers/STM32N6xx_HAL_Driver/Src/stm32n6xx_hal_ltdc.c:2512:19:HAL_LTDC_EnableColorKeying_NoReload	0	static
D:/modify_project/STM32Cube_FW_N6_V1.0.0/Drivers/STM32N6xx_HAL_Driver/Src/stm32n6xx_hal_ltdc.c:2545:19:HAL_LTDC_DisableColorKeying_NoReload	0	static
D:/modify_project/STM32Cube_FW_N6_V1.0.0/Drivers/STM32N6xx_HAL_Driver/Src/stm32n6xx_hal_ltdc.c:2578:19:HAL_LTDC_EnableCLUT_NoReload	0	static
D:/modify_project/STM32Cube_FW_N6_V1.0.0/Drivers/STM32N6xx_HAL_Driver/Src/stm32n6xx_hal_ltdc.c:2611:19:HAL_LTDC_DisableCLUT_NoReload	0	static
D:/modify_project/STM32Cube_FW_N6_V1.0.0/Drivers/STM32N6xx_HAL_Driver/Src/stm32n6xx_hal_ltdc.c:2660:23:HAL_LTDC_GetState	0	static
D:/modify_project/STM32Cube_FW_N6_V1.0.0/Drivers/STM32N6xx_HAL_Driver/Src/stm32n6xx_hal_ltdc.c:2671:10:HAL_LTDC_GetError	0	static
D:/modify_project/STM32Cube_FW_N6_V1.0.0/Drivers/STM32N6xx_HAL_Driver/Src/stm32n6xx_hal_ltdc.c:2705:19:HAL_LTDC_SetFullPlanarAddress	48	static
D:/modify_project/STM32Cube_FW_N6_V1.0.0/Drivers/STM32N6xx_HAL_Driver/Src/stm32n6xx_hal_ltdc.c:2761:19:HAL_LTDC_SetSemiPlanarAddress	48	static
D:/modify_project/STM32Cube_FW_N6_V1.0.0/Drivers/STM32N6xx_HAL_Driver/Src/stm32n6xx_hal_ltdc.c:2815:19:HAL_LTDC_SetFullPlanarAddress_NoReload	48	static
D:/modify_project/STM32Cube_FW_N6_V1.0.0/Drivers/STM32N6xx_HAL_Driver/Src/stm32n6xx_hal_ltdc.c:2868:19:HAL_LTDC_SetSemiPlanarAddress_NoReload	48	static
D:/modify_project/STM32Cube_FW_N6_V1.0.0/Drivers/STM32N6xx_HAL_Driver/Src/stm32n6xx_hal_ltdc.c:2923:19:HAL_LTDC_ConfigMirror	48	static
D:/modify_project/STM32Cube_FW_N6_V1.0.0/Drivers/STM32N6xx_HAL_Driver/Src/stm32n6xx_hal_ltdc.c:2973:19:HAL_LTDC_ConfigLayerFlexARGB	32	static
D:/modify_project/STM32Cube_FW_N6_V1.0.0/Drivers/STM32N6xx_HAL_Driver/Src/stm32n6xx_hal_ltdc.c:3058:19:HAL_LTDC_ConfigLayerFlexYUVCoPlanar	32	static
D:/modify_project/STM32Cube_FW_N6_V1.0.0/Drivers/STM32N6xx_HAL_Driver/Src/stm32n6xx_hal_ltdc.c:3140:19:HAL_LTDC_ConfigLayerFlexYUVSemiPlanar	32	static
D:/modify_project/STM32Cube_FW_N6_V1.0.0/Drivers/STM32N6xx_HAL_Driver/Src/stm32n6xx_hal_ltdc.c:3223:19:HAL_LTDC_ConfigLayerFlexYUVFullPlanar	32	static
D:/modify_project/STM32Cube_FW_N6_V1.0.0/Drivers/STM32N6xx_HAL_Driver/Src/stm32n6xx_hal_ltdc.c:3300:19:HAL_LTDC_EnableDefaultColor	0	static
D:/modify_project/STM32Cube_FW_N6_V1.0.0/Drivers/STM32N6xx_HAL_Driver/Src/stm32n6xx_hal_ltdc.c:3340:19:HAL_LTDC_DisableDefaultColor	0	static
D:/modify_project/STM32Cube_FW_N6_V1.0.0/Drivers/STM32N6xx_HAL_Driver/Src/stm32n6xx_hal_ltdc.c:3382:19:HAL_LTDC_ConfigBlendingOrder	0	static
