D:/modify_project/STM32Cube_FW_N6_V1.0.0/Drivers/STM32N6xx_HAL_Driver/Inc/stm32n6xx_ll_adc.h:3440:22:LL_ADC_SetOffsetLevel	0	static
D:/modify_project/STM32Cube_FW_N6_V1.0.0/Drivers/STM32N6xx_HAL_Driver/Inc/stm32n6xx_ll_adc.h:6188:26:LL_ADC_IsEnabled	0	static
D:/modify_project/STM32Cube_FW_N6_V1.0.0/Drivers/STM32N6xx_HAL_Driver/Inc/stm32n6xx_ll_adc.h:6360:26:LL_ADC_REG_IsConversionOngoing	0	static
D:/modify_project/STM32Cube_FW_N6_V1.0.0/Drivers/STM32N6xx_HAL_Driver/Inc/stm32n6xx_ll_adc.h:6556:26:LL_ADC_INJ_IsConversionOngoing	0	static
D:/modify_project/STM32Cube_FW_N6_V1.0.0/Drivers/STM32N6xx_HAL_Driver/Src/stm32n6xx_hal_adc_ex.c:2303:19:ADC_Calibration_MeasureOffset	32	static
D:/modify_project/STM32Cube_FW_N6_V1.0.0/Drivers/STM32N6xx_HAL_Driver/Src/stm32n6xx_hal_adc_ex.c:134:19:HAL_ADCEx_Calibration_Start	56	static
D:/modify_project/STM32Cube_FW_N6_V1.0.0/Drivers/STM32N6xx_HAL_Driver/Src/stm32n6xx_hal_adc_ex.c:289:10:HAL_ADCEx_Calibration_GetValue	0	static
D:/modify_project/STM32Cube_FW_N6_V1.0.0/Drivers/STM32N6xx_HAL_Driver/Src/stm32n6xx_hal_adc_ex.c:309:19:HAL_ADCEx_Calibration_SetValue	16	static
D:/modify_project/STM32Cube_FW_N6_V1.0.0/Drivers/STM32N6xx_HAL_Driver/Src/stm32n6xx_hal_adc_ex.c:362:19:HAL_ADCEx_InjectedStart	16	static
D:/modify_project/STM32Cube_FW_N6_V1.0.0/Drivers/STM32N6xx_HAL_Driver/Src/stm32n6xx_hal_adc_ex.c:485:19:HAL_ADCEx_InjectedStop	8	static
D:/modify_project/STM32Cube_FW_N6_V1.0.0/Drivers/STM32N6xx_HAL_Driver/Src/stm32n6xx_hal_adc_ex.c:538:19:HAL_ADCEx_InjectedPollForConversion	24	static
D:/modify_project/STM32Cube_FW_N6_V1.0.0/Drivers/STM32N6xx_HAL_Driver/Src/stm32n6xx_hal_adc_ex.c:670:19:HAL_ADCEx_InjectedStart_IT	16	static
D:/modify_project/STM32Cube_FW_N6_V1.0.0/Drivers/STM32N6xx_HAL_Driver/Src/stm32n6xx_hal_adc_ex.c:810:19:HAL_ADCEx_InjectedStop_IT	8	static
D:/modify_project/STM32Cube_FW_N6_V1.0.0/Drivers/STM32N6xx_HAL_Driver/Src/stm32n6xx_hal_adc_ex.c:877:19:HAL_ADCEx_MultiModeStart_DMA	232	static
D:/modify_project/STM32Cube_FW_N6_V1.0.0/Drivers/STM32N6xx_HAL_Driver/Src/stm32n6xx_hal_adc_ex.c:1056:19:HAL_ADCEx_MultiModeStop_DMA	112	static
D:/modify_project/STM32Cube_FW_N6_V1.0.0/Drivers/STM32N6xx_HAL_Driver/Src/stm32n6xx_hal_adc_ex.c:1190:10:HAL_ADCEx_MultiModeGetValue	0	static
D:/modify_project/STM32Cube_FW_N6_V1.0.0/Drivers/STM32N6xx_HAL_Driver/Src/stm32n6xx_hal_adc_ex.c:1241:10:HAL_ADCEx_InjectedGetValue	0	static
D:/modify_project/STM32Cube_FW_N6_V1.0.0/Drivers/STM32N6xx_HAL_Driver/Src/stm32n6xx_hal_adc_ex.c:1299:9:HAL_ADCEx_InjectedGetSignedValue	0	static
D:/modify_project/STM32Cube_FW_N6_V1.0.0/Drivers/STM32N6xx_HAL_Driver/Src/stm32n6xx_hal_adc_ex.c:1334:13:HAL_ADCEx_InjectedConvCpltCallback	0	static
D:/modify_project/STM32Cube_FW_N6_V1.0.0/Drivers/STM32N6xx_HAL_Driver/Src/stm32n6xx_hal_adc_ex.c:1349:13:HAL_ADCEx_LevelOutOfWindow2Callback	0	static
D:/modify_project/STM32Cube_FW_N6_V1.0.0/Drivers/STM32N6xx_HAL_Driver/Src/stm32n6xx_hal_adc_ex.c:1364:13:HAL_ADCEx_LevelOutOfWindow3Callback	0	static
D:/modify_project/STM32Cube_FW_N6_V1.0.0/Drivers/STM32N6xx_HAL_Driver/Src/stm32n6xx_hal_adc_ex.c:1380:13:HAL_ADCEx_EndOfSamplingCallback	0	static
D:/modify_project/STM32Cube_FW_N6_V1.0.0/Drivers/STM32N6xx_HAL_Driver/Src/stm32n6xx_hal_adc_ex.c:1397:19:HAL_ADCEx_RegularStop	8	static
D:/modify_project/STM32Cube_FW_N6_V1.0.0/Drivers/STM32N6xx_HAL_Driver/Src/stm32n6xx_hal_adc_ex.c:1453:19:HAL_ADCEx_RegularStop_IT	8	static
D:/modify_project/STM32Cube_FW_N6_V1.0.0/Drivers/STM32N6xx_HAL_Driver/Src/stm32n6xx_hal_adc_ex.c:1511:19:HAL_ADCEx_RegularStop_DMA	16	static
D:/modify_project/STM32Cube_FW_N6_V1.0.0/Drivers/STM32N6xx_HAL_Driver/Src/stm32n6xx_hal_adc_ex.c:1597:19:HAL_ADCEx_RegularMultiModeStop_DMA	112	static
D:/modify_project/STM32Cube_FW_N6_V1.0.0/Drivers/STM32N6xx_HAL_Driver/Src/stm32n6xx_hal_adc_ex.c:1759:19:HAL_ADCEx_InjectedConfigChannel	32	static
D:/modify_project/STM32Cube_FW_N6_V1.0.0/Drivers/STM32N6xx_HAL_Driver/Src/stm32n6xx_hal_adc_ex.c:2135:19:HAL_ADCEx_MultiModeConfigChannel	112	static
D:/modify_project/STM32Cube_FW_N6_V1.0.0/Drivers/STM32N6xx_HAL_Driver/Src/stm32n6xx_hal_adc_ex.c:2264:19:HAL_ADCEx_EnterADCDeepPowerDownMode	8	static
