D:/modify_project/STM32Cube_FW_N6_V1.0.0/Drivers/STM32N6xx_HAL_Driver/Src/stm32n6xx_hal_dma.c:275:19:HAL_DMA_Init	16	static
D:/modify_project/STM32Cube_FW_N6_V1.0.0/Drivers/STM32N6xx_HAL_Driver/Src/stm32n6xx_hal_dma.c:374:19:HAL_DMA_DeInit	16	static
D:/modify_project/STM32Cube_FW_N6_V1.0.0/Drivers/STM32N6xx_HAL_Driver/Src/stm32n6xx_hal_dma.c:501:19:HAL_DMA_Start	12	static
D:/modify_project/STM32Cube_FW_N6_V1.0.0/Drivers/STM32N6xx_HAL_Driver/Src/stm32n6xx_hal_dma.c:556:19:HAL_DMA_Start_IT	12	static
D:/modify_project/STM32Cube_FW_N6_V1.0.0/Drivers/STM32N6xx_HAL_Driver/Src/stm32n6xx_hal_dma.c:628:19:HAL_DMA_Abort	16	static
D:/modify_project/STM32Cube_FW_N6_V1.0.0/Drivers/STM32N6xx_HAL_Driver/Src/stm32n6xx_hal_dma.c:720:19:HAL_DMA_Abort_IT	0	static
D:/modify_project/STM32Cube_FW_N6_V1.0.0/Drivers/STM32N6xx_HAL_Driver/Src/stm32n6xx_hal_dma.c:756:19:HAL_DMA_PollForTransfer	24	static
D:/modify_project/STM32Cube_FW_N6_V1.0.0/Drivers/STM32N6xx_HAL_Driver/Src/stm32n6xx_hal_dma.c:928:6:HAL_DMA_IRQHandler	16	static
D:/modify_project/STM32Cube_FW_N6_V1.0.0/Drivers/STM32N6xx_HAL_Driver/Src/stm32n6xx_hal_dma.c:1164:19:HAL_DMA_RegisterCallback	8	static
D:/modify_project/STM32Cube_FW_N6_V1.0.0/Drivers/STM32N6xx_HAL_Driver/Src/stm32n6xx_hal_dma.c:1243:19:HAL_DMA_UnRegisterCallback	0	static
D:/modify_project/STM32Cube_FW_N6_V1.0.0/Drivers/STM32N6xx_HAL_Driver/Src/stm32n6xx_hal_dma.c:1351:22:HAL_DMA_GetState	0	static
D:/modify_project/STM32Cube_FW_N6_V1.0.0/Drivers/STM32N6xx_HAL_Driver/Src/stm32n6xx_hal_dma.c:1363:10:HAL_DMA_GetError	0	static
D:/modify_project/STM32Cube_FW_N6_V1.0.0/Drivers/STM32N6xx_HAL_Driver/Src/stm32n6xx_hal_dma.c:1407:19:HAL_DMA_ConfigChannelAttributes	8	static
D:/modify_project/STM32Cube_FW_N6_V1.0.0/Drivers/STM32N6xx_HAL_Driver/Src/stm32n6xx_hal_dma.c:1495:19:HAL_DMA_GetConfigChannelAttributes	8	static
D:/modify_project/STM32Cube_FW_N6_V1.0.0/Drivers/STM32N6xx_HAL_Driver/Src/stm32n6xx_hal_dma.c:1542:19:HAL_DMA_SetIsolationAttributes	0	static
D:/modify_project/STM32Cube_FW_N6_V1.0.0/Drivers/STM32N6xx_HAL_Driver/Src/stm32n6xx_hal_dma.c:1580:19:HAL_DMA_GetIsolationAttributes	0	static
D:/modify_project/STM32Cube_FW_N6_V1.0.0/Drivers/STM32N6xx_HAL_Driver/Src/stm32n6xx_hal_dma.c:1617:19:HAL_DMA_LockChannelAttributes	0	static
D:/modify_project/STM32Cube_FW_N6_V1.0.0/Drivers/STM32N6xx_HAL_Driver/Src/stm32n6xx_hal_dma.c:1649:19:HAL_DMA_GetLockChannelAttributes	0	static
