D:/modify_project/STM32Cube_FW_N6_V1.0.0/Drivers/STM32N6xx_HAL_Driver/Src/stm32n6xx_hal_uart.c:3676:13:UART_EndTxTransfer	0	static,ignoring_inline_asm
D:/modify_project/STM32Cube_FW_N6_V1.0.0/Drivers/STM32N6xx_HAL_Driver/Src/stm32n6xx_hal_uart.c:3693:13:UART_EndRxTransfer	8	static,ignoring_inline_asm
D:/modify_project/STM32Cube_FW_N6_V1.0.0/Drivers/STM32N6xx_HAL_Driver/Src/stm32n6xx_hal_uart.c:4107:13:UART_TxISR_8BIT.part.0	0	static,ignoring_inline_asm
D:/modify_project/STM32Cube_FW_N6_V1.0.0/Drivers/STM32N6xx_HAL_Driver/Src/stm32n6xx_hal_uart.c:4107:13:UART_TxISR_8BIT	0	static
D:/modify_project/STM32Cube_FW_N6_V1.0.0/Drivers/STM32N6xx_HAL_Driver/Src/stm32n6xx_hal_uart.c:4136:13:UART_TxISR_16BIT	0	static
D:/modify_project/STM32Cube_FW_N6_V1.0.0/Drivers/STM32N6xx_HAL_Driver/Src/stm32n6xx_hal_uart.c:4168:13:UART_TxISR_8BIT_FIFOEN	8	static,ignoring_inline_asm
D:/modify_project/STM32Cube_FW_N6_V1.0.0/Drivers/STM32N6xx_HAL_Driver/Src/stm32n6xx_hal_uart.c:4208:13:UART_TxISR_16BIT_FIFOEN	8	static,ignoring_inline_asm
D:/modify_project/STM32Cube_FW_N6_V1.0.0/Drivers/STM32N6xx_HAL_Driver/Src/stm32n6xx_hal_uart.c:681:13:HAL_UART_MspInit	0	static
D:/modify_project/STM32Cube_FW_N6_V1.0.0/Drivers/STM32N6xx_HAL_Driver/Src/stm32n6xx_hal_uart.c:696:13:HAL_UART_MspDeInit	0	static
D:/modify_project/STM32Cube_FW_N6_V1.0.0/Drivers/STM32N6xx_HAL_Driver/Src/stm32n6xx_hal_uart.c:634:19:HAL_UART_DeInit	16	static
D:/modify_project/STM32Cube_FW_N6_V1.0.0/Drivers/STM32N6xx_HAL_Driver/Src/stm32n6xx_hal_uart.c:1293:19:HAL_UART_Transmit_IT	0	static,ignoring_inline_asm
D:/modify_project/STM32Cube_FW_N6_V1.0.0/Drivers/STM32N6xx_HAL_Driver/Src/stm32n6xx_hal_uart.c:1403:19:HAL_UART_Transmit_DMA	16	static,ignoring_inline_asm
D:/modify_project/STM32Cube_FW_N6_V1.0.0/Drivers/STM32N6xx_HAL_Driver/Src/stm32n6xx_hal_uart.c:1548:19:HAL_UART_DMAPause	16	static,ignoring_inline_asm
D:/modify_project/STM32Cube_FW_N6_V1.0.0/Drivers/STM32N6xx_HAL_Driver/Src/stm32n6xx_hal_uart.c:1610:19:HAL_UART_DMAResume	8	static,ignoring_inline_asm
D:/modify_project/STM32Cube_FW_N6_V1.0.0/Drivers/STM32N6xx_HAL_Driver/Src/stm32n6xx_hal_uart.c:1659:19:HAL_UART_DMAStop	16	static,ignoring_inline_asm
D:/modify_project/STM32Cube_FW_N6_V1.0.0/Drivers/STM32N6xx_HAL_Driver/Src/stm32n6xx_hal_uart.c:1735:19:HAL_UART_Abort	8	static,ignoring_inline_asm
D:/modify_project/STM32Cube_FW_N6_V1.0.0/Drivers/STM32N6xx_HAL_Driver/Src/stm32n6xx_hal_uart.c:1840:19:HAL_UART_AbortTransmit	8	static,ignoring_inline_asm
D:/modify_project/STM32Cube_FW_N6_V1.0.0/Drivers/STM32N6xx_HAL_Driver/Src/stm32n6xx_hal_uart.c:1901:19:HAL_UART_AbortReceive	8	static,ignoring_inline_asm
D:/modify_project/STM32Cube_FW_N6_V1.0.0/Drivers/STM32N6xx_HAL_Driver/Src/stm32n6xx_hal_uart.c:2672:13:HAL_UART_TxCpltCallback	0	static
D:/modify_project/STM32Cube_FW_N6_V1.0.0/Drivers/STM32N6xx_HAL_Driver/Src/stm32n6xx_hal_uart.c:3720:13:UART_DMATransmitCplt	8	static,ignoring_inline_asm
D:/modify_project/STM32Cube_FW_N6_V1.0.0/Drivers/STM32N6xx_HAL_Driver/Src/stm32n6xx_hal_uart.c:2687:13:HAL_UART_TxHalfCpltCallback	0	static
D:/modify_project/STM32Cube_FW_N6_V1.0.0/Drivers/STM32N6xx_HAL_Driver/Src/stm32n6xx_hal_uart.c:3754:13:UART_DMATxHalfCplt	8	static
D:/modify_project/STM32Cube_FW_N6_V1.0.0/Drivers/STM32N6xx_HAL_Driver/Src/stm32n6xx_hal_uart.c:2702:13:HAL_UART_RxCpltCallback	0	static
D:/modify_project/STM32Cube_FW_N6_V1.0.0/Drivers/STM32N6xx_HAL_Driver/Src/stm32n6xx_hal_uart.c:2717:13:HAL_UART_RxHalfCpltCallback	0	static
D:/modify_project/STM32Cube_FW_N6_V1.0.0/Drivers/STM32N6xx_HAL_Driver/Src/stm32n6xx_hal_uart.c:2732:13:HAL_UART_ErrorCallback	0	static
D:/modify_project/STM32Cube_FW_N6_V1.0.0/Drivers/STM32N6xx_HAL_Driver/Src/stm32n6xx_hal_uart.c:3871:13:UART_DMAError	16	static
D:/modify_project/STM32Cube_FW_N6_V1.0.0/Drivers/STM32N6xx_HAL_Driver/Src/stm32n6xx_hal_uart.c:3911:13:UART_DMAAbortOnError	8	static
D:/modify_project/STM32Cube_FW_N6_V1.0.0/Drivers/STM32N6xx_HAL_Driver/Src/stm32n6xx_hal_uart.c:2747:13:HAL_UART_AbortCpltCallback	0	static
D:/modify_project/STM32Cube_FW_N6_V1.0.0/Drivers/STM32N6xx_HAL_Driver/Src/stm32n6xx_hal_uart.c:1971:19:HAL_UART_Abort_IT	16	static,ignoring_inline_asm
D:/modify_project/STM32Cube_FW_N6_V1.0.0/Drivers/STM32N6xx_HAL_Driver/Src/stm32n6xx_hal_uart.c:3988:13:UART_DMARxAbortCallback	8	static
D:/modify_project/STM32Cube_FW_N6_V1.0.0/Drivers/STM32N6xx_HAL_Driver/Src/stm32n6xx_hal_uart.c:3933:13:UART_DMATxAbortCallback	8	static
D:/modify_project/STM32Cube_FW_N6_V1.0.0/Drivers/STM32N6xx_HAL_Driver/Src/stm32n6xx_hal_uart.c:2762:13:HAL_UART_AbortTransmitCpltCallback	0	static
D:/modify_project/STM32Cube_FW_N6_V1.0.0/Drivers/STM32N6xx_HAL_Driver/Src/stm32n6xx_hal_uart.c:2126:19:HAL_UART_AbortTransmit_IT	8	static,ignoring_inline_asm
D:/modify_project/STM32Cube_FW_N6_V1.0.0/Drivers/STM32N6xx_HAL_Driver/Src/stm32n6xx_hal_uart.c:4040:13:UART_DMATxOnlyAbortCallback	8	static
D:/modify_project/STM32Cube_FW_N6_V1.0.0/Drivers/STM32N6xx_HAL_Driver/Src/stm32n6xx_hal_uart.c:2777:13:HAL_UART_AbortReceiveCpltCallback	0	static
D:/modify_project/STM32Cube_FW_N6_V1.0.0/Drivers/STM32N6xx_HAL_Driver/Src/stm32n6xx_hal_uart.c:2219:19:HAL_UART_AbortReceive_IT	8	static,ignoring_inline_asm
D:/modify_project/STM32Cube_FW_N6_V1.0.0/Drivers/STM32N6xx_HAL_Driver/Src/stm32n6xx_hal_uart.c:4073:13:UART_DMARxOnlyAbortCallback	8	static
D:/modify_project/STM32Cube_FW_N6_V1.0.0/Drivers/STM32N6xx_HAL_Driver/Src/stm32n6xx_hal_uart.c:2794:13:HAL_UARTEx_RxEventCallback	0	static
D:/modify_project/STM32Cube_FW_N6_V1.0.0/Drivers/STM32N6xx_HAL_Driver/Src/stm32n6xx_hal_uart.c:2314:6:HAL_UART_IRQHandler	24	static,ignoring_inline_asm
D:/modify_project/STM32Cube_FW_N6_V1.0.0/Drivers/STM32N6xx_HAL_Driver/Src/stm32n6xx_hal_uart.c:4274:13:UART_RxISR_8BIT	8	static,ignoring_inline_asm
D:/modify_project/STM32Cube_FW_N6_V1.0.0/Drivers/STM32N6xx_HAL_Driver/Src/stm32n6xx_hal_uart.c:4365:13:UART_RxISR_16BIT	8	static,ignoring_inline_asm
D:/modify_project/STM32Cube_FW_N6_V1.0.0/Drivers/STM32N6xx_HAL_Driver/Src/stm32n6xx_hal_uart.c:4458:13:UART_RxISR_8BIT_FIFOEN	32	static,ignoring_inline_asm
D:/modify_project/STM32Cube_FW_N6_V1.0.0/Drivers/STM32N6xx_HAL_Driver/Src/stm32n6xx_hal_uart.c:4621:13:UART_RxISR_16BIT_FIFOEN	32	static,ignoring_inline_asm
D:/modify_project/STM32Cube_FW_N6_V1.0.0/Drivers/STM32N6xx_HAL_Driver/Src/stm32n6xx_hal_uart.c:3833:13:UART_DMARxHalfCplt	8	static
D:/modify_project/STM32Cube_FW_N6_V1.0.0/Drivers/STM32N6xx_HAL_Driver/Src/stm32n6xx_hal_uart.c:3772:13:UART_DMAReceiveCplt	8	static,ignoring_inline_asm
D:/modify_project/STM32Cube_FW_N6_V1.0.0/Drivers/STM32N6xx_HAL_Driver/Src/stm32n6xx_hal_uart.c:2842:6:HAL_UART_ReceiverTimeout_Config	0	static
D:/modify_project/STM32Cube_FW_N6_V1.0.0/Drivers/STM32N6xx_HAL_Driver/Src/stm32n6xx_hal_uart.c:2857:19:HAL_UART_EnableReceiverTimeout	0	static
D:/modify_project/STM32Cube_FW_N6_V1.0.0/Drivers/STM32N6xx_HAL_Driver/Src/stm32n6xx_hal_uart.c:2895:19:HAL_UART_DisableReceiverTimeout	0	static
D:/modify_project/STM32Cube_FW_N6_V1.0.0/Drivers/STM32N6xx_HAL_Driver/Src/stm32n6xx_hal_uart.c:2973:6:HAL_MultiProcessor_EnterMuteMode	0	static
D:/modify_project/STM32Cube_FW_N6_V1.0.0/Drivers/STM32N6xx_HAL_Driver/Src/stm32n6xx_hal_uart.c:2983:19:HAL_HalfDuplex_EnableTransmitter	8	static,ignoring_inline_asm
D:/modify_project/STM32Cube_FW_N6_V1.0.0/Drivers/STM32N6xx_HAL_Driver/Src/stm32n6xx_hal_uart.c:3006:19:HAL_HalfDuplex_EnableReceiver	8	static,ignoring_inline_asm
D:/modify_project/STM32Cube_FW_N6_V1.0.0/Drivers/STM32N6xx_HAL_Driver/Src/stm32n6xx_hal_uart.c:3030:19:HAL_LIN_SendBreak	0	static
D:/modify_project/STM32Cube_FW_N6_V1.0.0/Drivers/STM32N6xx_HAL_Driver/Src/stm32n6xx_hal_uart.c:3075:23:HAL_UART_GetState	0	static
D:/modify_project/STM32Cube_FW_N6_V1.0.0/Drivers/STM32N6xx_HAL_Driver/Src/stm32n6xx_hal_uart.c:3091:10:HAL_UART_GetError	0	static
D:/modify_project/STM32Cube_FW_N6_V1.0.0/Drivers/STM32N6xx_HAL_Driver/Src/stm32n6xx_hal_uart.c:3137:19:UART_SetConfig	24	static
D:/modify_project/STM32Cube_FW_N6_V1.0.0/Drivers/STM32N6xx_HAL_Driver/Src/stm32n6xx_hal_uart.c:3294:6:UART_AdvFeatureConfig	8	static
D:/modify_project/STM32Cube_FW_N6_V1.0.0/Drivers/STM32N6xx_HAL_Driver/Src/stm32n6xx_hal_uart.c:3439:19:UART_WaitOnFlagUntilTimeout	32	static
D:/modify_project/STM32Cube_FW_N6_V1.0.0/Drivers/STM32N6xx_HAL_Driver/Src/stm32n6xx_hal_uart.c:1119:19:HAL_UART_Transmit	40	static
D:/modify_project/STM32Cube_FW_N6_V1.0.0/Drivers/STM32N6xx_HAL_Driver/Src/stm32n6xx_hal_uart.c:1209:19:HAL_UART_Receive	40	static
D:/modify_project/STM32Cube_FW_N6_V1.0.0/Drivers/STM32N6xx_HAL_Driver/Src/stm32n6xx_hal_uart.c:3370:19:UART_CheckIdleState	24	static,ignoring_inline_asm
D:/modify_project/STM32Cube_FW_N6_V1.0.0/Drivers/STM32N6xx_HAL_Driver/Src/stm32n6xx_hal_uart.c:309:19:HAL_UART_Init	8	static
D:/modify_project/STM32Cube_FW_N6_V1.0.0/Drivers/STM32N6xx_HAL_Driver/Src/stm32n6xx_hal_uart.c:384:19:HAL_HalfDuplex_Init	8	static
D:/modify_project/STM32Cube_FW_N6_V1.0.0/Drivers/STM32N6xx_HAL_Driver/Src/stm32n6xx_hal_uart.c:459:19:HAL_LIN_Init	16	static
D:/modify_project/STM32Cube_FW_N6_V1.0.0/Drivers/STM32N6xx_HAL_Driver/Src/stm32n6xx_hal_uart.c:558:19:HAL_MultiProcessor_Init	16	static
D:/modify_project/STM32Cube_FW_N6_V1.0.0/Drivers/STM32N6xx_HAL_Driver/Src/stm32n6xx_hal_uart.c:2933:19:HAL_MultiProcessor_EnableMuteMode	0	static,ignoring_inline_asm
D:/modify_project/STM32Cube_FW_N6_V1.0.0/Drivers/STM32N6xx_HAL_Driver/Src/stm32n6xx_hal_uart.c:2953:19:HAL_MultiProcessor_DisableMuteMode	0	static,ignoring_inline_asm
D:/modify_project/STM32Cube_FW_N6_V1.0.0/Drivers/STM32N6xx_HAL_Driver/Src/stm32n6xx_hal_uart.c:3507:19:UART_Start_Receive_IT	12	static,ignoring_inline_asm
D:/modify_project/STM32Cube_FW_N6_V1.0.0/Drivers/STM32N6xx_HAL_Driver/Src/stm32n6xx_hal_uart.c:1361:19:HAL_UART_Receive_IT	16	static,ignoring_inline_asm
D:/modify_project/STM32Cube_FW_N6_V1.0.0/Drivers/STM32N6xx_HAL_Driver/Src/stm32n6xx_hal_uart.c:3580:19:UART_Start_Receive_DMA	16	static,ignoring_inline_asm
D:/modify_project/STM32Cube_FW_N6_V1.0.0/Drivers/STM32N6xx_HAL_Driver/Src/stm32n6xx_hal_uart.c:1512:19:HAL_UART_Receive_DMA	8	static,ignoring_inline_asm
