../Middlewares/FATFS/exfuns/fattester.c:71:6:mf_free	8	static
../Middlewares/FATFS/exfuns/fattester.c:49:9:mf_init	8	static
../Middlewares/FATFS/exfuns/fattester.c:83:9:mf_mount	0	static
../Middlewares/FATFS/exfuns/fattester.c:94:9:mf_open	0	static
../Middlewares/FATFS/exfuns/fattester.c:106:9:mf_close	8	static
../Middlewares/FATFS/exfuns/fattester.c:117:9:mf_read	40	static
../Middlewares/FATFS/exfuns/fattester.c:170:9:mf_write	24	static
../Middlewares/FATFS/exfuns/fattester.c:197:9:mf_opendir	0	static
../Middlewares/FATFS/exfuns/fattester.c:207:9:mf_closedir	0	static
../Middlewares/FATFS/exfuns/fattester.c:217:9:mf_readdir	16	static
../Middlewares/FATFS/exfuns/fattester.c:250:9:mf_scan_files	16	static
../Middlewares/FATFS/exfuns/fattester.c:282:10:mf_showfree	16	static
../Middlewares/FATFS/exfuns/fattester.c:323:9:mf_lseek	0	static
../Middlewares/FATFS/exfuns/fattester.c:333:10:mf_tell	0	static
../Middlewares/FATFS/exfuns/fattester.c:343:10:mf_size	0	static
../Middlewares/FATFS/exfuns/fattester.c:353:9:mf_mkdir	0	static
../Middlewares/FATFS/exfuns/fattester.c:365:9:mf_fmkfs	24	static
../Middlewares/FATFS/exfuns/fattester.c:378:9:mf_unlink	0	static
../Middlewares/FATFS/exfuns/fattester.c:389:9:mf_rename	0	static
../Middlewares/FATFS/exfuns/fattester.c:399:6:mf_getlabel	32	static
../Middlewares/FATFS/exfuns/fattester.c:422:6:mf_setlabel	8	static
../Middlewares/FATFS/exfuns/fattester.c:439:6:mf_gets	8	static
../Middlewares/FATFS/exfuns/fattester.c:456:9:mf_putc	8	static
../Middlewares/FATFS/exfuns/fattester.c:466:9:mf_puts	8	static
