../Middlewares/STM32_MW_ISP/isp/Src/isp_algo.c:136:19:ISP_Algo_BadPixel_Init	0	static
../Middlewares/STM32_MW_ISP/isp/Src/isp_algo.c:152:19:ISP_Algo_BadPixel_DeInit	0	static
../Middlewares/STM32_MW_ISP/isp/Src/isp_algo.c:316:19:ISP_Algo_AEC_StatCb	0	static
../Middlewares/STM32_MW_ISP/isp/Src/isp_algo.c:565:19:ISP_Algo_AWB_StatCb	0	static
../Middlewares/STM32_MW_ISP/isp/Src/isp_algo.c:167:19:ISP_Algo_BadPixel_Process	32	static
../Middlewares/STM32_MW_ISP/isp/Src/isp_algo.c:252:19:ISP_Algo_AEC_Init	24	static
../Middlewares/STM32_MW_ISP/isp/Src/isp_algo.c:298:19:ISP_Algo_AEC_DeInit	8	static
../Middlewares/STM32_MW_ISP/isp/Src/isp_algo.c:237:13:log_cb	8	static
../Middlewares/STM32_MW_ISP/isp/Src/isp_algo.c:332:19:ISP_Algo_AEC_Process	48	static
../Middlewares/STM32_MW_ISP/isp/Src/isp_algo.c:520:19:ISP_Algo_AWB_Init	8	static
../Middlewares/STM32_MW_ISP/isp/Src/isp_algo.c:546:19:ISP_Algo_AWB_DeInit	8	static
../Middlewares/STM32_MW_ISP/isp/Src/isp_algo.c:453:8:ISP_Algo_ApplyGammaInverse	16	static
../Middlewares/STM32_MW_ISP/isp/Src/isp_algo.c:480:6:ISP_Algo_ApplyCConv	80	static
../Middlewares/STM32_MW_ISP/isp/Src/isp_algo.c:584:19:ISP_Algo_AWB_Process	160	static
../Middlewares/STM32_MW_ISP/isp/Src/isp_algo.c:818:19:ISP_Algo_Init	16	static
../Middlewares/STM32_MW_ISP/isp/Src/isp_algo.c:848:19:ISP_Algo_DeInit	16	static
../Middlewares/STM32_MW_ISP/isp/Src/isp_algo.c:876:19:ISP_Algo_Process	16	static
