../Middlewares/STM32_MW_ISP/isp/Src/isp_core.c:52:19:ISP_Init	40	static
../Middlewares/STM32_MW_ISP/isp/Src/isp_core.c:174:19:ISP_DeInit	16	static
../Middlewares/STM32_MW_ISP/isp/Src/isp_core.c:202:19:ISP_Start	24	static
../Middlewares/STM32_MW_ISP/isp/Src/isp_core.c:325:19:ISP_BackgroundProcess	16	static
../Middlewares/STM32_MW_ISP/isp/Src/isp_core.c:376:19:ISP_SetExposureTarget	16	static
../Middlewares/STM32_MW_ISP/isp/Src/isp_core.c:394:19:ISP_GetExposureTarget	16	static
../Middlewares/STM32_MW_ISP/isp/Src/isp_core.c:412:19:ISP_SetAECState	8	static
../Middlewares/STM32_MW_ISP/isp/Src/isp_core.c:429:19:ISP_GetAECState	8	static
../Middlewares/STM32_MW_ISP/isp/Src/isp_core.c:446:19:ISP_ListWBRefModes	8	static
../Middlewares/STM32_MW_ISP/isp/Src/isp_core.c:466:19:ISP_SetWBRefMode	72	static
../Middlewares/STM32_MW_ISP/isp/Src/isp_core.c:539:19:ISP_GetWBRefMode	16	static
../Middlewares/STM32_MW_ISP/isp/Src/isp_core.c:560:19:ISP_GetDecimationFactor	0	static
../Middlewares/STM32_MW_ISP/isp/Src/isp_core.c:572:19:ISP_SetStatArea	0	static
../Middlewares/STM32_MW_ISP/isp/Src/isp_core.c:584:19:ISP_GetStatArea	0	static
../Middlewares/STM32_MW_ISP/isp/Src/isp_core.c:595:6:ISP_GatherStatistics	0	static
../Middlewares/STM32_MW_ISP/isp/Src/isp_core.c:606:6:ISP_IncMainFrameId	0	static
../Middlewares/STM32_MW_ISP/isp/Src/isp_core.c:617:10:ISP_GetMainFrameId	0	static
../Middlewares/STM32_MW_ISP/isp/Src/isp_core.c:628:6:ISP_IncAncillaryFrameId	0	static
../Middlewares/STM32_MW_ISP/isp/Src/isp_core.c:639:10:ISP_GetAncillaryFrameId	0	static
../Middlewares/STM32_MW_ISP/isp/Src/isp_core.c:650:6:ISP_IncDumpFrameId	0	static
../Middlewares/STM32_MW_ISP/isp/Src/isp_core.c:661:10:ISP_GetDumpFrameId	0	static
