../Drivers/BSP/RGBLCD/rgblcd.c:828:16:rgblcd_ltdc_clk_set.isra	408	static
../Drivers/BSP/RGBLCD/rgblcd.c:183:6:rgblcd_display_dir	0	static
../Drivers/BSP/RGBLCD/rgblcd.c:207:6:rgblcd_fill	40	static
../Drivers/BSP/RGBLCD/rgblcd.c:250:6:rgblcd_color_fill	40	static
../Drivers/BSP/RGBLCD/rgblcd.c:286:6:rgblcd_draw_point	8	static
../Drivers/BSP/RGBLCD/rgblcd.c:311:10:rgblcd_read_point	0	static
../Drivers/BSP/RGBLCD/rgblcd.c:337:6:rgblcd_clear	16	static
../Drivers/BSP/RGBLCD/rgblcd.c:49:6:rgblcd_init	104	static
../Drivers/BSP/RGBLCD/rgblcd.c:351:6:rgblcd_draw_line	56	static
../Drivers/BSP/RGBLCD/rgblcd.c:437:6:rgblcd_draw_hline	32	static
../Drivers/BSP/RGBLCD/rgblcd.c:456:6:rgblcd_draw_rectangle	32	static
../Drivers/BSP/RGBLCD/rgblcd.c:472:6:rgblcd_draw_circle	56	static
../Drivers/BSP/RGBLCD/rgblcd.c:513:6:rgblcd_fill_circle	56	static
../Drivers/BSP/RGBLCD/rgblcd.c:557:6:rgblcd_show_char	56	static
../Drivers/BSP/RGBLCD/rgblcd.c:646:6:rgblcd_show_num	64	static
../Drivers/BSP/RGBLCD/rgblcd.c:689:6:rgblcd_show_xnum	64	static
../Drivers/BSP/RGBLCD/rgblcd.c:737:6:rgblcd_show_string	56	static
