D:/modify_project/STM32Cube_FW_N6_V1.0.0/Drivers/STM32N6xx_HAL_Driver/Inc/stm32n6xx_ll_bus.h:1407:22:LL_AHB4_GRP1_EnableClock	8	static
../Application/User/Core/main.c:564:13:delay_us	8	static,ignoring_inline_asm
../Application/User/Core/main.c:575:13:ds18b20_release_bus	0	static
../Application/User/Core/main.c:580:13:ds18b20_pull_low	0	static
../Application/User/Core/main.c:637:13:ds18b20_write_byte	16	static
../Application/User/Core/main.c:585:16:ds18b20_reset	8	static
../Application/User/Core/main.c:689:16:ds18b20_start_conversion	8	static
../Application/User/Core/main.c:701:16:ds18b20_read_temperature_c_x100	48	static
../Application/User/Core/main.c:457:16:sgp30_crc8.constprop	0	static
../Application/User/Core/main.c:204:13:lcd_clear_simple.constprop	4	static
../Application/User/Core/main.c:278:13:show_sensor_page.isra	128	static
../Application/User/Core/main.c:443:13:pump_update_by_moisture	0	static
../Application/User/Core/main.c:390:13:fan_update_by_air	4	static
../Application/User/Core/main.c:508:16:sgp30_measure_air_quality	56	static
../Application/User/Core/main.c:1119:6:PeriphCommonClock_Config	408	static,ignoring_inline_asm
../Application/User/Core/main.c:775:5:main	848	static,ignoring_inline_asm
../Application/User/Core/main.c:1737:6:MX_XSPI1_Init	48	static,ignoring_inline_asm
../Application/User/Core/main.c:1931:6:HAL_DCMIPP_PIPE_FrameEventCallback	0	static
../Application/User/Core/main.c:1942:6:HAL_DCMIPP_PIPE_VsyncEventCallback	0	static
../Application/User/Core/main.c:1953:6:Error_Handler	0	static,ignoring_inline_asm
