D:/modify_project/STM32Cube_FW_N6_V1.0.0/Drivers/STM32N6xx_HAL_Driver/Inc/stm32n6xx_ll_bus.h:1407:22:LL_AHB4_GRP1_EnableClock	8	static
D:/modify_project/STM32Cube_FW_N6_V1.0.0/Drivers/STM32N6xx_HAL_Driver/Inc/stm32n6xx_ll_bus.h:1755:22:LL_AHB5_GRP1_EnableClock	8	static
../Application/User/Core/stm32n6xx_hal_msp.c:64:6:HAL_MspInit	8	static
../Application/User/Core/stm32n6xx_hal_msp.c:95:6:HAL_ADC_MspInit	432	static
../Application/User/Core/stm32n6xx_hal_msp.c:141:6:HAL_ADC_MspDeInit	0	static
../Application/User/Core/stm32n6xx_hal_msp.c:169:6:HAL_DMA2D_MspInit	0	static
../Application/User/Core/stm32n6xx_hal_msp.c:192:6:HAL_DMA2D_MspDeInit	0	static
../Application/User/Core/stm32n6xx_hal_msp.c:214:6:HAL_I2C_MspInit	448	static
../Application/User/Core/stm32n6xx_hal_msp.c:334:6:HAL_I2C_MspDeInit	8	static
../Application/User/Core/stm32n6xx_hal_msp.c:405:6:HAL_LTDC_MspInit	448	static
../Application/User/Core/stm32n6xx_hal_msp.c:515:6:HAL_LTDC_MspDeInit	8	static
../Application/User/Core/stm32n6xx_hal_msp.c:573:6:HAL_SD_MspInit	448	static
../Application/User/Core/stm32n6xx_hal_msp.c:693:6:HAL_SD_MspDeInit	8	static
../Application/User/Core/stm32n6xx_hal_msp.c:755:6:HAL_TIM_Base_MspInit	8	static
../Application/User/Core/stm32n6xx_hal_msp.c:772:6:HAL_TIM_MspPostInit	32	static
../Application/User/Core/stm32n6xx_hal_msp.c:804:6:HAL_TIM_Base_MspDeInit	0	static
../Application/User/Core/stm32n6xx_hal_msp.c:826:6:HAL_UART_MspInit	432	static
../Application/User/Core/stm32n6xx_hal_msp.c:877:6:HAL_UART_MspDeInit	8	static
../Application/User/Core/stm32n6xx_hal_msp.c:908:6:HAL_XSPI_MspInit	448	static
../Application/User/Core/stm32n6xx_hal_msp.c:978:6:HAL_XSPI_MspDeInit	8	static
../Application/User/Core/stm32n6xx_hal_msp.c:1024:6:HAL_DCMIPP_MspInit	416	static
../Application/User/Core/stm32n6xx_hal_msp.c:1066:6:HAL_DCMIPP_MspDeInit	8	static
