../Drivers/BSP/IMX335/STM32_IMX335/imx335.c:389:16:IMX335_ReadRegWrap	4	static
../Drivers/BSP/IMX335/STM32_IMX335/imx335.c:404:16:IMX335_WriteRegWrap	4	static
../Drivers/BSP/IMX335/STM32_IMX335/imx335.c:516:9:IMX335_DeInit	0	static
../Drivers/BSP/IMX335/STM32_IMX335/imx335.c:561:9:IMX335_GetCapabilities	0	static
../Drivers/BSP/IMX335/STM32_IMX335/imx335.c:346:16:IMX335_WriteTable	16	static
../Drivers/BSP/IMX335/STM32_IMX335/imx335.c:731:9:IMX335_SetFrequency	8	static
../Drivers/BSP/IMX335/STM32_IMX335/imx335.c:832:9:IMX335_MirrorFlipConfig	0	static
../Drivers/BSP/IMX335/STM32_IMX335/imx335.c:633:9:IMX335_SetGain	32	static
../Drivers/BSP/IMX335/STM32_IMX335/imx335.c:874:9:IMX335_SetTestPattern	16	static
../Drivers/BSP/IMX335/STM32_IMX335/imx335.c:533:9:IMX335_ReadID	24	static
../Drivers/BSP/IMX335/STM32_IMX335/imx335.c:678:9:IMX335_SetExposure	32	static
../Drivers/BSP/IMX335/STM32_IMX335/imx335.c:599:9:IMX335_GetSensorInfo	8	static
../Drivers/BSP/IMX335/STM32_IMX335/imx335.c:464:9:IMX335_Init	24	static
../Drivers/BSP/IMX335/STM32_IMX335/imx335.c:423:9:IMX335_RegisterBusIO	0	static
../Drivers/BSP/IMX335/STM32_IMX335/imx335.c:785:9:IMX335_SetFramerate	8	static
