Archive member included to satisfy reference by file (symbol)

D:\modify_project\Projects\gr\STM32CubeIDE\Appli\Middlewares\STM32_MW_ISP\evision\Lib\libn6-evision-awb_gcc.a(evision-awb.o)
                              ./Middlewares/STM32_MW_ISP/isp/Src/isp_algo.o (evision_api_awb_new)
D:\modify_project\Projects\gr\STM32CubeIDE\Appli\Middlewares\STM32_MW_ISP\evision\Lib\libn6-evision-awb_gcc.a(evision-utils.o)
                              D:\modify_project\Projects\gr\STM32CubeIDE\Appli\Middlewares\STM32_MW_ISP\evision\Lib\libn6-evision-awb_gcc.a(evision-awb.o) (LOXtOTiCQC)
D:\modify_project\Projects\gr\STM32CubeIDE\Appli\Middlewares\STM32_MW_ISP\evision\Lib\libn6-evision-st-ae_gcc.a(evision-st-ae.o)
                              ./Middlewares/STM32_MW_ISP/isp/Src/isp_algo.o (evision_api_st_ae_new)
D:/STMIDE/STM32CubeIDE_2.1.1/STM32CubeIDE/plugins/com.st.stm32cube.ide.mcu.externaltools.gnu-tools-for-stm32.14.3.rel1.win32_1.0.100.202602081740/tools/bin/../lib/gcc/arm-none-eabi/14.3.1/../../../../arm-none-eabi/lib/thumb/v8-m.main+dp/hard\libc_nano.a(libc_a-exit.o)
                              D:/STMIDE/STM32CubeIDE_2.1.1/STM32CubeIDE/plugins/com.st.stm32cube.ide.mcu.externaltools.gnu-tools-for-stm32.14.3.rel1.win32_1.0.100.202602081740/tools/bin/../lib/gcc/arm-none-eabi/14.3.1/../../../../arm-none-eabi/lib/thumb/v8-m.main+dp/hard/crt0.o (exit)
D:/STMIDE/STM32CubeIDE_2.1.1/STM32CubeIDE/plugins/com.st.stm32cube.ide.mcu.externaltools.gnu-tools-for-stm32.14.3.rel1.win32_1.0.100.202602081740/tools/bin/../lib/gcc/arm-none-eabi/14.3.1/../../../../arm-none-eabi/lib/thumb/v8-m.main+dp/hard\libc_nano.a(libc_a-malloc.o)
                              ./Middlewares/FATFS/FatFs/source/ffsystem.o (malloc)
D:/STMIDE/STM32CubeIDE_2.1.1/STM32CubeIDE/plugins/com.st.stm32cube.ide.mcu.externaltools.gnu-tools-for-stm32.14.3.rel1.win32_1.0.100.202602081740/tools/bin/../lib/gcc/arm-none-eabi/14.3.1/../../../../arm-none-eabi/lib/thumb/v8-m.main+dp/hard\libc_nano.a(libc_a-mallocr.o)
                              D:/STMIDE/STM32CubeIDE_2.1.1/STM32CubeIDE/plugins/com.st.stm32cube.ide.mcu.externaltools.gnu-tools-for-stm32.14.3.rel1.win32_1.0.100.202602081740/tools/bin/../lib/gcc/arm-none-eabi/14.3.1/../../../../arm-none-eabi/lib/thumb/v8-m.main+dp/hard\libc_nano.a(libc_a-malloc.o) (_malloc_r)
D:/STMIDE/STM32CubeIDE_2.1.1/STM32CubeIDE/plugins/com.st.stm32cube.ide.mcu.externaltools.gnu-tools-for-stm32.14.3.rel1.win32_1.0.100.202602081740/tools/bin/../lib/gcc/arm-none-eabi/14.3.1/../../../../arm-none-eabi/lib/thumb/v8-m.main+dp/hard\libc_nano.a(libc_a-mlock.o)
                              D:/STMIDE/STM32CubeIDE_2.1.1/STM32CubeIDE/plugins/com.st.stm32cube.ide.mcu.externaltools.gnu-tools-for-stm32.14.3.rel1.win32_1.0.100.202602081740/tools/bin/../lib/gcc/arm-none-eabi/14.3.1/../../../../arm-none-eabi/lib/thumb/v8-m.main+dp/hard\libc_nano.a(libc_a-mallocr.o) (__malloc_lock)
D:/STMIDE/STM32CubeIDE_2.1.1/STM32CubeIDE/plugins/com.st.stm32cube.ide.mcu.externaltools.gnu-tools-for-stm32.14.3.rel1.win32_1.0.100.202602081740/tools/bin/../lib/gcc/arm-none-eabi/14.3.1/../../../../arm-none-eabi/lib/thumb/v8-m.main+dp/hard\libc_nano.a(libc_a-findfp.o)
                              D:/STMIDE/STM32CubeIDE_2.1.1/STM32CubeIDE/plugins/com.st.stm32cube.ide.mcu.externaltools.gnu-tools-for-stm32.14.3.rel1.win32_1.0.100.202602081740/tools/bin/../lib/gcc/arm-none-eabi/14.3.1/../../../../arm-none-eabi/lib/thumb/v8-m.main+dp/hard\libc_nano.a(libc_a-exit.o) (__stdio_exit_handler)
D:/STMIDE/STM32CubeIDE_2.1.1/STM32CubeIDE/plugins/com.st.stm32cube.ide.mcu.externaltools.gnu-tools-for-stm32.14.3.rel1.win32_1.0.100.202602081740/tools/bin/../lib/gcc/arm-none-eabi/14.3.1/../../../../arm-none-eabi/lib/thumb/v8-m.main+dp/hard\libc_nano.a(libc_a-fwalk.o)
                              D:/STMIDE/STM32CubeIDE_2.1.1/STM32CubeIDE/plugins/com.st.stm32cube.ide.mcu.externaltools.gnu-tools-for-stm32.14.3.rel1.win32_1.0.100.202602081740/tools/bin/../lib/gcc/arm-none-eabi/14.3.1/../../../../arm-none-eabi/lib/thumb/v8-m.main+dp/hard\libc_nano.a(libc_a-findfp.o) (_fwalk_sglue)
D:/STMIDE/STM32CubeIDE_2.1.1/STM32CubeIDE/plugins/com.st.stm32cube.ide.mcu.externaltools.gnu-tools-for-stm32.14.3.rel1.win32_1.0.100.202602081740/tools/bin/../lib/gcc/arm-none-eabi/14.3.1/../../../../arm-none-eabi/lib/thumb/v8-m.main+dp/hard\libc_nano.a(libc_a-printf.o)
                              ./Middlewares/FATFS/exfuns/fattester.o (printf)
D:/STMIDE/STM32CubeIDE_2.1.1/STM32CubeIDE/plugins/com.st.stm32cube.ide.mcu.externaltools.gnu-tools-for-stm32.14.3.rel1.win32_1.0.100.202602081740/tools/bin/../lib/gcc/arm-none-eabi/14.3.1/../../../../arm-none-eabi/lib/thumb/v8-m.main+dp/hard\libc_nano.a(libc_a-putchar.o)
                              ./Middlewares/FATFS/exfuns/fattester.o (putchar)
[...]
Memory Configuration

Name             Origin             Length             Attributes
ROM              0x70100400         0x01effc00         xrw
RAM              0x34000000         0x00200000         xrw
EXTRAM           0x90000000         0x02000000         rw
*default*        0x00000000         0xffffffff

Linker script and memory map

LOAD D:/STMIDE/STM32CubeIDE_2.1.1/STM32CubeIDE/plugins/com.st.stm32cube.ide.mcu.externaltools.gnu-tools-for-stm32.14.3.rel1.win32_1.0.100.202602081740/tools/bin/../lib/gcc/arm-none-eabi/14.3.1/thumb/v8-m.main+dp/hard/crti.o
LOAD D:/STMIDE/STM32CubeIDE_2.1.1/STM32CubeIDE/plugins/com.st.stm32cube.ide.mcu.externaltools.gnu-tools-for-stm32.14.3.rel1.win32_1.0.100.202602081740/tools/bin/../lib/gcc/arm-none-eabi/14.3.1/thumb/v8-m.main+dp/hard/crtbegin.o
LOAD D:/STMIDE/STM32CubeIDE_2.1.1/STM32CubeIDE/plugins/com.st.stm32cube.ide.mcu.externaltools.gnu-tools-for-stm32.14.3.rel1.win32_1.0.100.202602081740/tools/bin/../lib/gcc/arm-none-eabi/14.3.1/../../../../arm-none-eabi/lib/thumb/v8-m.main+dp/hard/crt0.o
LOAD ./Application/User/Core/main.o
LOAD ./Application/User/Core/secure_nsc.o
LOAD ./Application/User/Core/stm32n6xx_hal_msp.o
LOAD ./Application/User/Core/stm32n6xx_it.o
LOAD ./Application/User/Core/syscalls.o
LOAD ./Application/User/Core/sysmem.o
LOAD ./Application/User/FatFs/diskio.o
LOAD ./Application/User/Startup/startup_stm32n647x0hxq.o
LOAD ./Drivers/BSP/ADC/adc.o
LOAD ./Drivers/BSP/AP3216C/ap3216c.o
LOAD ./Drivers/BSP/BEEP/beep.o
LOAD ./Drivers/BSP/HyperRAM/hyperram.o
LOAD ./Drivers/BSP/IMX335/STM32_IMX335/imx335.o
LOAD ./Drivers/BSP/IMX335/STM32_IMX335/imx335_reg.o
LOAD ./Drivers/BSP/IMX335/imx335.o
LOAD ./Drivers/BSP/KEY/key.o
LOAD ./Drivers/BSP/LED/led.o
LOAD ./Drivers/BSP/RGBLCD/rgblcd.o
LOAD ./Drivers/BSP/SD_CARD/sd_card.o
LOAD ./Drivers/BSP/SD_NAND/sd_nand.o
LOAD ./Drivers/BSP/SYS/sys.o
LOAD ./Drivers/BSP/UART/uart.o
LOAD ./Drivers/CMSIS/system_stm32n6xx_s.o
LOAD ./Drivers/STM32N6xx_HAL_Driver/stm32n6xx_hal.o
LOAD ./Drivers/STM32N6xx_HAL_Driver/stm32n6xx_hal_adc.o
LOAD ./Drivers/STM32N6xx_HAL_Driver/stm32n6xx_hal_adc_ex.o
LOAD ./Drivers/STM32N6xx_HAL_Driver/stm32n6xx_hal_cortex.o
LOAD ./Drivers/STM32N6xx_HAL_Driver/stm32n6xx_hal_dcmipp.o
LOAD ./Drivers/STM32N6xx_HAL_Driver/stm32n6xx_hal_dma.o
LOAD ./Drivers/STM32N6xx_HAL_Driver/stm32n6xx_hal_dma2d.o
LOAD ./Drivers/STM32N6xx_HAL_Driver/stm32n6xx_hal_dma_ex.o
LOAD ./Drivers/STM32N6xx_HAL_Driver/stm32n6xx_hal_exti.o
LOAD ./Drivers/STM32N6xx_HAL_Driver/stm32n6xx_hal_gpio.o
LOAD ./Drivers/STM32N6xx_HAL_Driver/stm32n6xx_hal_i2c.o
LOAD ./Drivers/STM32N6xx_HAL_Driver/stm32n6xx_hal_i2c_ex.o
LOAD ./Drivers/STM32N6xx_HAL_Driver/stm32n6xx_hal_ltdc.o
LOAD ./Drivers/STM32N6xx_HAL_Driver/stm32n6xx_hal_ltdc_ex.o
LOAD ./Drivers/STM32N6xx_HAL_Driver/stm32n6xx_hal_mmc.o
LOAD ./Drivers/STM32N6xx_HAL_Driver/stm32n6xx_hal_mmc_ex.o
LOAD ./Drivers/STM32N6xx_HAL_Driver/stm32n6xx_hal_pwr.o
LOAD ./Drivers/STM32N6xx_HAL_Driver/stm32n6xx_hal_pwr_ex.o
LOAD ./Drivers/STM32N6xx_HAL_Driver/stm32n6xx_hal_rcc.o
LOAD ./Drivers/STM32N6xx_HAL_Driver/stm32n6xx_hal_rcc_ex.o
LOAD ./Drivers/STM32N6xx_HAL_Driver/stm32n6xx_hal_rif.o
LOAD ./Drivers/STM32N6xx_HAL_Driver/stm32n6xx_hal_sd.o
LOAD ./Drivers/STM32N6xx_HAL_Driver/stm32n6xx_hal_sd_ex.o
LOAD ./Drivers/STM32N6xx_HAL_Driver/stm32n6xx_hal_sdio.o
LOAD ./Drivers/STM32N6xx_HAL_Driver/stm32n6xx_hal_tim.o
LOAD ./Drivers/STM32N6xx_HAL_Driver/stm32n6xx_hal_tim_ex.o
LOAD ./Drivers/STM32N6xx_HAL_Driver/stm32n6xx_hal_uart.o
LOAD ./Drivers/STM32N6xx_HAL_Driver/stm32n6xx_hal_uart_ex.o
LOAD ./Drivers/STM32N6xx_HAL_Driver/stm32n6xx_hal_xspi.o
LOAD ./Drivers/STM32N6xx_HAL_Driver/stm32n6xx_ll_sdmmc.o
LOAD ./Middlewares/FATFS/FatFs/source/ff.o
LOAD ./Middlewares/FATFS/FatFs/source/ffsystem.o
LOAD ./Middlewares/FATFS/FatFs/source/ffunicode.o
LOAD ./Middlewares/FATFS/exfuns/exfuns.o
LOAD ./Middlewares/FATFS/exfuns/fattester.o
LOAD ./Middlewares/MALLOC/malloc.o
LOAD ./Middlewares/PICTURE/bmp.o
LOAD ./Middlewares/PICTURE/gif.o
LOAD ./Middlewares/PICTURE/hjpgd.o
LOAD ./Middlewares/PICTURE/piclib.o
LOAD ./Middlewares/PICTURE/tjpgd.o
LOAD ./Middlewares/STM32_MW_ISP/isp/Src/isp_algo.o
LOAD ./Middlewares/STM32_MW_ISP/isp/Src/isp_cmd_parser.o
LOAD ./Middlewares/STM32_MW_ISP/isp/Src/isp_core.o
LOAD ./Middlewares/STM32_MW_ISP/isp/Src/isp_services.o
LOAD ./Middlewares/STM32_MW_ISP/isp/Src/isp_tool_com.o
LOAD D:\modify_project\Projects\gr\STM32CubeIDE\Appli\Middlewares\STM32_MW_ISP\evision\Lib\libn6-evision-awb_gcc.a
LOAD D:\modify_project\Projects\gr\STM32CubeIDE\Appli\Middlewares\STM32_MW_ISP\evision\Lib\libn6-evision-st-ae_gcc.a
START GROUP
LOAD D:/STMIDE/STM32CubeIDE_2.1.1/STM32CubeIDE/plugins/com.st.stm32cube.ide.mcu.externaltools.gnu-tools-for-stm32.14.3.rel1.win32_1.0.100.202602081740/tools/bin/../lib/gcc/arm-none-eabi/14.3.1/../../../../arm-none-eabi/lib/thumb/v8-m.main+dp/hard\libc_nano.a
LOAD D:/STMIDE/STM32CubeIDE_2.1.1/STM32CubeIDE/plugins/com.st.stm32cube.ide.mcu.externaltools.gnu-tools-for-stm32.14.3.rel1.win32_1.0.100.202602081740/tools/bin/../lib/gcc/arm-none-eabi/14.3.1/../../../../arm-none-eabi/lib/thumb/v8-m.main+dp/hard\libm.a
END GROUP
START GROUP
LOAD D:/STMIDE/STM32CubeIDE_2.1.1/STM32CubeIDE/plugins/com.st.stm32cube.ide.mcu.externaltools.gnu-tools-for-stm32.14.3.rel1.win32_1.0.100.202602081740/tools/bin/../lib/gcc/arm-none-eabi/14.3.1/thumb/v8-m.main+dp/hard\libgcc.a
LOAD D:/STMIDE/STM32CubeIDE_2.1.1/STM32CubeIDE/plugins/com.st.stm32cube.ide.mcu.externaltools.gnu-tools-for-stm32.14.3.rel1.win32_1.0.100.202602081740/tools/bin/../lib/gcc/arm-none-eabi/14.3.1/../../../../arm-none-eabi/lib/thumb/v8-m.main+dp/hard\libc_nano.a
END GROUP
START GROUP
LOAD D:/STMIDE/STM32CubeIDE_2.1.1/STM32CubeIDE/plugins/com.st.stm32cube.ide.mcu.externaltools.gnu-tools-for-stm32.14.3.rel1.win32_1.0.100.202602081740/tools/bin/../lib/gcc/arm-none-eabi/14.3.1/thumb/v8-m.main+dp/hard\libgcc.a
LOAD D:/STMIDE/STM32CubeIDE_2.1.1/STM32CubeIDE/plugins/com.st.stm32cube.ide.mcu.externaltools.gnu-tools-for-stm32.14.3.rel1.win32_1.0.100.202602081740/tools/bin/../lib/gcc/arm-none-eabi/14.3.1/../../../../arm-none-eabi/lib/thumb/v8-m.main+dp/hard\libc_nano.a
LOAD D:/STMIDE/STM32CubeIDE_2.1.1/STM32CubeIDE/plugins/com.st.stm32cube.ide.mcu.externaltools.gnu-tools-for-stm32.14.3.rel1.win32_1.0.100.202602081740/tools/bin/../lib/gcc/arm-none-eabi/14.3.1/../../../../arm-none-eabi/lib/thumb/v8-m.main+dp/hard\libnosys.a
END GROUP
START GROUP
LOAD D:/STMIDE/STM32CubeIDE_2.1.1/STM32CubeIDE/plugins/com.st.stm32cube.ide.mcu.externaltools.gnu-tools-for-stm32.14.3.rel1.win32_1.0.100.202602081740/tools/bin/../lib/gcc/arm-none-eabi/14.3.1/thumb/v8-m.main+dp/hard\libgcc.a
LOAD D:/STMIDE/STM32CubeIDE_2.1.1/STM32CubeIDE/plugins/com.st.stm32cube.ide.mcu.externaltools.gnu-tools-for-stm32.14.3.rel1.win32_1.0.100.202602081740/tools/bin/../lib/gcc/arm-none-eabi/14.3.1/../../../../arm-none-eabi/lib/thumb/v8-m.main+dp/hard\libc_nano.a
LOAD D:/STMIDE/STM32CubeIDE_2.1.1/STM32CubeIDE/plugins/com.st.stm32cube.ide.mcu.externaltools.gnu-tools-for-stm32.14.3.rel1.win32_1.0.100.202602081740/tools/bin/../lib/gcc/arm-none-eabi/14.3.1/../../../../arm-none-eabi/lib/thumb/v8-m.main+dp/hard\libnosys.a
END GROUP
LOAD D:/STMIDE/STM32CubeIDE_2.1.1/STM32CubeIDE/plugins/com.st.stm32cube.ide.mcu.externaltools.gnu-tools-for-stm32.14.3.rel1.win32_1.0.100.202602081740/tools/bin/../lib/gcc/arm-none-eabi/14.3.1/thumb/v8-m.main+dp/hard/crtend.o
LOAD D:/STMIDE/STM32CubeIDE_2.1.1/STM32CubeIDE/plugins/com.st.stm32cube.ide.mcu.externaltools.gnu-tools-for-stm32.14.3.rel1.win32_1.0.100.202602081740/tools/bin/../lib/gcc/arm-none-eabi/14.3.1/thumb/v8-m.main+dp/hard/crtn.o
                0x00000200                        _Min_Heap_Size = 0x200
                0x00000800                        _Min_Stack_Size = 0x800
                0x34200000                        _estack = (ORIGIN (RAM) + LENGTH (RAM))
                0x341ff800                        _sstack = (_estack - _Min_Stack_Size)

.isr_vector     0x70100400      0x34c
                0x70100400                        . = ALIGN (0x4)
 *(.isr_vector)
 .isr_vector    0x70100400      0x34c ./Application/User/Startup/startup_stm32n647x0hxq.o
                0x70100400                g_pfnVectors
                0x7010074c                        . = ALIGN (0x4)

.text           0x7010074c     0x3b90
                0x7010074c                        . = ALIGN (0x4)
 *(.text)
 .text          0x7010074c       0x40 D:/STMIDE/STM32CubeIDE_2.1.1/STM32CubeIDE/plugins/com.st.stm32cube.ide.mcu.externaltools.gnu-tools-for-stm32.14.3.rel1.win32_1.0.100.202602081740/tools/bin/../lib/gcc/arm-none-eabi/14.3.1/thumb/v8-m.main+dp/hard/crtbegin.o
 *(.text*)
 .text.PeriphCommonClock_Config
                0x7010078c       0x28 ./Application/User/Core/main.o
 .text.startup.main
                0x701007b4      0x1c4 ./Application/User/Core/main.o
                0x701007b4                main
 .text.SECURE_RegisterCallback
                0x70100978       0x30 ./Application/User/Core/secure_nsc.o
                0x70100978                __acle_se_SECURE_RegisterCallback
 .text.HAL_MspInit
                0x701009a8       0x2c ./Application/User/Core/stm32n6xx_hal_msp.o
                0x701009a8                HAL_MspInit
 .text.HAL_TIM_Base_MspInit
                0x701009d4       0x28 ./Application/User/Core/stm32n6xx_hal_msp.o
                0x701009d4                HAL_TIM_Base_MspInit
 .text.HAL_TIM_PWM_MspInit
                0x701009fc        0x4 ./Application/User/Core/stm32n6xx_hal_msp.o
                0x701009fc                HAL_TIM_PWM_MspInit
 .text.HAL_TIM_MspPostInit
                0x70100a00       0x4c ./Application/User/Core/stm32n6xx_hal_msp.o
                0x70100a00                HAL_TIM_MspPostInit
 .text.NMI_Handler
                0x70100a4c        0x2 ./Application/User/Core/stm32n6xx_it.o
                0x70100a4c                NMI_Handler
 .text.HardFault_Handler
                0x70100a4e        0x2 ./Application/User/Core/stm32n6xx_it.o
                0x70100a4e                HardFault_Handler
 .text.MemManage_Handler
                0x70100a50        0x2 ./Application/User/Core/stm32n6xx_it.o
                0x70100a50                MemManage_Handler
 .text.BusFault_Handler
                0x70100a52        0x2 ./Application/User/Core/stm32n6xx_it.o
                0x70100a52                BusFault_Handler
 .text.UsageFault_Handler
                0x70100a54        0x2 ./Application/User/Core/stm32n6xx_it.o
                0x70100a54                UsageFault_Handler
 .text.SecureFault_Handler
                0x70100a56        0x2 ./Application/User/Core/stm32n6xx_it.o
                0x70100a56                SecureFault_Handler
 .text.SVC_Handler
                0x70100a58        0x2 ./Application/User/Core/stm32n6xx_it.o
                0x70100a58                SVC_Handler
 .text.DebugMon_Handler
                0x70100a5a        0x2 ./Application/User/Core/stm32n6xx_it.o
                0x70100a5a                DebugMon_Handler
 .text.PendSV_Handler
                0x70100a5c        0x2 ./Application/User/Core/stm32n6xx_it.o
                0x70100a5c                PendSV_Handler
 .text.SysTick_Handler
                0x70100a5e        0x4 ./Application/User/Core/stm32n6xx_it.o
                0x70100a5e                SysTick_Handler
 *fill*         0x70100a62        0x2 
 .text.USART1_IRQHandler
                0x70100a64        0xc ./Application/User/Core/stm32n6xx_it.o
                0x70100a64                USART1_IRQHandler
 .text.CSI_IRQHandler
                0x70100a70        0xc ./Application/User/Core/stm32n6xx_it.o
                0x70100a70                CSI_IRQHandler
 .text.DCMIPP_IRQHandler
                0x70100a7c        0xc ./Application/User/Core/stm32n6xx_it.o
                0x70100a7c                DCMIPP_IRQHandler
 .text.Reset_Handler
                0x70100a88       0x5c ./Application/User/Startup/startup_stm32n647x0hxq.o
                0x70100a88                Reset_Handler
 .text.Default_Handler
                0x70100ae4        0x2 ./Application/User/Startup/startup_stm32n647x0hxq.o
                0x70100ae4                HPDMA1_Channel13_IRQHandler
                0x70100ae4                EXTI2_IRQHandler
                0x70100ae4                TIM8_CC_IRQHandler
                0x70100ae4                USB2_OTG_HS_IRQHandler
                0x70100ae4                SAI1_A_IRQHandler
                0x70100ae4                EXTI5_IRQHandler
                0x70100ae4                I3C1_ER_IRQHandler
                0x70100ae4                UART8_IRQHandler
                0x70100ae4                CTI_INT0_IRQHandler
                0x70100ae4                SPI4_IRQHandler
                0x70100ae4                LTDC_LO_IRQHandler
                0x70100ae4                NPU2_IRQHandler
                0x70100ae4                FDCAN3_IT0_IRQHandler
                0x70100ae4                EXTI13_IRQHandler
                0x70100ae4                TIM1_CC_IRQHandler
                0x70100ae4                XSPI1_IRQHandler
                0x70100ae4                TIM10_IRQHandler
                0x70100ae4                JPEG_IRQHandler
                0x70100ae4                TAMP_IRQHandler
                0x70100ae4                CACHE_ECC_IRQHandler
                0x70100ae4                TIM6_IRQHandler
                0x70100ae4                EXTI12_IRQHandler
                0x70100ae4                GFXTIM_IRQHandler
                0x70100ae4                EXTI3_IRQHandler
                0x70100ae4                LPTIM4_IRQHandler
                0x70100ae4                GPDMA1_Channel5_IRQHandler
                0x70100ae4                EXTI8_IRQHandler
                0x70100ae4                LPTIM2_IRQHandler
                0x70100ae4                GFXMMU_IRQHandler
                0x70100ae4                LTDC_LO_ERR_IRQHandler
                0x70100ae4                I2C3_ER_IRQHandler
                0x70100ae4                RIFSC_TAMPER_IRQHandler
                0x70100ae4                USART10_IRQHandler
                0x70100ae4                MDF1_FLT2_IRQHandler
                0x70100ae4                LPTIM3_IRQHandler
                0x70100ae4                SAI2_A_IRQHandler
                0x70100ae4                EXTI0_IRQHandler
                0x70100ae4                HPDMA1_Channel9_IRQHandler
                0x70100ae4                I2C2_EV_IRQHandler
                0x70100ae4                GPU2D_IRQHandler
                0x70100ae4                FPU_IRQHandler
                0x70100ae4                GPDMA1_Channel3_IRQHandler
                0x70100ae4                GPDMA1_Channel7_IRQHandler
                0x70100ae4                MDF1_FLT4_IRQHandler
                0x70100ae4                FDCAN1_IT1_IRQHandler
                0x70100ae4                HPDMA1_Channel3_IRQHandler
                0x70100ae4                ADC1_2_IRQHandler
                0x70100ae4                GPDMA1_Channel9_IRQHandler
                0x70100ae4                SPI1_IRQHandler
                0x70100ae4                CACHEAXI_IRQHandler
                0x70100ae4                SAI1_B_IRQHandler
                0x70100ae4                GPDMA1_Channel2_IRQHandler
                0x70100ae4                PAHB_ERR_IRQHandler
                0x70100ae4                TIM8_UP_IRQHandler
                0x70100ae4                RCC_S_IRQHandler
                0x70100ae4                MDF1_FLT1_IRQHandler
                0x70100ae4                LTDC_UP_IRQHandler
                0x70100ae4                LOCKUP_IRQHandler
                0x70100ae4                PKA_IRQHandler
                0x70100ae4                USART6_IRQHandler
                0x70100ae4                HPDMA1_Channel2_IRQHandler
                0x70100ae4                MDF1_FLT5_IRQHandler
                0x70100ae4                I3C2_ER_IRQHandler
                0x70100ae4                EXTI15_IRQHandler
                0x70100ae4                TIM17_IRQHandler
                0x70100ae4                USART3_IRQHandler
                0x70100ae4                HPDMA1_Channel6_IRQHandler
                0x70100ae4                RTC_IRQHandler
                0x70100ae4                XSPI2_IRQHandler
                0x70100ae4                EXTI9_IRQHandler
                0x70100ae4                IAC_IRQHandler
                0x70100ae4                HPDMA1_Channel0_IRQHandler
                0x70100ae4                LPTIM5_IRQHandler
                0x70100ae4                HPDMA1_Channel1_IRQHandler
                0x70100ae4                UART5_IRQHandler
                0x70100ae4                TIM4_IRQHandler
                0x70100ae4                NPU3_IRQHandler
                0x70100ae4                I3C2_EV_IRQHandler
                0x70100ae4                I2C1_EV_IRQHandler
                0x70100ae4                FDCAN_CU_IRQHandler
                0x70100ae4                GPDMA1_Channel12_IRQHandler
                0x70100ae4                HPDMA1_Channel7_IRQHandler
                0x70100ae4                GPDMA1_Channel1_IRQHandler
                0x70100ae4                TIM16_IRQHandler
                0x70100ae4                GPDMA1_Channel15_IRQHandler
                0x70100ae4                UART4_IRQHandler
                0x70100ae4                TCM_ECC_IRQHandler
                0x70100ae4                TIM3_IRQHandler
                0x70100ae4                RCC_IRQHandler
                0x70100ae4                UART9_IRQHandler
                0x70100ae4                NPU1_IRQHandler
                0x70100ae4                SAI2_B_IRQHandler
                0x70100ae4                Default_Handler
                0x70100ae4                GPDMA1_Channel8_IRQHandler
                0x70100ae4                HPDMA1_Channel8_IRQHandler
                0x70100ae4                TIM18_IRQHandler
                0x70100ae4                TIM14_IRQHandler
                0x70100ae4                TIM13_IRQHandler
                0x70100ae4                CTI_INT1_IRQHandler
                0x70100ae4                GPDMA1_Channel11_IRQHandler
                0x70100ae4                GPU2D_ER_IRQHandler
                0x70100ae4                SPI5_IRQHandler
                0x70100ae4                TIM12_IRQHandler
                0x70100ae4                TIM7_IRQHandler
                0x70100ae4                FDCAN3_IT1_IRQHandler
                0x70100ae4                HPDMA1_Channel10_IRQHandler
                0x70100ae4                SDMMC1_IRQHandler
                0x70100ae4                TIM5_IRQHandler
                0x70100ae4                UCPD1_IRQHandler
                0x70100ae4                GPDMA1_Channel0_IRQHandler
                0x70100ae4                I3C1_EV_IRQHandler
                0x70100ae4                HPDMA1_Channel5_IRQHandler
                0x70100ae4                TIM15_IRQHandler
                0x70100ae4                I2C3_EV_IRQHandler
                0x70100ae4                HPDMA1_Channel4_IRQHandler
                0x70100ae4                HPDMA1_Channel15_IRQHandler
                0x70100ae4                TIM9_IRQHandler
                0x70100ae4                ETH1_IRQHandler
                0x70100ae4                USB1_OTG_HS_IRQHandler
                0x70100ae4                PVD_PVM_IRQHandler
                0x70100ae4                SPI2_IRQHandler
                0x70100ae4                TIM1_TRG_CCU_IRQHandler
                0x70100ae4                HPDMA1_Channel11_IRQHandler
                0x70100ae4                EXTI14_IRQHandler
                0x70100ae4                EXTI11_IRQHandler
                0x70100ae4                VENC_IRQHandler
                0x70100ae4                GPDMA1_Channel14_IRQHandler
                0x70100ae4                EXTI4_IRQHandler
                0x70100ae4                RTC_S_IRQHandler
                0x70100ae4                GPDMA1_Channel13_IRQHandler
                0x70100ae4                RNG_IRQHandler
                0x70100ae4                XSPI3_IRQHandler
                0x70100ae4                FDCAN2_IT1_IRQHandler
                0x70100ae4                TIM1_UP_IRQHandler
                0x70100ae4                NPU0_IRQHandler
                0x70100ae4                BCK_ECC_IRQHandler
                0x70100ae4                WWDG_IRQHandler
                0x70100ae4                SPI6_IRQHandler
                0x70100ae4                MDIOS_IRQHandler
                0x70100ae4                I2C4_EV_IRQHandler
                0x70100ae4                FDCAN2_IT0_IRQHandler
                0x70100ae4                HPDMA1_Channel14_IRQHandler
                0x70100ae4                LPUART1_IRQHandler
                0x70100ae4                FDCAN1_IT0_IRQHandler
                0x70100ae4                MDF1_FLT0_IRQHandler
                0x70100ae4                TIM2_IRQHandler
                0x70100ae4                GPDMA1_Channel4_IRQHandler
                0x70100ae4                EXTI7_IRQHandler
                0x70100ae4                DMA2D_IRQHandler
                0x70100ae4                TIM1_BRK_IRQHandler
                0x70100ae4                EXTI1_IRQHandler
                0x70100ae4                SDMMC2_IRQHandler
                0x70100ae4                TIM11_IRQHandler
                0x70100ae4                LTDC_UP_ERR_IRQHandler
                0x70100ae4                UART7_IRQHandler
                0x70100ae4                DTS_IRQHandler
                0x70100ae4                MDF1_FLT3_IRQHandler
                0x70100ae4                USART2_IRQHandler
                0x70100ae4                GPDMA1_Channel6_IRQHandler
                0x70100ae4                ADF1_FLT0_IRQHandler
                0x70100ae4                I2C2_ER_IRQHandler
                0x70100ae4                SPDIFRX_IRQHandler
                0x70100ae4                TIM8_BRK_IRQHandler
                0x70100ae4                HPDMA1_Channel12_IRQHandler
                0x70100ae4                EXTI10_IRQHandler
                0x70100ae4                SPI3_IRQHandler
                0x70100ae4                WAKEUP_PIN_IRQHandler
                0x70100ae4                I2C1_ER_IRQHandler
                0x70100ae4                FMC_IRQHandler
                0x70100ae4                EXTI6_IRQHandler
                0x70100ae4                LPTIM1_IRQHandler
                0x70100ae4                DCMI_PSSI_IRQHandler
                0x70100ae4                TIM8_TRG_CCU_IRQHandler
                0x70100ae4                I2C4_ER_IRQHandler
                0x70100ae4                GPDMA1_Channel10_IRQHandler
                0x70100ae4                ICACHE_IRQHandler
                0x70100ae4                HASH_IRQHandler
 *fill*         0x70100ae6        0x2 
 .text.SystemInit
                0x70100ae8       0x98 ./Drivers/CMSIS/system_stm32n6xx_s.o
                0x70100ae8                SystemInit
 .text.SystemCoreClockUpdate
                0x70100b80      0x1dc ./Drivers/CMSIS/system_stm32n6xx_s.o
                0x70100b80                SystemCoreClockUpdate
 .text.SECURE_SystemCoreClockUpdate
                0x70100d5c       0x24 ./Drivers/CMSIS/system_stm32n6xx_s.o
                0x70100d5c                __acle_se_SECURE_SystemCoreClockUpdate
 .text.HAL_InitTick
                0x70100d80       0x4c ./Drivers/STM32N6xx_HAL_Driver/stm32n6xx_hal.o
                0x70100d80                HAL_InitTick
 .text.HAL_Init
                0x70100dcc       0x22 ./Drivers/STM32N6xx_HAL_Driver/stm32n6xx_hal.o
                0x70100dcc                HAL_Init
 *fill*         0x70100dee        0x2 
 .text.HAL_IncTick
                0x70100df0       0x18 ./Drivers/STM32N6xx_HAL_Driver/stm32n6xx_hal.o
                0x70100df0                HAL_IncTick
 .text.HAL_GetTick
                0x70100e08        0xc ./Drivers/STM32N6xx_HAL_Driver/stm32n6xx_hal.o
                0x70100e08                HAL_GetTick
 .text.HAL_Delay
                0x70100e14       0x24 ./Drivers/STM32N6xx_HAL_Driver/stm32n6xx_hal.o
                0x70100e14                HAL_Delay
 .text.HAL_NVIC_SetPriorityGrouping
                0x70100e38       0x24 ./Drivers/STM32N6xx_HAL_Driver/stm32n6xx_hal_cortex.o
                0x70100e38                HAL_NVIC_SetPriorityGrouping
 .text.HAL_NVIC_SetPriority
                0x70100e5c       0x60 ./Drivers/STM32N6xx_HAL_Driver/stm32n6xx_hal_cortex.o
                0x70100e5c                HAL_NVIC_SetPriority
 .text.HAL_SYSTICK_Config
                0x70100ebc       0x28 ./Drivers/STM32N6xx_HAL_Driver/stm32n6xx_hal_cortex.o
                0x70100ebc                HAL_SYSTICK_Config
 .text.HAL_DCMIPP_PIPE_FrameEventCallback
                0x70100ee4        0x2 ./Drivers/STM32N6xx_HAL_Driver/stm32n6xx_hal_dcmipp.o
                0x70100ee4                HAL_DCMIPP_PIPE_FrameEventCallback
 .text.HAL_DCMIPP_PIPE_VsyncEventCallback
                0x70100ee6        0x2 ./Drivers/STM32N6xx_HAL_Driver/stm32n6xx_hal_dcmipp.o
                0x70100ee6                HAL_DCMIPP_PIPE_VsyncEventCallback
 .text.HAL_DCMIPP_PIPE_LineEventCallback
                0x70100ee8        0x2 ./Drivers/STM32N6xx_HAL_Driver/stm32n6xx_hal_dcmipp.o
                0x70100ee8                HAL_DCMIPP_PIPE_LineEventCallback
 .text.HAL_DCMIPP_PIPE_LimitEventCallback
                0x70100eea        0x2 ./Drivers/STM32N6xx_HAL_Driver/stm32n6xx_hal_dcmipp.o
                0x70100eea                HAL_DCMIPP_PIPE_LimitEventCallback
 .text.HAL_DCMIPP_PIPE_ErrorCallback
                0x70100eec        0x2 ./Drivers/STM32N6xx_HAL_Driver/stm32n6xx_hal_dcmipp.o
                0x70100eec                HAL_DCMIPP_PIPE_ErrorCallback
 .text.HAL_DCMIPP_ErrorCallback
                0x70100eee        0x2 ./Drivers/STM32N6xx_HAL_Driver/stm32n6xx_hal_dcmipp.o
                0x70100eee                HAL_DCMIPP_ErrorCallback
 .text.HAL_DCMIPP_IRQHandler
                0x70100ef0      0x25e ./Drivers/STM32N6xx_HAL_Driver/stm32n6xx_hal_dcmipp.o
                0x70100ef0                HAL_DCMIPP_IRQHandler
 .text.HAL_DCMIPP_CSI_LineErrorCallback
                0x7010114e        0x2 ./Drivers/STM32N6xx_HAL_Driver/stm32n6xx_hal_dcmipp.o
                0x7010114e                HAL_DCMIPP_CSI_LineErrorCallback
 .text.HAL_DCMIPP_CSI_ClockChangerFifoFullEventCallback
                0x70101150        0x2 ./Drivers/STM32N6xx_HAL_Driver/stm32n6xx_hal_dcmipp.o
                0x70101150                HAL_DCMIPP_CSI_ClockChangerFifoFullEventCallback
 .text.HAL_DCMIPP_CSI_ShortPacketDetectionEventCallback
                0x70101152        0x2 ./Drivers/STM32N6xx_HAL_Driver/stm32n6xx_hal_dcmipp.o
                0x70101152                HAL_DCMIPP_CSI_ShortPacketDetectionEventCallback
 .text.HAL_DCMIPP_CSI_EndOfFrameEventCallback
                0x70101154        0x2 ./Drivers/STM32N6xx_HAL_Driver/stm32n6xx_hal_dcmipp.o
                0x70101154                HAL_DCMIPP_CSI_EndOfFrameEventCallback
 .text.HAL_DCMIPP_CSI_StartOfFrameEventCallback
                0x70101156        0x2 ./Drivers/STM32N6xx_HAL_Driver/stm32n6xx_hal_dcmipp.o
                0x70101156                HAL_DCMIPP_CSI_StartOfFrameEventCallback
 .text.HAL_DCMIPP_CSI_TimerCounterEventCallback
                0x70101158        0x2 ./Drivers/STM32N6xx_HAL_Driver/stm32n6xx_hal_dcmipp.o
                0x70101158                HAL_DCMIPP_CSI_TimerCounterEventCallback
 .text.HAL_DCMIPP_CSI_LineByteEventCallback
                0x7010115a        0x2 ./Drivers/STM32N6xx_HAL_Driver/stm32n6xx_hal_dcmipp.o
                0x7010115a                HAL_DCMIPP_CSI_LineByteEventCallback
 .text.HAL_DCMIPP_CSI_IRQHandler
                0x7010115c      0x69c ./Drivers/STM32N6xx_HAL_Driver/stm32n6xx_hal_dcmipp.o
                0x7010115c                HAL_DCMIPP_CSI_IRQHandler
 .text.HAL_DMA_Abort
                0x701017f8       0x94 ./Drivers/STM32N6xx_HAL_Driver/stm32n6xx_hal_dma.o
                0x701017f8                HAL_DMA_Abort
 .text.HAL_DMA_Abort_IT
                0x7010188c       0x2a ./Drivers/STM32N6xx_HAL_Driver/stm32n6xx_hal_dma.o
                0x7010188c                HAL_DMA_Abort_IT
 *fill*         0x701018b6        0x2 
 .text.HAL_GPIO_Init
                0x701018b8      0x1c8 ./Drivers/STM32N6xx_HAL_Driver/stm32n6xx_hal_gpio.o
                0x701018b8                HAL_GPIO_Init
 .text.HAL_GPIO_ConfigPinAttributes
                0x70101a80       0x30 ./Drivers/STM32N6xx_HAL_Driver/stm32n6xx_hal_gpio.o
                0x70101a80                HAL_GPIO_ConfigPinAttributes
 .text.LL_RCC_HSE_SelectHSEAsDiv2Clock
                0x70101ab0       0x10 ./Drivers/STM32N6xx_HAL_Driver/stm32n6xx_hal_rcc_ex.o
 .text.LL_RCC_HSE_SelectHSEDiv2AsDiv2Clock
                0x70101ac0       0x10 ./Drivers/STM32N6xx_HAL_Driver/stm32n6xx_hal_rcc_ex.o
 .text.LL_RCC_LSE_IsReady
                0x70101ad0       0x10 ./Drivers/STM32N6xx_HAL_Driver/stm32n6xx_hal_rcc_ex.o
 .text.LL_RCC_SetClockSource
                0x70101ae0       0x24 ./Drivers/STM32N6xx_HAL_Driver/stm32n6xx_hal_rcc_ex.o
 .text.HAL_RCCEx_PeriphCLKConfig
                0x70101b04     0x18dc ./Drivers/STM32N6xx_HAL_Driver/stm32n6xx_hal_rcc_ex.o
                0x70101b04                HAL_RCCEx_PeriphCLKConfig
 .text.TIM_OC1_SetConfig
                0x701033e0       0xa0 ./Drivers/STM32N6xx_HAL_Driver/stm32n6xx_hal_tim.o
 .text.TIM_OC3_SetConfig
                0x70103480       0xa4 ./Drivers/STM32N6xx_HAL_Driver/stm32n6xx_hal_tim.o
 .text.TIM_OC4_SetConfig
                0x70103524       0xa8 ./Drivers/STM32N6xx_HAL_Driver/stm32n6xx_hal_tim.o
 .text.TIM_OC5_SetConfig
                0x701035cc       0x90 ./Drivers/STM32N6xx_HAL_Driver/stm32n6xx_hal_tim.o
 .text.TIM_OC6_SetConfig
                0x7010365c       0x94 ./Drivers/STM32N6xx_HAL_Driver/stm32n6xx_hal_tim.o
 .text.TIM_Base_SetConfig
                0x701036f0      0x13c ./Drivers/STM32N6xx_HAL_Driver/stm32n6xx_hal_tim.o
                0x701036f0                TIM_Base_SetConfig
 .text.HAL_TIM_Base_Init
                0x7010382c       0x60 ./Drivers/STM32N6xx_HAL_Driver/stm32n6xx_hal_tim.o
                0x7010382c                HAL_TIM_Base_Init
 .text.HAL_TIM_PWM_Init
                0x7010388c       0x60 ./Drivers/STM32N6xx_HAL_Driver/stm32n6xx_hal_tim.o
                0x7010388c                HAL_TIM_PWM_Init
 .text.TIM_OC2_SetConfig
                0x701038ec       0xa8 ./Drivers/STM32N6xx_HAL_Driver/stm32n6xx_hal_tim.o
                0x701038ec                TIM_OC2_SetConfig
 .text.HAL_TIM_PWM_ConfigChannel
                0x70103994       0xf8 ./Drivers/STM32N6xx_HAL_Driver/stm32n6xx_hal_tim.o
                0x70103994                HAL_TIM_PWM_ConfigChannel
 .text.TIM_ETR_SetConfig
                0x70103a8c       0x14 ./Drivers/STM32N6xx_HAL_Driver/stm32n6xx_hal_tim.o
                0x70103a8c                TIM_ETR_SetConfig
 .text.HAL_TIM_ConfigClockSource
                0x70103aa0      0x1a0 ./Drivers/STM32N6xx_HAL_Driver/stm32n6xx_hal_tim.o
                0x70103aa0                HAL_TIM_ConfigClockSource
 .text.TIM_CCxChannelCmd
                0x70103c40       0x1c ./Drivers/STM32N6xx_HAL_Driver/stm32n6xx_hal_tim.o
                0x70103c40                TIM_CCxChannelCmd
 .text.HAL_TIM_OC_Start
                0x70103c5c      0x198 ./Drivers/STM32N6xx_HAL_Driver/stm32n6xx_hal_tim.o
                0x70103c5c                HAL_TIM_OC_Start
 .text.HAL_TIM_PWM_Start
                0x70103df4        0x4 ./Drivers/STM32N6xx_HAL_Driver/stm32n6xx_hal_tim.o
                0x70103df4                HAL_TIM_PWM_Start
 .text.HAL_TIMEx_MasterConfigSynchronization
                0x70103df8       0xf8 ./Drivers/STM32N6xx_HAL_Driver/stm32n6xx_hal_tim_ex.o
                0x70103df8                HAL_TIMEx_MasterConfigSynchronization
 .text.UART_EndRxTransfer
                0x70103ef0       0x58 ./Drivers/STM32N6xx_HAL_Driver/stm32n6xx_hal_uart.o
 .text.HAL_UART_TxCpltCallback
                0x70103f48        0x2 ./Drivers/STM32N6xx_HAL_Driver/stm32n6xx_hal_uart.o
                0x70103f48                HAL_UART_TxCpltCallback
 .text.HAL_UART_ErrorCallback
                0x70103f4a        0x2 ./Drivers/STM32N6xx_HAL_Driver/stm32n6xx_hal_uart.o
                0x70103f4a                HAL_UART_ErrorCallback
 .text.UART_DMAAbortOnError
                0x70103f4c       0x10 ./Drivers/STM32N6xx_HAL_Driver/stm32n6xx_hal_uart.o
 .text.HAL_UARTEx_RxEventCallback
                0x70103f5c        0x2 ./Drivers/STM32N6xx_HAL_Driver/stm32n6xx_hal_uart.o
                0x70103f5c                HAL_UARTEx_RxEventCallback
 *fill*         0x70103f5e        0x2 
 .text.HAL_UART_IRQHandler
                0x70103f60      0x304 ./Drivers/STM32N6xx_HAL_Driver/stm32n6xx_hal_uart.o
                0x70103f60                HAL_UART_IRQHandler
 .text.HAL_UARTEx_WakeupCallback
                0x70104264        0x2 ./Drivers/STM32N6xx_HAL_Driver/stm32n6xx_hal_uart_ex.o
                0x70104264                HAL_UARTEx_WakeupCallback
 .text.HAL_UARTEx_RxFifoFullCallback
                0x70104266        0x2 ./Drivers/STM32N6xx_HAL_Driver/stm32n6xx_hal_uart_ex.o
                0x70104266                HAL_UARTEx_RxFifoFullCallback
 .text.HAL_UARTEx_TxFifoEmptyCallback
                0x70104268        0x2 ./Drivers/STM32N6xx_HAL_Driver/stm32n6xx_hal_uart_ex.o
                0x70104268                HAL_UARTEx_TxFifoEmptyCallback
 .text.memset   0x7010426a       0x10 D:/STMIDE/STM32CubeIDE_2.1.1/STM32CubeIDE/plugins/com.st.stm32cube.ide.mcu.externaltools.gnu-tools-for-stm32.14.3.rel1.win32_1.0.100.202602081740/tools/bin/../lib/gcc/arm-none-eabi/14.3.1/../../../../arm-none-eabi/lib/thumb/v8-m.main+dp/hard\libc_nano.a(libc_a-memset.o)
                0x7010426a                memset
 *fill*         0x7010427a        0x2 
 .text.__libc_init_array
                0x7010427c       0x48 D:/STMIDE/STM32CubeIDE_2.1.1/STM32CubeIDE/plugins/com.st.stm32cube.ide.mcu.externaltools.gnu-tools-for-stm32.14.3.rel1.win32_1.0.100.202602081740/tools/bin/../lib/gcc/arm-none-eabi/14.3.1/../../../../arm-none-eabi/lib/thumb/v8-m.main+dp/hard\libc_nano.a(libc_a-init.o)
                0x7010427c                __libc_init_array
 *(.glue_7)
 .glue_7        0x701042c4        0x0 linker stubs
 *(.glue_7t)
 .glue_7t       0x701042c4        0x0 linker stubs
 *(.eh_frame)
 .eh_frame      0x701042c4        0x0 D:/STMIDE/STM32CubeIDE_2.1.1/STM32CubeIDE/plugins/com.st.stm32cube.ide.mcu.externaltools.gnu-tools-for-stm32.14.3.rel1.win32_1.0.100.202602081740/tools/bin/../lib/gcc/arm-none-eabi/14.3.1/thumb/v8-m.main+dp/hard/crtbegin.o
 *(.RamFunc)
 *(.RamFunc*)
 *(.init)
 .init          0x701042c4        0x4 D:/STMIDE/STM32CubeIDE_2.1.1/STM32CubeIDE/plugins/com.st.stm32cube.ide.mcu.externaltools.gnu-tools-for-stm32.14.3.rel1.win32_1.0.100.202602081740/tools/bin/../lib/gcc/arm-none-eabi/14.3.1/thumb/v8-m.main+dp/hard/crti.o
                0x701042c4                _init
 .init          0x701042c8        0x8 D:/STMIDE/STM32CubeIDE_2.1.1/STM32CubeIDE/plugins/com.st.stm32cube.ide.mcu.externaltools.gnu-tools-for-stm32.14.3.rel1.win32_1.0.100.202602081740/tools/bin/../lib/gcc/arm-none-eabi/14.3.1/thumb/v8-m.main+dp/hard/crtn.o
 *(.fini)
 .fini          0x701042d0        0x4 D:/STMIDE/STM32CubeIDE_2.1.1/STM32CubeIDE/plugins/com.st.stm32cube.ide.mcu.externaltools.gnu-tools-for-stm32.14.3.rel1.win32_1.0.100.202602081740/tools/bin/../lib/gcc/arm-none-eabi/14.3.1/thumb/v8-m.main+dp/hard/crti.o
                0x701042d0                _fini
 .fini          0x701042d4        0x8 D:/STMIDE/STM32CubeIDE_2.1.1/STM32CubeIDE/plugins/com.st.stm32cube.ide.mcu.externaltools.gnu-tools-for-stm32.14.3.rel1.win32_1.0.100.202602081740/tools/bin/../lib/gcc/arm-none-eabi/14.3.1/thumb/v8-m.main+dp/hard/crtn.o
                0x701042dc                        . = ALIGN (0x4)
                0x701042dc                        _etext = .

.vfp11_veneer   0x701042dc        0x0
 .vfp11_veneer  0x701042dc        0x0 linker stubs

.v4_bx          0x701042dc        0x0
 .v4_bx         0x701042dc        0x0 linker stubs

.iplt           0x701042dc        0x0
 .iplt          0x701042dc        0x0 D:/STMIDE/STM32CubeIDE_2.1.1/STM32CubeIDE/plugins/com.st.stm32cube.ide.mcu.externaltools.gnu-tools-for-stm32.14.3.rel1.win32_1.0.100.202602081740/tools/bin/../lib/gcc/arm-none-eabi/14.3.1/thumb/v8-m.main+dp/hard/crtbegin.o

.rodata         0x701042dc        0x0
                0x701042dc                        . = ALIGN (0x4)
 *(.rodata)
 *(.rodata*)
                0x701042dc                        . = ALIGN (0x4)

.ARM.extab      0x701042dc        0x0
                0x701042dc                        . = ALIGN (0x4)
 *(.ARM.extab* .gnu.linkonce.armextab.*)
                0x701042dc                        . = ALIGN (0x4)

.ARM            0x701042dc        0x0
                0x701042dc                        . = ALIGN (0x4)
                0x701042dc                        __exidx_start = .
 *(.ARM.exidx*)
                0x701042dc                        __exidx_end = .
                0x701042dc                        . = ALIGN (0x4)

.preinit_array  0x701042dc        0x0
                0x701042dc                        . = ALIGN (0x4)
                0x701042dc                        PROVIDE (__preinit_array_start = .)
 *(.preinit_array*)
                0x701042dc                        PROVIDE (__preinit_array_end = .)
                0x701042dc                        . = ALIGN (0x4)

.init_array     0x701042dc        0x4
                0x701042dc                        . = ALIGN (0x4)
                0x701042dc                        PROVIDE (__init_array_start = .)
 *(SORT_BY_NAME(.init_array.*))
 *(.init_array*)
 .init_array    0x701042dc        0x4 D:/STMIDE/STM32CubeIDE_2.1.1/STM32CubeIDE/plugins/com.st.stm32cube.ide.mcu.externaltools.gnu-tools-for-stm32.14.3.rel1.win32_1.0.100.202602081740/tools/bin/../lib/gcc/arm-none-eabi/14.3.1/thumb/v8-m.main+dp/hard/crtbegin.o
                0x701042e0                        PROVIDE (__init_array_end = .)
                0x701042e0                        . = ALIGN (0x4)

.fini_array     0x701042e0        0x4
                0x701042e0                        . = ALIGN (0x4)
                [!provide]                        PROVIDE (__fini_array_start = .)
 *(SORT_BY_NAME(.fini_array.*))
 *(.fini_array*)
 .fini_array    0x701042e0        0x4 D:/STMIDE/STM32CubeIDE_2.1.1/STM32CubeIDE/plugins/com.st.stm32cube.ide.mcu.externaltools.gnu-tools-for-stm32.14.3.rel1.win32_1.0.100.202602081740/tools/bin/../lib/gcc/arm-none-eabi/14.3.1/thumb/v8-m.main+dp/hard/crtbegin.o
                [!provide]                        PROVIDE (__fini_array_end = .)
                0x701042e4                        . = ALIGN (0x4)
                0x701042e4                        _sidata = LOADADDR (.data)

.rel.dyn        0x701042e4        0x0
 .rel.iplt      0x701042e4        0x0 D:/STMIDE/STM32CubeIDE_2.1.1/STM32CubeIDE/plugins/com.st.stm32cube.ide.mcu.externaltools.gnu-tools-for-stm32.14.3.rel1.win32_1.0.100.202602081740/tools/bin/../lib/gcc/arm-none-eabi/14.3.1/thumb/v8-m.main+dp/hard/crtbegin.o

.data           0x34000000        0xc load address 0x701042e4
                0x34000000                        . = ALIGN (0x4)
                0x34000000                        _sdata = .
 *(.data)
 *(.data*)
 .data.SystemCoreClock
                0x34000000        0x4 ./Drivers/CMSIS/system_stm32n6xx_s.o
                0x34000000                SystemCoreClock
 .data.uwTickFreq
                0x34000004        0x1 ./Drivers/STM32N6xx_HAL_Driver/stm32n6xx_hal.o
                0x34000004                uwTickFreq
 *fill*         0x34000005        0x3 
 .data.uwTickPrio
                0x34000008        0x4 ./Drivers/STM32N6xx_HAL_Driver/stm32n6xx_hal.o
                0x34000008                uwTickPrio
                0x3400000c                        . = ALIGN (0x4)
                0x3400000c                        _edata = .

.igot.plt       0x3400000c        0x0 load address 0x701042f0
 .igot.plt      0x3400000c        0x0 D:/STMIDE/STM32CubeIDE_2.1.1/STM32CubeIDE/plugins/com.st.stm32cube.ide.mcu.externaltools.gnu-tools-for-stm32.14.3.rel1.win32_1.0.100.202602081740/tools/bin/../lib/gcc/arm-none-eabi/14.3.1/thumb/v8-m.main+dp/hard/crtbegin.o

.noncacheable   0x3400000c        0x4 load address 0x701042f0
                0x34000010                        . = ALIGN (0x8)
 *fill*         0x3400000c        0x4 
                0x34000010                        __snoncacheable = .
 *(.noncacheable)
                0x34000010                        . = ALIGN (0x8)
                0x34000010                        __enoncacheable = .

.gnu.sgstubs    0x70104300       0x20
                0x70104300                        . = ALIGN (0x4)
 *(.gnu.sgstubs*)
                0x70104300                        . = ALIGN (0x4)
 .gnu.sgstubs.__stub
                0x70104300       0x10 linker stubs
                0x70104300                SECURE_SystemCoreClockUpdate
                0x70104308                SECURE_RegisterCallback
                0x70104310                        . = ALIGN (0x4)

.bss            0x34000010      0x114
                0x34000010                        _sbss = .
                0x34000010                        __bss_start__ = _sbss
 *(.bss)
 .bss           0x34000010       0x1c D:/STMIDE/STM32CubeIDE_2.1.1/STM32CubeIDE/plugins/com.st.stm32cube.ide.mcu.externaltools.gnu-tools-for-stm32.14.3.rel1.win32_1.0.100.202602081740/tools/bin/../lib/gcc/arm-none-eabi/14.3.1/thumb/v8-m.main+dp/hard/crtbegin.o
 *(.bss*)
 .bss.huart1    0x3400002c       0x94 ./Application/User/Core/main.o
                0x3400002c                huart1
 .bss.htim4     0x340000c0       0x4c ./Application/User/Core/main.o
                0x340000c0                htim4
 .bss.pSecureErrorCallback
                0x3400010c        0x4 ./Application/User/Core/secure_nsc.o
                0x3400010c                pSecureErrorCallback
 .bss.pSecureFaultCallback
                0x34000110        0x4 ./Application/User/Core/secure_nsc.o
                0x34000110                pSecureFaultCallback
 .bss.hdcmipp   0x34000114        0xc ./Drivers/BSP/IMX335/imx335.o
                0x34000114                hdcmipp
 .bss.uwTick    0x34000120        0x4 ./Drivers/STM32N6xx_HAL_Driver/stm32n6xx_hal.o
                0x34000120                uwTick
 *(COMMON)
                0x34000124                        . = ALIGN (0x4)
                0x34000124                        _ebss = .
                0x34000124                        __bss_end__ = _ebss

._user_heap_stack
                0x34000124      0xa04
                0x34000128                        . = ALIGN (0x8)
 *fill*         0x34000124        0x4 
                [!provide]                        PROVIDE (end = .)
                0x34000128                        PROVIDE (_end = .)
                0x34000328                        . = (. + _Min_Heap_Size)
 *fill*         0x34000128      0x200 
                0x34000b28                        . = (. + _Min_Stack_Size)
 *fill*         0x34000328      0x800 
                0x34000b28                        . = ALIGN (0x8)

.EXTRAM         0x90000000        0x0
                0x90000000                        . = ALIGN (0x8)
 *(.EXTRAM)
                0x90000000                        . = ALIGN (0x8)

/DISCARD/
 libc.a(*)
 libm.a(*)
 libgcc.a(*)

.ARM.attributes
                0x00000000       0x3a
 *(.ARM.attributes)
 .ARM.attributes
                0x00000000       0x24 D:/STMIDE/STM32CubeIDE_2.1.1/STM32CubeIDE/plugins/com.st.stm32cube.ide.mcu.externaltools.gnu-tools-for-stm32.14.3.rel1.win32_1.0.100.202602081740/tools/bin/../lib/gcc/arm-none-eabi/14.3.1/thumb/v8-m.main+dp/hard/crti.o
 .ARM.attributes
                0x00000024       0x36 D:/STMIDE/STM32CubeIDE_2.1.1/STM32CubeIDE/plugins/com.st.stm32cube.ide.mcu.externaltools.gnu-tools-for-stm32.14.3.rel1.win32_1.0.100.202602081740/tools/bin/../lib/gcc/arm-none-eabi/14.3.1/thumb/v8-m.main+dp/hard/crtbegin.o
 .ARM.attributes
                0x0000005a       0x3e ./Application/User/Core/main.o
 .ARM.attributes
                0x00000098       0x3e ./Application/User/Core/stm32n6xx_hal_msp.o
 .ARM.attributes
                0x000000d6       0x3e ./Application/User/Core/stm32n6xx_it.o
 .ARM.attributes
                0x00000114       0x22 ./Application/User/Startup/startup_stm32n647x0hxq.o
 .ARM.attributes
                0x00000136       0x3e ./Drivers/BSP/IMX335/imx335.o
 .ARM.attributes
                0x00000174       0x3e ./Drivers/CMSIS/system_stm32n6xx_s.o
 .ARM.attributes
                0x000001b2       0x3e ./Drivers/STM32N6xx_HAL_Driver/stm32n6xx_hal.o
 .ARM.attributes
                0x000001f0       0x3e ./Drivers/STM32N6xx_HAL_Driver/stm32n6xx_hal_cortex.o
 .ARM.attributes
                0x0000022e       0x3e ./Drivers/STM32N6xx_HAL_Driver/stm32n6xx_hal_dcmipp.o
 .ARM.attributes
                0x0000026c       0x3e ./Drivers/STM32N6xx_HAL_Driver/stm32n6xx_hal_dma.o
 .ARM.attributes
                0x000002aa       0x3e ./Drivers/STM32N6xx_HAL_Driver/stm32n6xx_hal_gpio.o
 .ARM.attributes
                0x000002e8       0x3e ./Drivers/STM32N6xx_HAL_Driver/stm32n6xx_hal_rcc_ex.o
 .ARM.attributes
                0x00000326       0x3e ./Drivers/STM32N6xx_HAL_Driver/stm32n6xx_hal_tim.o
 .ARM.attributes
                0x00000364       0x3e ./Drivers/STM32N6xx_HAL_Driver/stm32n6xx_hal_tim_ex.o
 .ARM.attributes
                0x000003a2       0x3e ./Drivers/STM32N6xx_HAL_Driver/stm32n6xx_hal_uart.o
 .ARM.attributes
                0x000003e0       0x3e ./Drivers/STM32N6xx_HAL_Driver/stm32n6xx_hal_uart_ex.o
 .ARM.attributes
                0x0000041e       0x36 D:/STMIDE/STM32CubeIDE_2.1.1/STM32CubeIDE/plugins/com.st.stm32cube.ide.mcu.externaltools.gnu-tools-for-stm32.14.3.rel1.win32_1.0.100.202602081740/tools/bin/../lib/gcc/arm-none-eabi/14.3.1/../../../../arm-none-eabi/lib/thumb/v8-m.main+dp/hard\libc_nano.a(libc_a-memset.o)
 .ARM.attributes
                0x00000454       0x36 D:/STMIDE/STM32CubeIDE_2.1.1/STM32CubeIDE/plugins/com.st.stm32cube.ide.mcu.externaltools.gnu-tools-for-stm32.14.3.rel1.win32_1.0.100.202602081740/tools/bin/../lib/gcc/arm-none-eabi/14.3.1/../../../../arm-none-eabi/lib/thumb/v8-m.main+dp/hard\libc_nano.a(libc_a-init.o)
 .ARM.attributes
                0x0000048a       0x24 D:/STMIDE/STM32CubeIDE_2.1.1/STM32CubeIDE/plugins/com.st.stm32cube.ide.mcu.externaltools.gnu-tools-for-stm32.14.3.rel1.win32_1.0.100.202602081740/tools/bin/../lib/gcc/arm-none-eabi/14.3.1/thumb/v8-m.main+dp/hard/crtn.o
OUTPUT(gr_Appli.elf elf32-littlearm)
LOAD linker stubs
LOAD D:/STMIDE/STM32CubeIDE_2.1.1/STM32CubeIDE/plugins/com.st.stm32cube.ide.mcu.externaltools.gnu-tools-for-stm32.14.3.rel1.win32_1.0.100.202602081740/tools/bin/../lib/gcc/arm-none-eabi/14.3.1/../../../../arm-none-eabi/lib/thumb/v8-m.main+dp/hard\libc.a
LOAD D:/STMIDE/STM32CubeIDE_2.1.1/STM32CubeIDE/plugins/com.st.stm32cube.ide.mcu.externaltools.gnu-tools-for-stm32.14.3.rel1.win32_1.0.100.202602081740/tools/bin/../lib/gcc/arm-none-eabi/14.3.1/../../../../arm-none-eabi/lib/thumb/v8-m.main+dp/hard\libm.a
LOAD D:/STMIDE/STM32CubeIDE_2.1.1/STM32CubeIDE/plugins/com.st.stm32cube.ide.mcu.externaltools.gnu-tools-for-stm32.14.3.rel1.win32_1.0.100.202602081740/tools/bin/../lib/gcc/arm-none-eabi/14.3.1/thumb/v8-m.main+dp/hard\libgcc.a

.comment        0x00000000       0x43
 .comment       0x00000000       0x43 ./Application/User/Core/main.o
                                 0x44 (size before relaxing)
 .comment       0x00000043       0x44 ./Application/User/Core/stm32n6xx_hal_msp.o
 .comment       0x00000043       0x44 ./Application/User/Core/stm32n6xx_it.o
 .comment       0x00000043       0x44 ./Drivers/BSP/IMX335/imx335.o
 .comment       0x00000043       0x44 ./Drivers/CMSIS/system_stm32n6xx_s.o
 .comment       0x00000043       0x44 ./Drivers/STM32N6xx_HAL_Driver/stm32n6xx_hal.o
 .comment       0x00000043       0x44 ./Drivers/STM32N6xx_HAL_Driver/stm32n6xx_hal_cortex.o
 .comment       0x00000043       0x44 ./Drivers/STM32N6xx_HAL_Driver/stm32n6xx_hal_dcmipp.o
 .comment       0x00000043       0x44 ./Drivers/STM32N6xx_HAL_Driver/stm32n6xx_hal_dma.o
 .comment       0x00000043       0x44 ./Drivers/STM32N6xx_HAL_Driver/stm32n6xx_hal_gpio.o
 .comment       0x00000043       0x44 ./Drivers/STM32N6xx_HAL_Driver/stm32n6xx_hal_rcc_ex.o
 .comment       0x00000043       0x44 ./Drivers/STM32N6xx_HAL_Driver/stm32n6xx_hal_tim.o
 .comment       0x00000043       0x44 ./Drivers/STM32N6xx_HAL_Driver/stm32n6xx_hal_tim_ex.o
 .comment       0x00000043       0x44 ./Drivers/STM32N6xx_HAL_Driver/stm32n6xx_hal_uart.o
 .comment       0x00000043       0x44 ./Drivers/STM32N6xx_HAL_Driver/stm32n6xx_hal_uart_ex.o

.debug_frame    0x00000000       0x4c
 .debug_frame   0x00000000       0x20 D:/STMIDE/STM32CubeIDE_2.1.1/STM32CubeIDE/plugins/com.st.stm32cube.ide.mcu.externaltools.gnu-tools-for-stm32.14.3.rel1.win32_1.0.100.202602081740/tools/bin/../lib/gcc/arm-none-eabi/14.3.1/../../../../arm-none-eabi/lib/thumb/v8-m.main+dp/hard\libc_nano.a(libc_a-memset.o)
 .debug_frame   0x00000020       0x2c D:/STMIDE/STM32CubeIDE_2.1.1/STM32CubeIDE/plugins/com.st.stm32cube.ide.mcu.externaltools.gnu-tools-for-stm32.14.3.rel1.win32_1.0.100.202602081740/tools/bin/../lib/gcc/arm-none-eabi/14.3.1/../../../../arm-none-eabi/lib/thumb/v8-m.main+dp/hard\libc_nano.a(libc_a-init.o)
