Archive member included to satisfy reference by file (symbol)

D:\modify_project\Projects\gr\STM32CubeIDE\Appli\Middlewares\STM32_MW_ISP\evision\Lib\libn6-evision-awb_gcc.a(evision-awb.o)
                              ./Middlewares/STM32_MW_ISP/isp/Src/isp_algo.o (evision_api_awb_new)
D:\modify_project\Projects\gr\STM32CubeIDE\Appli\Middlewares\STM32_MW_ISP\evision\Lib\libn6-evision-awb_gcc.a(evision-utils.o)
                              D:\modify_project\Projects\gr\STM32CubeIDE\Appli\Middlewares\STM32_MW_ISP\evision\Lib\libn6-evision-awb_gcc.a(evision-awb.o) (LOXtOTiCQC)
D:\modify_project\Projects\gr\STM32CubeIDE\Appli\Middlewares\STM32_MW_ISP\evision\Lib\libn6-evision-st-ae_gcc.a(evision-st-ae.o)
                              ./Middlewares/STM32_MW_ISP/isp/Src/isp_algo.o (evision_api_st_ae_new)
D:/STMIDE/STM32CubeIDE_2.1.1/STM32CubeIDE/plugins/com.st.stm32cube.ide.mcu.externaltools.gnu-tools-for-stm32.14.3.rel1.win32_1.0.100.202602081740/tools/bin/../lib/gcc/arm-none-eabi/14.3.1/../../../../arm-none-eabi/lib/thumb/v8-m.main+dp/hard\libc_nano.a(libc_a-exit.o)
                              D:/STMIDE/STM32CubeIDE_2.1.1/STM32CubeIDE/plugins/com.st.stm32cube.ide.mcu.externaltools.gnu-tools-for-stm32.14.3.rel1.win32_1.0.100.202602081740/tools/bin/../lib/gcc/arm-none-eabi/14.3.1/../../../../arm-none-eabi/lib/thumb/v8-m.main+dp/hard/crt0.o (exit)
D:/STMIDE/STM32CubeIDE_2.1.1/STM32CubeIDE/plugins/com.st.stm32cube.ide.mcu.externaltools.gnu-tools-for-stm32.14.3.rel1.win32_1.0.100.202602081740/tools/bin/../lib/gcc/arm-none-eabi/14.3.1/../../../../arm-none-eabi/lib/thumb/v8-m.main+dp/hard\libc_nano.a(libc_a-malloc.o)
                              ./Middlewares/FATFS/FatFs/source/ffsystem.o (malloc)
D:/STMIDE/STM32CubeIDE_2.1.1/STM32CubeIDE/plugins/com.st.stm32cube.ide.mcu.externaltools.gnu-tools-for-stm32.14.3.rel1.win32_1.0.100.202602081740/tools/bin/../lib/gcc/arm-none-eabi/14.3.1/../../../../arm-none-eabi/lib/thumb/v8-m.main+dp/hard\libc_nano.a(libc_a-mallocr.o)
                              D:/STMIDE/STM32CubeIDE_2.1.1/STM32CubeIDE/plugins/com.st.stm32cube.ide.mcu.externaltools.gnu-tools-for-stm32.14.3.rel1.win32_1.0.100.202602081740/tools/bin/../lib/gcc/arm-none-eabi/14.3.1/../../../../arm-none-eabi/lib/thumb/v8-m.main+dp/hard\libc_nano.a(libc_a-malloc.o) (_malloc_r)
D:/STMIDE/STM32CubeIDE_2.1.1/STM32CubeIDE/plugins/com.st.stm32cube.ide.mcu.externaltools.gnu-tools-for-stm32.14.3.rel1.win32_1.0.100.202602081740/tools/bin/../lib/gcc/arm-none-eabi/14.3.1/../../../../arm-none-eabi/lib/thumb/v8-m.main+dp/hard\libc_nano.a(libc_a-mlock.o)
                              D:/STMIDE/STM32CubeIDE_2.1.1/STM32CubeIDE/plugins/com.st.stm32cube.ide.mcu.externaltools.gnu-tools-for-stm32.14.3.rel1.win32_1.0.100.202602081740/tools/bin/../lib/gcc/arm-none-eabi/14.3.1/../../../../arm-none-eabi/lib/thumb/v8-m.main+dp/hard\libc_nano.a(libc_a-mallocr.o) (__malloc_lock)
D:/STMIDE/STM32CubeIDE_2.1.1/STM32CubeIDE/plugins/com.st.stm32cube.ide.mcu.externaltools.gnu-tools-for-stm32.14.3.rel1.win32_1.0.100.202602081740/tools/bin/../lib/gcc/arm-none-eabi/14.3.1/../../../../arm-none-eabi/lib/thumb/v8-m.main+dp/hard\libc_nano.a(libc_a-findfp.o)
                              D:/STMIDE/STM32CubeIDE_2.1.1/STM32CubeIDE/plugins/com.st.stm32cube.ide.mcu.externaltools.gnu-tools-for-stm32.14.3.rel1.win32_1.0.100.202602081740/tools/bin/../lib/gcc/arm-none-eabi/14.3.1/../../../../arm-none-eabi/lib/thumb/v8-m.main+dp/hard\libc_nano.a(libc_a-exit.o) (__stdio_exit_handler)
D:/STMIDE/STM32CubeIDE_2.1.1/STM32CubeIDE/plugins/com.st.stm32cube.ide.mcu.externaltools.gnu-tools-for-stm32.14.3.rel1.win32_1.0.100.202602081740/tools/bin/../lib/gcc/arm-none-eabi/14.3.1/../../../../arm-none-eabi/lib/thumb/v8-m.main+dp/hard\libc_nano.a(libc_a-fwalk.o)
                              D:/STMIDE/STM32CubeIDE_2.1.1/STM32CubeIDE/plugins/com.st.stm32cube.ide.mcu.externaltools.gnu-tools-for-stm32.14.3.rel1.win32_1.0.100.202602081740/tools/bin/../lib/gcc/arm-none-eabi/14.3.1/../../../../arm-none-eabi/lib/thumb/v8-m.main+dp/hard\libc_nano.a(libc_a-findfp.o) (_fwalk_sglue)
D:/STMIDE/STM32CubeIDE_2.1.1/STM32CubeIDE/plugins/com.st.stm32cube.ide.mcu.externaltools.gnu-tools-for-stm32.14.3.rel1.win32_1.0.100.202602081740/tools/bin/../lib/gcc/arm-none-eabi/14.3.1/../../../../arm-none-eabi/lib/thumb/v8-m.main+dp/hard\libc_nano.a(libc_a-printf.o)
                              ./Application/User/Core/main.o (printf)
D:/STMIDE/STM32CubeIDE_2.1.1/STM32CubeIDE/plugins/com.st.stm32cube.ide.mcu.externaltools.gnu-tools-for-stm32.14.3.rel1.win32_1.0.100.202602081740/tools/bin/../lib/gcc/arm-none-eabi/14.3.1/../../../../arm-none-eabi/lib/thumb/v8-m.main+dp/hard\libc_nano.a(libc_a-putchar.o)
                              ./Middlewares/FATFS/exfuns/fattester.o (putchar)
[...]
Memory Configuration

Name             Origin             Length             Attributes
ROM              0x70100400         0x01effc00         xrw
RAM              0x34000000         0x00200000         xrw
EXTRAM           0x90000000         0x02000000         rw
*default*        0x00000000         0xffffffff

Linker script and memory map

LOAD D:/STMIDE/STM32CubeIDE_2.1.1/STM32CubeIDE/plugins/com.st.stm32cube.ide.mcu.externaltools.gnu-tools-for-stm32.14.3.rel1.win32_1.0.100.202602081740/tools/bin/../lib/gcc/arm-none-eabi/14.3.1/thumb/v8-m.main+dp/hard/crti.o
LOAD D:/STMIDE/STM32CubeIDE_2.1.1/STM32CubeIDE/plugins/com.st.stm32cube.ide.mcu.externaltools.gnu-tools-for-stm32.14.3.rel1.win32_1.0.100.202602081740/tools/bin/../lib/gcc/arm-none-eabi/14.3.1/thumb/v8-m.main+dp/hard/crtbegin.o
LOAD D:/STMIDE/STM32CubeIDE_2.1.1/STM32CubeIDE/plugins/com.st.stm32cube.ide.mcu.externaltools.gnu-tools-for-stm32.14.3.rel1.win32_1.0.100.202602081740/tools/bin/../lib/gcc/arm-none-eabi/14.3.1/../../../../arm-none-eabi/lib/thumb/v8-m.main+dp/hard/crt0.o
LOAD ./Application/User/Core/main.o
LOAD ./Application/User/Core/secure_nsc.o
LOAD ./Application/User/Core/stm32n6xx_hal_msp.o
LOAD ./Application/User/Core/stm32n6xx_it.o
LOAD ./Application/User/Core/syscalls.o
LOAD ./Application/User/Core/sysmem.o
LOAD ./Application/User/FatFs/diskio.o
LOAD ./Application/User/Startup/startup_stm32n647x0hxq.o
LOAD ./Drivers/BSP/ADC/adc.o
LOAD ./Drivers/BSP/AP3216C/ap3216c.o
LOAD ./Drivers/BSP/BEEP/beep.o
LOAD ./Drivers/BSP/HyperRAM/hyperram.o
LOAD ./Drivers/BSP/IMX335/STM32_IMX335/imx335.o
LOAD ./Drivers/BSP/IMX335/STM32_IMX335/imx335_reg.o
LOAD ./Drivers/BSP/IMX335/imx335.o
LOAD ./Drivers/BSP/KEY/key.o
LOAD ./Drivers/BSP/LED/led.o
LOAD ./Drivers/BSP/RGBLCD/rgblcd.o
LOAD ./Drivers/BSP/SD_CARD/sd_card.o
LOAD ./Drivers/BSP/SD_NAND/sd_nand.o
LOAD ./Drivers/BSP/SYS/sys.o
LOAD ./Drivers/BSP/UART/uart.o
LOAD ./Drivers/CMSIS/system_stm32n6xx_s.o
LOAD ./Drivers/STM32N6xx_HAL_Driver/stm32n6xx_hal.o
LOAD ./Drivers/STM32N6xx_HAL_Driver/stm32n6xx_hal_adc.o
LOAD ./Drivers/STM32N6xx_HAL_Driver/stm32n6xx_hal_adc_ex.o
LOAD ./Drivers/STM32N6xx_HAL_Driver/stm32n6xx_hal_cortex.o
LOAD ./Drivers/STM32N6xx_HAL_Driver/stm32n6xx_hal_dcmipp.o
LOAD ./Drivers/STM32N6xx_HAL_Driver/stm32n6xx_hal_dma.o
LOAD ./Drivers/STM32N6xx_HAL_Driver/stm32n6xx_hal_dma2d.o
LOAD ./Drivers/STM32N6xx_HAL_Driver/stm32n6xx_hal_dma_ex.o
LOAD ./Drivers/STM32N6xx_HAL_Driver/stm32n6xx_hal_exti.o
LOAD ./Drivers/STM32N6xx_HAL_Driver/stm32n6xx_hal_gpio.o
LOAD ./Drivers/STM32N6xx_HAL_Driver/stm32n6xx_hal_i2c.o
LOAD ./Drivers/STM32N6xx_HAL_Driver/stm32n6xx_hal_i2c_ex.o
LOAD ./Drivers/STM32N6xx_HAL_Driver/stm32n6xx_hal_ltdc.o
LOAD ./Drivers/STM32N6xx_HAL_Driver/stm32n6xx_hal_ltdc_ex.o
LOAD ./Drivers/STM32N6xx_HAL_Driver/stm32n6xx_hal_mmc.o
LOAD ./Drivers/STM32N6xx_HAL_Driver/stm32n6xx_hal_mmc_ex.o
LOAD ./Drivers/STM32N6xx_HAL_Driver/stm32n6xx_hal_pwr.o
LOAD ./Drivers/STM32N6xx_HAL_Driver/stm32n6xx_hal_pwr_ex.o
LOAD ./Drivers/STM32N6xx_HAL_Driver/stm32n6xx_hal_rcc.o
LOAD ./Drivers/STM32N6xx_HAL_Driver/stm32n6xx_hal_rcc_ex.o
LOAD ./Drivers/STM32N6xx_HAL_Driver/stm32n6xx_hal_rif.o
LOAD ./Drivers/STM32N6xx_HAL_Driver/stm32n6xx_hal_sd.o
LOAD ./Drivers/STM32N6xx_HAL_Driver/stm32n6xx_hal_sd_ex.o
LOAD ./Drivers/STM32N6xx_HAL_Driver/stm32n6xx_hal_sdio.o
LOAD ./Drivers/STM32N6xx_HAL_Driver/stm32n6xx_hal_tim.o
LOAD ./Drivers/STM32N6xx_HAL_Driver/stm32n6xx_hal_tim_ex.o
LOAD ./Drivers/STM32N6xx_HAL_Driver/stm32n6xx_hal_uart.o
LOAD ./Drivers/STM32N6xx_HAL_Driver/stm32n6xx_hal_uart_ex.o
LOAD ./Drivers/STM32N6xx_HAL_Driver/stm32n6xx_hal_xspi.o
LOAD ./Drivers/STM32N6xx_HAL_Driver/stm32n6xx_ll_sdmmc.o
LOAD ./Middlewares/FATFS/FatFs/source/ff.o
LOAD ./Middlewares/FATFS/FatFs/source/ffsystem.o
LOAD ./Middlewares/FATFS/FatFs/source/ffunicode.o
LOAD ./Middlewares/FATFS/exfuns/exfuns.o
LOAD ./Middlewares/FATFS/exfuns/fattester.o
LOAD ./Middlewares/MALLOC/malloc.o
LOAD ./Middlewares/PICTURE/bmp.o
LOAD ./Middlewares/PICTURE/gif.o
LOAD ./Middlewares/PICTURE/hjpgd.o
LOAD ./Middlewares/PICTURE/piclib.o
LOAD ./Middlewares/PICTURE/tjpgd.o
LOAD ./Middlewares/STM32_MW_ISP/isp/Src/isp_algo.o
LOAD ./Middlewares/STM32_MW_ISP/isp/Src/isp_cmd_parser.o
LOAD ./Middlewares/STM32_MW_ISP/isp/Src/isp_core.o
LOAD ./Middlewares/STM32_MW_ISP/isp/Src/isp_services.o
LOAD ./Middlewares/STM32_MW_ISP/isp/Src/isp_tool_com.o
LOAD D:\modify_project\Projects\gr\STM32CubeIDE\Appli\Middlewares\STM32_MW_ISP\evision\Lib\libn6-evision-awb_gcc.a
LOAD D:\modify_project\Projects\gr\STM32CubeIDE\Appli\Middlewares\STM32_MW_ISP\evision\Lib\libn6-evision-st-ae_gcc.a
START GROUP
LOAD D:/STMIDE/STM32CubeIDE_2.1.1/STM32CubeIDE/plugins/com.st.stm32cube.ide.mcu.externaltools.gnu-tools-for-stm32.14.3.rel1.win32_1.0.100.202602081740/tools/bin/../lib/gcc/arm-none-eabi/14.3.1/../../../../arm-none-eabi/lib/thumb/v8-m.main+dp/hard\libc_nano.a
LOAD D:/STMIDE/STM32CubeIDE_2.1.1/STM32CubeIDE/plugins/com.st.stm32cube.ide.mcu.externaltools.gnu-tools-for-stm32.14.3.rel1.win32_1.0.100.202602081740/tools/bin/../lib/gcc/arm-none-eabi/14.3.1/../../../../arm-none-eabi/lib/thumb/v8-m.main+dp/hard\libm.a
END GROUP
START GROUP
LOAD D:/STMIDE/STM32CubeIDE_2.1.1/STM32CubeIDE/plugins/com.st.stm32cube.ide.mcu.externaltools.gnu-tools-for-stm32.14.3.rel1.win32_1.0.100.202602081740/tools/bin/../lib/gcc/arm-none-eabi/14.3.1/thumb/v8-m.main+dp/hard\libgcc.a
LOAD D:/STMIDE/STM32CubeIDE_2.1.1/STM32CubeIDE/plugins/com.st.stm32cube.ide.mcu.externaltools.gnu-tools-for-stm32.14.3.rel1.win32_1.0.100.202602081740/tools/bin/../lib/gcc/arm-none-eabi/14.3.1/../../../../arm-none-eabi/lib/thumb/v8-m.main+dp/hard\libc_nano.a
END GROUP
START GROUP
LOAD D:/STMIDE/STM32CubeIDE_2.1.1/STM32CubeIDE/plugins/com.st.stm32cube.ide.mcu.externaltools.gnu-tools-for-stm32.14.3.rel1.win32_1.0.100.202602081740/tools/bin/../lib/gcc/arm-none-eabi/14.3.1/thumb/v8-m.main+dp/hard\libgcc.a
LOAD D:/STMIDE/STM32CubeIDE_2.1.1/STM32CubeIDE/plugins/com.st.stm32cube.ide.mcu.externaltools.gnu-tools-for-stm32.14.3.rel1.win32_1.0.100.202602081740/tools/bin/../lib/gcc/arm-none-eabi/14.3.1/../../../../arm-none-eabi/lib/thumb/v8-m.main+dp/hard\libc_nano.a
LOAD D:/STMIDE/STM32CubeIDE_2.1.1/STM32CubeIDE/plugins/com.st.stm32cube.ide.mcu.externaltools.gnu-tools-for-stm32.14.3.rel1.win32_1.0.100.202602081740/tools/bin/../lib/gcc/arm-none-eabi/14.3.1/../../../../arm-none-eabi/lib/thumb/v8-m.main+dp/hard\libnosys.a
END GROUP
START GROUP
LOAD D:/STMIDE/STM32CubeIDE_2.1.1/STM32CubeIDE/plugins/com.st.stm32cube.ide.mcu.externaltools.gnu-tools-for-stm32.14.3.rel1.win32_1.0.100.202602081740/tools/bin/../lib/gcc/arm-none-eabi/14.3.1/thumb/v8-m.main+dp/hard\libgcc.a
LOAD D:/STMIDE/STM32CubeIDE_2.1.1/STM32CubeIDE/plugins/com.st.stm32cube.ide.mcu.externaltools.gnu-tools-for-stm32.14.3.rel1.win32_1.0.100.202602081740/tools/bin/../lib/gcc/arm-none-eabi/14.3.1/../../../../arm-none-eabi/lib/thumb/v8-m.main+dp/hard\libc_nano.a
LOAD D:/STMIDE/STM32CubeIDE_2.1.1/STM32CubeIDE/plugins/com.st.stm32cube.ide.mcu.externaltools.gnu-tools-for-stm32.14.3.rel1.win32_1.0.100.202602081740/tools/bin/../lib/gcc/arm-none-eabi/14.3.1/../../../../arm-none-eabi/lib/thumb/v8-m.main+dp/hard\libnosys.a
END GROUP
LOAD D:/STMIDE/STM32CubeIDE_2.1.1/STM32CubeIDE/plugins/com.st.stm32cube.ide.mcu.externaltools.gnu-tools-for-stm32.14.3.rel1.win32_1.0.100.202602081740/tools/bin/../lib/gcc/arm-none-eabi/14.3.1/thumb/v8-m.main+dp/hard/crtend.o
LOAD D:/STMIDE/STM32CubeIDE_2.1.1/STM32CubeIDE/plugins/com.st.stm32cube.ide.mcu.externaltools.gnu-tools-for-stm32.14.3.rel1.win32_1.0.100.202602081740/tools/bin/../lib/gcc/arm-none-eabi/14.3.1/thumb/v8-m.main+dp/hard/crtn.o
                0x00000200                        _Min_Heap_Size = 0x200
                0x00000800                        _Min_Stack_Size = 0x800
                0x34200000                        _estack = (ORIGIN (RAM) + LENGTH (RAM))
                0x341ff800                        _sstack = (_estack - _Min_Stack_Size)

.isr_vector     0x70100400      0x34c
                0x70100400                        . = ALIGN (0x4)
 *(.isr_vector)
 .isr_vector    0x70100400      0x34c ./Application/User/Startup/startup_stm32n647x0hxq.o
                0x70100400                g_pfnVectors
                0x7010074c                        . = ALIGN (0x4)

.text           0x70100750    0x17478
                0x70100750                        . = ALIGN (0x4)
 *(.text)
 .text          0x70100750       0x40 D:/STMIDE/STM32CubeIDE_2.1.1/STM32CubeIDE/plugins/com.st.stm32cube.ide.mcu.externaltools.gnu-tools-for-stm32.14.3.rel1.win32_1.0.100.202602081740/tools/bin/../lib/gcc/arm-none-eabi/14.3.1/thumb/v8-m.main+dp/hard/crtbegin.o
 .text          0x70100790      0x9a0 D:\modify_project\Projects\gr\STM32CubeIDE\Appli\Middlewares\STM32_MW_ISP\evision\Lib\libn6-evision-awb_gcc.a(evision-awb.o)
                0x70100790                vsvAKZpqpB
                0x70100b58                JxZhqVLLqu
                0x70100c6e                evision_api_awb_new
                0x70100ca8                evision_api_awb_delete
                0x70100cb4                evision_api_awb_set_profile
                0x70100cf4                evision_api_awb_init_profiles
                0x7010109c                evision_api_awb_run_average
 .text          0x70101130      0x154 D:\modify_project\Projects\gr\STM32CubeIDE\Appli\Middlewares\STM32_MW_ISP\evision\Lib\libn6-evision-awb_gcc.a(evision-utils.o)
                0x70101130                LOXtOTiCQC
 *fill*         0x70101284        0x4 
 .text          0x70101288      0x2a4 D:\modify_project\Projects\gr\STM32CubeIDE\Appli\Middlewares\STM32_MW_ISP\evision\Lib\libn6-evision-st-ae_gcc.a(evision-st-ae.o)
                0x70101288                evision_api_st_ae_new
                0x701012bc                evision_api_st_ae_delete
                0x701012c8                AagifFaCgc
                0x70101330                evision_api_st_ae_init
                0x70101346                evision_api_st_ae_process
 .text          0x7010152c       0x14 D:/STMIDE/STM32CubeIDE_2.1.1/STM32CubeIDE/plugins/com.st.stm32cube.ide.mcu.externaltools.gnu-tools-for-stm32.14.3.rel1.win32_1.0.100.202602081740/tools/bin/../lib/gcc/arm-none-eabi/14.3.1/../../../../arm-none-eabi/lib/thumb/v8-m.main+dp/hard\libc_nano.a(libc_a-strcmp.o)
                0x7010152c                strcmp
 .text          0x70101540       0xa0 D:/STMIDE/STM32CubeIDE_2.1.1/STM32CubeIDE/plugins/com.st.stm32cube.ide.mcu.externaltools.gnu-tools-for-stm32.14.3.rel1.win32_1.0.100.202602081740/tools/bin/../lib/gcc/arm-none-eabi/14.3.1/thumb/v8-m.main+dp/hard\libgcc.a(_aeabi_ldivmod.o)
                0x70101540                __aeabi_ldivmod
 .text          0x701015e0       0x30 D:/STMIDE/STM32CubeIDE_2.1.1/STM32CubeIDE/plugins/com.st.stm32cube.ide.mcu.externaltools.gnu-tools-for-stm32.14.3.rel1.win32_1.0.100.202602081740/tools/bin/../lib/gcc/arm-none-eabi/14.3.1/thumb/v8-m.main+dp/hard\libgcc.a(_aeabi_uldivmod.o)
                0x701015e0                __aeabi_uldivmod
 .text          0x70101610      0x34c D:/STMIDE/STM32CubeIDE_2.1.1/STM32CubeIDE/plugins/com.st.stm32cube.ide.mcu.externaltools.gnu-tools-for-stm32.14.3.rel1.win32_1.0.100.202602081740/tools/bin/../lib/gcc/arm-none-eabi/14.3.1/thumb/v8-m.main+dp/hard\libgcc.a(_udivmoddi4.o)
                0x70101610                __udivmoddi4
 .text          0x7010195c        0x4 D:/STMIDE/STM32CubeIDE_2.1.1/STM32CubeIDE/plugins/com.st.stm32cube.ide.mcu.externaltools.gnu-tools-for-stm32.14.3.rel1.win32_1.0.100.202602081740/tools/bin/../lib/gcc/arm-none-eabi/14.3.1/thumb/v8-m.main+dp/hard\libgcc.a(_dvmd_tls.o)
                0x7010195c                __aeabi_idiv0
                0x7010195c                __aeabi_ldiv0
 *(.text*)
 .text.LL_AHB4_GRP1_EnableClock
                0x70101960       0x18 ./Application/User/Core/main.o
 .text.delay_us
                0x70101978       0x2c ./Application/User/Core/main.o
 .text.ds18b20_release_bus
                0x701019a4       0x10 ./Application/User/Core/main.o
 .text.ds18b20_pull_low
                0x701019b4       0x10 ./Application/User/Core/main.o
 .text.ds18b20_write_byte
                0x701019c4       0x3e ./Application/User/Core/main.o
 *fill*         0x70101a02        0x2 
 .text.ds18b20_reset
                0x70101a04       0x40 ./Application/User/Core/main.o
 .text.ds18b20_start_conversion
                0x70101a44       0x1c ./Application/User/Core/main.o
 .text.ds18b20_read_temperature_c_x100
                0x70101a60       0xe0 ./Application/User/Core/main.o
 .text.sgp30_crc8.constprop.0
                0x70101b40       0x3e ./Application/User/Core/main.o
 *fill*         0x70101b7e        0x2 
 .text.lcd_clear_simple.constprop.0
                0x70101b80       0x30 ./Application/User/Core/main.o
 .text.show_sensor_page.isra.0
                0x70101bb0      0x254 ./Application/User/Core/main.o
 .text.pump_update_by_moisture
                0x70101e04       0x28 ./Application/User/Core/main.o
 .text.fan_update_by_air
                0x70101e2c       0x7c ./Application/User/Core/main.o
 .text.sgp30_measure_air_quality
                0x70101ea8       0xa4 ./Application/User/Core/main.o
 .text.PeriphCommonClock_Config
                0x70101f4c       0x28 ./Application/User/Core/main.o
                0x70101f4c                PeriphCommonClock_Config
 .text.startup.main
                0x70101f74     0x11cc ./Application/User/Core/main.o
                0x70101f74                main
 .text.HAL_DCMIPP_PIPE_FrameEventCallback
                0x70103140        0x4 ./Application/User/Core/main.o
                0x70103140                HAL_DCMIPP_PIPE_FrameEventCallback
 .text.HAL_DCMIPP_PIPE_VsyncEventCallback
                0x70103144        0x4 ./Application/User/Core/main.o
                0x70103144                HAL_DCMIPP_PIPE_VsyncEventCallback
 .text.Error_Handler
                0x70103148        0x4 ./Application/User/Core/main.o
                0x70103148                Error_Handler
 .text.SECURE_RegisterCallback
                0x7010314c       0x30 ./Application/User/Core/secure_nsc.o
                0x7010314c                __acle_se_SECURE_RegisterCallback
 .text.LL_AHB4_GRP1_EnableClock
                0x7010317c       0x18 ./Application/User/Core/stm32n6xx_hal_msp.o
 .text.LL_AHB5_GRP1_EnableClock
                0x70103194       0x18 ./Application/User/Core/stm32n6xx_hal_msp.o
 .text.HAL_MspInit
                0x701031ac       0x2e ./Application/User/Core/stm32n6xx_hal_msp.o
                0x701031ac                HAL_MspInit
 *fill*         0x701031da        0x2 
 .text.HAL_ADC_MspInit
                0x701031dc       0x7c ./Application/User/Core/stm32n6xx_hal_msp.o
                0x701031dc                HAL_ADC_MspInit
 .text.HAL_DMA2D_MspInit
                0x70103258       0x14 ./Application/User/Core/stm32n6xx_hal_msp.o
                0x70103258                HAL_DMA2D_MspInit
 .text.HAL_I2C_MspInit
                0x7010326c      0x168 ./Application/User/Core/stm32n6xx_hal_msp.o
                0x7010326c                HAL_I2C_MspInit
 .text.HAL_LTDC_MspInit
                0x701033d4      0x11c ./Application/User/Core/stm32n6xx_hal_msp.o
                0x701033d4                HAL_LTDC_MspInit
 .text.HAL_LTDC_MspDeInit
                0x701034f0       0x64 ./Application/User/Core/stm32n6xx_hal_msp.o
                0x701034f0                HAL_LTDC_MspDeInit
 .text.HAL_SD_MspInit
                0x70103554      0x140 ./Application/User/Core/stm32n6xx_hal_msp.o
                0x70103554                HAL_SD_MspInit
 .text.HAL_TIM_Base_MspInit
                0x70103694       0x28 ./Application/User/Core/stm32n6xx_hal_msp.o
                0x70103694                HAL_TIM_Base_MspInit
 .text.HAL_TIM_MspPostInit
                0x701036bc       0x44 ./Application/User/Core/stm32n6xx_hal_msp.o
                0x701036bc                HAL_TIM_MspPostInit
 .text.HAL_UART_MspInit
                0x70103700       0x94 ./Application/User/Core/stm32n6xx_hal_msp.o
                0x70103700                HAL_UART_MspInit
 .text.HAL_DCMIPP_MspInit
                0x70103794       0x9c ./Application/User/Core/stm32n6xx_hal_msp.o
                0x70103794                HAL_DCMIPP_MspInit
 .text.NMI_Handler
                0x70103830        0x2 ./Application/User/Core/stm32n6xx_it.o
                0x70103830                NMI_Handler
 .text.HardFault_Handler
                0x70103832        0x2 ./Application/User/Core/stm32n6xx_it.o
                0x70103832                HardFault_Handler
 .text.MemManage_Handler
                0x70103834        0x2 ./Application/User/Core/stm32n6xx_it.o
                0x70103834                MemManage_Handler
 .text.BusFault_Handler
                0x70103836        0x2 ./Application/User/Core/stm32n6xx_it.o
                0x70103836                BusFault_Handler
 .text.UsageFault_Handler
                0x70103838        0x2 ./Application/User/Core/stm32n6xx_it.o
                0x70103838                UsageFault_Handler
 .text.SecureFault_Handler
                0x7010383a        0x2 ./Application/User/Core/stm32n6xx_it.o
                0x7010383a                SecureFault_Handler
 .text.SVC_Handler
                0x7010383c        0x2 ./Application/User/Core/stm32n6xx_it.o
                0x7010383c                SVC_Handler
 .text.DebugMon_Handler
                0x7010383e        0x2 ./Application/User/Core/stm32n6xx_it.o
                0x7010383e                DebugMon_Handler
 .text.PendSV_Handler
                0x70103840        0x2 ./Application/User/Core/stm32n6xx_it.o
                0x70103840                PendSV_Handler
 .text.SysTick_Handler
                0x70103842        0x4 ./Application/User/Core/stm32n6xx_it.o
                0x70103842                SysTick_Handler
 *fill*         0x70103846        0x2 
 .text.USART1_IRQHandler
                0x70103848        0xc ./Application/User/Core/stm32n6xx_it.o
                0x70103848                USART1_IRQHandler
 .text.CSI_IRQHandler
                0x70103854        0xc ./Application/User/Core/stm32n6xx_it.o
                0x70103854                CSI_IRQHandler
 .text.DCMIPP_IRQHandler
                0x70103860        0xc ./Application/User/Core/stm32n6xx_it.o
                0x70103860                DCMIPP_IRQHandler
 .text._read    0x7010386c       0x1c ./Application/User/Core/syscalls.o
                0x7010386c                _read
 .text._write   0x70103888       0x1c ./Application/User/Core/syscalls.o
                0x70103888                _write
 .text._close   0x701038a4        0x6 ./Application/User/Core/syscalls.o
                0x701038a4                _close
 .text._fstat   0x701038aa        0xa ./Application/User/Core/syscalls.o
                0x701038aa                _fstat
 .text._isatty  0x701038b4        0x4 ./Application/User/Core/syscalls.o
                0x701038b4                _isatty
 .text._lseek   0x701038b8        0x4 ./Application/User/Core/syscalls.o
                0x701038b8                _lseek
 .text._sbrk    0x701038bc       0x3c ./Application/User/Core/sysmem.o
                0x701038bc                _sbrk
 .text.disk_status
                0x701038f8        0x4 ./Application/User/FatFs/diskio.o
                0x701038f8                disk_status
 .text.disk_initialize
                0x701038fc       0x1e ./Application/User/FatFs/diskio.o
                0x701038fc                disk_initialize
 .text.disk_read
                0x7010391a       0x26 ./Application/User/FatFs/diskio.o
                0x7010391a                disk_read
 .text.disk_write
                0x70103940       0x26 ./Application/User/FatFs/diskio.o
                0x70103940                disk_write
 *fill*         0x70103966        0x2 
 .text.disk_ioctl
                0x70103968       0x64 ./Application/User/FatFs/diskio.o
                0x70103968                disk_ioctl
 .text.Reset_Handler
                0x701039cc       0x5c ./Application/User/Startup/startup_stm32n647x0hxq.o
                0x701039cc                Reset_Handler
 .text.Default_Handler
                0x70103a28        0x2 ./Application/User/Startup/startup_stm32n647x0hxq.o
                0x70103a28                HPDMA1_Channel13_IRQHandler
                0x70103a28                EXTI2_IRQHandler
                0x70103a28                TIM8_CC_IRQHandler
                0x70103a28                USB2_OTG_HS_IRQHandler
                0x70103a28                SAI1_A_IRQHandler
                0x70103a28                EXTI5_IRQHandler
                0x70103a28                I3C1_ER_IRQHandler
                0x70103a28                UART8_IRQHandler
                0x70103a28                CTI_INT0_IRQHandler
                0x70103a28                SPI4_IRQHandler
                0x70103a28                LTDC_LO_IRQHandler
                0x70103a28                NPU2_IRQHandler
                0x70103a28                FDCAN3_IT0_IRQHandler
                0x70103a28                EXTI13_IRQHandler
                0x70103a28                TIM1_CC_IRQHandler
                0x70103a28                XSPI1_IRQHandler
                0x70103a28                TIM10_IRQHandler
                0x70103a28                JPEG_IRQHandler
                0x70103a28                TAMP_IRQHandler
                0x70103a28                CACHE_ECC_IRQHandler
                0x70103a28                TIM6_IRQHandler
                0x70103a28                EXTI12_IRQHandler
                0x70103a28                GFXTIM_IRQHandler
                0x70103a28                EXTI3_IRQHandler
                0x70103a28                LPTIM4_IRQHandler
                0x70103a28                GPDMA1_Channel5_IRQHandler
                0x70103a28                EXTI8_IRQHandler
                0x70103a28                LPTIM2_IRQHandler
                0x70103a28                GFXMMU_IRQHandler
                0x70103a28                LTDC_LO_ERR_IRQHandler
                0x70103a28                I2C3_ER_IRQHandler
                0x70103a28                RIFSC_TAMPER_IRQHandler
                0x70103a28                USART10_IRQHandler
                0x70103a28                MDF1_FLT2_IRQHandler
                0x70103a28                LPTIM3_IRQHandler
                0x70103a28                SAI2_A_IRQHandler
                0x70103a28                EXTI0_IRQHandler
                0x70103a28                HPDMA1_Channel9_IRQHandler
                0x70103a28                I2C2_EV_IRQHandler
                0x70103a28                GPU2D_IRQHandler
                0x70103a28                FPU_IRQHandler
                0x70103a28                GPDMA1_Channel3_IRQHandler
                0x70103a28                GPDMA1_Channel7_IRQHandler
                0x70103a28                MDF1_FLT4_IRQHandler
                0x70103a28                FDCAN1_IT1_IRQHandler
                0x70103a28                HPDMA1_Channel3_IRQHandler
                0x70103a28                ADC1_2_IRQHandler
                0x70103a28                GPDMA1_Channel9_IRQHandler
                0x70103a28                SPI1_IRQHandler
                0x70103a28                CACHEAXI_IRQHandler
                0x70103a28                SAI1_B_IRQHandler
                0x70103a28                GPDMA1_Channel2_IRQHandler
                0x70103a28                PAHB_ERR_IRQHandler
                0x70103a28                TIM8_UP_IRQHandler
                0x70103a28                RCC_S_IRQHandler
                0x70103a28                MDF1_FLT1_IRQHandler
                0x70103a28                LTDC_UP_IRQHandler
                0x70103a28                LOCKUP_IRQHandler
                0x70103a28                PKA_IRQHandler
                0x70103a28                USART6_IRQHandler
                0x70103a28                HPDMA1_Channel2_IRQHandler
                0x70103a28                MDF1_FLT5_IRQHandler
                0x70103a28                I3C2_ER_IRQHandler
                0x70103a28                EXTI15_IRQHandler
                0x70103a28                TIM17_IRQHandler
                0x70103a28                USART3_IRQHandler
                0x70103a28                HPDMA1_Channel6_IRQHandler
                0x70103a28                RTC_IRQHandler
                0x70103a28                XSPI2_IRQHandler
                0x70103a28                EXTI9_IRQHandler
                0x70103a28                IAC_IRQHandler
                0x70103a28                HPDMA1_Channel0_IRQHandler
                0x70103a28                LPTIM5_IRQHandler
                0x70103a28                HPDMA1_Channel1_IRQHandler
                0x70103a28                UART5_IRQHandler
                0x70103a28                TIM4_IRQHandler
                0x70103a28                NPU3_IRQHandler
                0x70103a28                I3C2_EV_IRQHandler
                0x70103a28                I2C1_EV_IRQHandler
                0x70103a28                FDCAN_CU_IRQHandler
                0x70103a28                GPDMA1_Channel12_IRQHandler
                0x70103a28                HPDMA1_Channel7_IRQHandler
                0x70103a28                GPDMA1_Channel1_IRQHandler
                0x70103a28                TIM16_IRQHandler
                0x70103a28                GPDMA1_Channel15_IRQHandler
                0x70103a28                UART4_IRQHandler
                0x70103a28                TCM_ECC_IRQHandler
                0x70103a28                TIM3_IRQHandler
                0x70103a28                RCC_IRQHandler
                0x70103a28                UART9_IRQHandler
                0x70103a28                NPU1_IRQHandler
                0x70103a28                SAI2_B_IRQHandler
                0x70103a28                Default_Handler
                0x70103a28                GPDMA1_Channel8_IRQHandler
                0x70103a28                HPDMA1_Channel8_IRQHandler
                0x70103a28                TIM18_IRQHandler
                0x70103a28                TIM14_IRQHandler
                0x70103a28                TIM13_IRQHandler
                0x70103a28                CTI_INT1_IRQHandler
                0x70103a28                GPDMA1_Channel11_IRQHandler
                0x70103a28                GPU2D_ER_IRQHandler
                0x70103a28                SPI5_IRQHandler
                0x70103a28                TIM12_IRQHandler
                0x70103a28                TIM7_IRQHandler
                0x70103a28                FDCAN3_IT1_IRQHandler
                0x70103a28                HPDMA1_Channel10_IRQHandler
                0x70103a28                SDMMC1_IRQHandler
                0x70103a28                TIM5_IRQHandler
                0x70103a28                UCPD1_IRQHandler
                0x70103a28                GPDMA1_Channel0_IRQHandler
                0x70103a28                I3C1_EV_IRQHandler
                0x70103a28                HPDMA1_Channel5_IRQHandler
                0x70103a28                TIM15_IRQHandler
                0x70103a28                I2C3_EV_IRQHandler
                0x70103a28                HPDMA1_Channel4_IRQHandler
                0x70103a28                HPDMA1_Channel15_IRQHandler
                0x70103a28                TIM9_IRQHandler
                0x70103a28                ETH1_IRQHandler
                0x70103a28                USB1_OTG_HS_IRQHandler
                0x70103a28                PVD_PVM_IRQHandler
                0x70103a28                SPI2_IRQHandler
                0x70103a28                TIM1_TRG_CCU_IRQHandler
                0x70103a28                HPDMA1_Channel11_IRQHandler
                0x70103a28                EXTI14_IRQHandler
                0x70103a28                EXTI11_IRQHandler
                0x70103a28                VENC_IRQHandler
                0x70103a28                GPDMA1_Channel14_IRQHandler
                0x70103a28                EXTI4_IRQHandler
                0x70103a28                RTC_S_IRQHandler
                0x70103a28                GPDMA1_Channel13_IRQHandler
                0x70103a28                RNG_IRQHandler
                0x70103a28                XSPI3_IRQHandler
                0x70103a28                FDCAN2_IT1_IRQHandler
                0x70103a28                TIM1_UP_IRQHandler
                0x70103a28                NPU0_IRQHandler
                0x70103a28                BCK_ECC_IRQHandler
                0x70103a28                WWDG_IRQHandler
                0x70103a28                SPI6_IRQHandler
                0x70103a28                MDIOS_IRQHandler
                0x70103a28                I2C4_EV_IRQHandler
                0x70103a28                FDCAN2_IT0_IRQHandler
                0x70103a28                HPDMA1_Channel14_IRQHandler
                0x70103a28                LPUART1_IRQHandler
                0x70103a28                FDCAN1_IT0_IRQHandler
                0x70103a28                MDF1_FLT0_IRQHandler
                0x70103a28                TIM2_IRQHandler
                0x70103a28                GPDMA1_Channel4_IRQHandler
                0x70103a28                EXTI7_IRQHandler
                0x70103a28                DMA2D_IRQHandler
                0x70103a28                TIM1_BRK_IRQHandler
                0x70103a28                EXTI1_IRQHandler
                0x70103a28                SDMMC2_IRQHandler
                0x70103a28                TIM11_IRQHandler
                0x70103a28                LTDC_UP_ERR_IRQHandler
                0x70103a28                UART7_IRQHandler
                0x70103a28                DTS_IRQHandler
                0x70103a28                MDF1_FLT3_IRQHandler
                0x70103a28                USART2_IRQHandler
                0x70103a28                GPDMA1_Channel6_IRQHandler
                0x70103a28                ADF1_FLT0_IRQHandler
                0x70103a28                I2C2_ER_IRQHandler
                0x70103a28                SPDIFRX_IRQHandler
                0x70103a28                TIM8_BRK_IRQHandler
                0x70103a28                HPDMA1_Channel12_IRQHandler
                0x70103a28                EXTI10_IRQHandler
                0x70103a28                SPI3_IRQHandler
                0x70103a28                WAKEUP_PIN_IRQHandler
                0x70103a28                I2C1_ER_IRQHandler
                0x70103a28                FMC_IRQHandler
                0x70103a28                EXTI6_IRQHandler
                0x70103a28                LPTIM1_IRQHandler
                0x70103a28                DCMI_PSSI_IRQHandler
                0x70103a28                TIM8_TRG_CCU_IRQHandler
                0x70103a28                I2C4_ER_IRQHandler
                0x70103a28                GPDMA1_Channel10_IRQHandler
                0x70103a28                ICACHE_IRQHandler
                0x70103a28                HASH_IRQHandler
 *fill*         0x70103a2a        0x2 
 .text.adc_get_result
                0x70103a2c       0x28 ./Drivers/BSP/ADC/adc.o
                0x70103a2c                adc_get_result
 .text.adc_get_result_average
                0x70103a54       0x20 ./Drivers/BSP/ADC/adc.o
                0x70103a54                adc_get_result_average
 .text.ap3216c_init
                0x70103a74       0x6c ./Drivers/BSP/AP3216C/ap3216c.o
                0x70103a74                ap3216c_init
 .text.ap3216c_read_data
                0x70103ae0       0x84 ./Drivers/BSP/AP3216C/ap3216c.o
                0x70103ae0                ap3216c_read_data
 .text.beep_init
                0x70103b64       0x10 ./Drivers/BSP/BEEP/beep.o
                0x70103b64                beep_init
 .text.IMX335_ReadRegWrap
                0x70103b74        0xe ./Drivers/BSP/IMX335/STM32_IMX335/imx335.o
 .text.IMX335_WriteRegWrap
                0x70103b82        0xe ./Drivers/BSP/IMX335/STM32_IMX335/imx335.o
 .text.IMX335_WriteTable
                0x70103b90       0x30 ./Drivers/BSP/IMX335/STM32_IMX335/imx335.o
 .text.IMX335_SetFrequency
                0x70103bc0       0x50 ./Drivers/BSP/IMX335/STM32_IMX335/imx335.o
                0x70103bc0                IMX335_SetFrequency
 .text.IMX335_SetGain
                0x70103c10       0x70 ./Drivers/BSP/IMX335/STM32_IMX335/imx335.o
                0x70103c10                IMX335_SetGain
 .text.IMX335_ReadID
                0x70103c80       0x2e ./Drivers/BSP/IMX335/STM32_IMX335/imx335.o
                0x70103c80                IMX335_ReadID
 .text.IMX335_SetExposure
                0x70103cae       0x7c ./Drivers/BSP/IMX335/STM32_IMX335/imx335.o
                0x70103cae                IMX335_SetExposure
 *fill*         0x70103d2a        0x2 
 .text.IMX335_GetSensorInfo
                0x70103d2c       0x44 ./Drivers/BSP/IMX335/STM32_IMX335/imx335.o
                0x70103d2c                IMX335_GetSensorInfo
 .text.IMX335_Init
                0x70103d70       0x6c ./Drivers/BSP/IMX335/STM32_IMX335/imx335.o
                0x70103d70                IMX335_Init
 .text.IMX335_RegisterBusIO
                0x70103ddc       0x38 ./Drivers/BSP/IMX335/STM32_IMX335/imx335.o
                0x70103ddc                IMX335_RegisterBusIO
 .text.imx335_read_reg
                0x70103e14        0xe ./Drivers/BSP/IMX335/STM32_IMX335/imx335_reg.o
                0x70103e14                imx335_read_reg
 .text.imx335_write_reg
                0x70103e22        0xe ./Drivers/BSP/IMX335/STM32_IMX335/imx335_reg.o
                0x70103e22                imx335_write_reg
 .text.imx335_io_init
                0x70103e30        0x4 ./Drivers/BSP/IMX335/imx335.o
 .text.imx335_get_sensor_gain_helper
                0x70103e34       0x10 ./Drivers/BSP/IMX335/imx335.o
 .text.imx335_get_sensor_exposure_helper
                0x70103e44       0x10 ./Drivers/BSP/IMX335/imx335.o
 .text.imx335_set_sensor_exposure_helper
                0x70103e54       0x18 ./Drivers/BSP/IMX335/imx335.o
 .text.imx335_set_sensor_gain_helper
                0x70103e6c       0x18 ./Drivers/BSP/IMX335/imx335.o
 .text.imx335_get_sensor_info_helper
                0x70103e84       0x10 ./Drivers/BSP/IMX335/imx335.o
 .text.imx335_io_gettick
                0x70103e94        0x4 ./Drivers/BSP/IMX335/imx335.o
 .text.imx335_io_readreg
                0x70103e98       0x28 ./Drivers/BSP/IMX335/imx335.o
 .text.imx335_io_writereg
                0x70103ec0       0x28 ./Drivers/BSP/IMX335/imx335.o
 .text.imx335_dbg
                0x70103ee8       0x24 ./Drivers/BSP/IMX335/imx335.o
 .text.imx335_io_deinit
                0x70103f0c        0x4 ./Drivers/BSP/IMX335/imx335.o
 .text.imx335_init
                0x70103f10      0x3f8 ./Drivers/BSP/IMX335/imx335.o
                0x70103f10                imx335_init
 .text.imx335_start_capture
                0x70104308       0x28 ./Drivers/BSP/IMX335/imx335.o
                0x70104308                imx335_start_capture
 .text.imx335_stop_capture
                0x70104330       0x10 ./Drivers/BSP/IMX335/imx335.o
                0x70104330                imx335_stop_capture
 .text.imx335_isp_background_process
                0x70104340       0x14 ./Drivers/BSP/IMX335/imx335.o
                0x70104340                imx335_isp_background_process
 .text.imx335_dcmipp_pipe_frame_cb
                0x70104354       0x10 ./Drivers/BSP/IMX335/imx335.o
                0x70104354                imx335_dcmipp_pipe_frame_cb
 .text.imx335_dcmipp_pipe_vsync_cb
                0x70104364       0x38 ./Drivers/BSP/IMX335/imx335.o
                0x70104364                imx335_dcmipp_pipe_vsync_cb
 .text.key_init
                0x7010439c        0x2 ./Drivers/BSP/KEY/key.o
                0x7010439c                key_init
 *fill*         0x7010439e        0x2 
 .text.key_scan
                0x701043a0       0xdc ./Drivers/BSP/KEY/key.o
                0x701043a0                key_scan
 .text.led_init
                0x7010447c       0x28 ./Drivers/BSP/LED/led.o
                0x7010447c                led_init
 .text.rgblcd_ltdc_clk_set.isra.0
                0x701044a4       0x36 ./Drivers/BSP/RGBLCD/rgblcd.o
 *fill*         0x701044da        0x2 
 .text.rgblcd_display_dir
                0x701044dc       0x1c ./Drivers/BSP/RGBLCD/rgblcd.o
                0x701044dc                rgblcd_display_dir
 .text.rgblcd_fill
                0x701044f8       0xb4 ./Drivers/BSP/RGBLCD/rgblcd.o
                0x701044f8                rgblcd_fill
 .text.rgblcd_color_fill
                0x701045ac       0x80 ./Drivers/BSP/RGBLCD/rgblcd.o
                0x701045ac                rgblcd_color_fill
 .text.rgblcd_draw_point
                0x7010462c       0x28 ./Drivers/BSP/RGBLCD/rgblcd.o
                0x7010462c                rgblcd_draw_point
 .text.rgblcd_read_point
                0x70104654       0x28 ./Drivers/BSP/RGBLCD/rgblcd.o
                0x70104654                rgblcd_read_point
 .text.rgblcd_clear
                0x7010467c       0x24 ./Drivers/BSP/RGBLCD/rgblcd.o
                0x7010467c                rgblcd_clear
 .text.rgblcd_init
                0x701046a0      0x308 ./Drivers/BSP/RGBLCD/rgblcd.o
                0x701046a0                rgblcd_init
 .text.rgblcd_draw_hline
                0x701049a8       0x28 ./Drivers/BSP/RGBLCD/rgblcd.o
                0x701049a8                rgblcd_draw_hline
 .text.rgblcd_show_char
                0x701049d0       0xf0 ./Drivers/BSP/RGBLCD/rgblcd.o
                0x701049d0                rgblcd_show_char
 .text.rgblcd_show_string
                0x70104ac0       0x62 ./Drivers/BSP/RGBLCD/rgblcd.o
                0x70104ac0                rgblcd_show_string
 *fill*         0x70104b22        0x2 
 .text.sd_card_init
                0x70104b24       0x2c ./Drivers/BSP/SD_CARD/sd_card.o
                0x70104b24                sd_card_init
 .text.sd_card_read_disk
                0x70104b50       0x38 ./Drivers/BSP/SD_CARD/sd_card.o
                0x70104b50                sd_card_read_disk
 .text.sd_card_write_disk
                0x70104b88       0x38 ./Drivers/BSP/SD_CARD/sd_card.o
                0x70104b88                sd_card_write_disk
 .text.sd_nand_init
                0x70104bc0       0x2c ./Drivers/BSP/SD_NAND/sd_nand.o
                0x70104bc0                sd_nand_init
 .text.sd_nand_read_disk
                0x70104bec       0x38 ./Drivers/BSP/SD_NAND/sd_nand.o
                0x70104bec                sd_nand_read_disk
 .text.sd_nand_write_disk
                0x70104c24       0x38 ./Drivers/BSP/SD_NAND/sd_nand.o
                0x70104c24                sd_nand_write_disk
 .text.uart_init
                0x70104c5c       0x2c ./Drivers/BSP/UART/uart.o
                0x70104c5c                uart_init
 .text.HAL_UART_RxCpltCallback
                0x70104c88       0x78 ./Drivers/BSP/UART/uart.o
                0x70104c88                HAL_UART_RxCpltCallback
 .text.__io_putchar
                0x70104d00       0x1c ./Drivers/BSP/UART/uart.o
                0x70104d00                __io_putchar
 .text.SystemInit
                0x70104d1c       0x98 ./Drivers/CMSIS/system_stm32n6xx_s.o
                0x70104d1c                SystemInit
 .text.SystemCoreClockUpdate
                0x70104db4      0x1dc ./Drivers/CMSIS/system_stm32n6xx_s.o
                0x70104db4                SystemCoreClockUpdate
 .text.SECURE_SystemCoreClockUpdate
                0x70104f90       0x24 ./Drivers/CMSIS/system_stm32n6xx_s.o
                0x70104f90                __acle_se_SECURE_SystemCoreClockUpdate
 .text.HAL_InitTick
                0x70104fb4       0x4c ./Drivers/STM32N6xx_HAL_Driver/stm32n6xx_hal.o
                0x70104fb4                HAL_InitTick
 .text.HAL_Init
                0x70105000       0x22 ./Drivers/STM32N6xx_HAL_Driver/stm32n6xx_hal.o
                0x70105000                HAL_Init
 *fill*         0x70105022        0x2 
 .text.HAL_IncTick
                0x70105024       0x18 ./Drivers/STM32N6xx_HAL_Driver/stm32n6xx_hal.o
                0x70105024                HAL_IncTick
 .text.HAL_GetTick
                0x7010503c        0xc ./Drivers/STM32N6xx_HAL_Driver/stm32n6xx_hal.o
                0x7010503c                HAL_GetTick
 .text.HAL_Delay
                0x70105048       0x24 ./Drivers/STM32N6xx_HAL_Driver/stm32n6xx_hal.o
                0x70105048                HAL_Delay
 .text.LL_ADC_IsEnabled
                0x7010506c        0x8 ./Drivers/STM32N6xx_HAL_Driver/stm32n6xx_hal_adc.o
 .text.LL_ADC_REG_IsConversionOngoing
                0x70105074        0x8 ./Drivers/STM32N6xx_HAL_Driver/stm32n6xx_hal_adc.o
 .text.HAL_ADC_Init
                0x7010507c      0x15c ./Drivers/STM32N6xx_HAL_Driver/stm32n6xx_hal_adc.o
                0x7010507c                HAL_ADC_Init
 .text.HAL_ADC_PollForConversion
                0x701051d8       0xe4 ./Drivers/STM32N6xx_HAL_Driver/stm32n6xx_hal_adc.o
                0x701051d8                HAL_ADC_PollForConversion
 .text.HAL_ADC_GetValue
                0x701052bc        0x6 ./Drivers/STM32N6xx_HAL_Driver/stm32n6xx_hal_adc.o
                0x701052bc                HAL_ADC_GetValue
 *fill*         0x701052c2        0x2 
 .text.HAL_ADC_ConfigChannel
                0x701052c4      0x2c4 ./Drivers/STM32N6xx_HAL_Driver/stm32n6xx_hal_adc.o
                0x701052c4                HAL_ADC_ConfigChannel
 .text.ADC_ConversionStop
                0x70105588       0xc4 ./Drivers/STM32N6xx_HAL_Driver/stm32n6xx_hal_adc.o
                0x70105588                ADC_ConversionStop
 .text.ADC_Enable
                0x7010564c       0x74 ./Drivers/STM32N6xx_HAL_Driver/stm32n6xx_hal_adc.o
                0x7010564c                ADC_Enable
 .text.HAL_ADC_Start
                0x701056c0       0xd4 ./Drivers/STM32N6xx_HAL_Driver/stm32n6xx_hal_adc.o
                0x701056c0                HAL_ADC_Start
 .text.ADC_Disable
                0x70105794       0x66 ./Drivers/STM32N6xx_HAL_Driver/stm32n6xx_hal_adc.o
                0x70105794                ADC_Disable
 .text.HAL_ADC_Stop
                0x701057fa       0x44 ./Drivers/STM32N6xx_HAL_Driver/stm32n6xx_hal_adc.o
                0x701057fa                HAL_ADC_Stop
 .text.LL_ADC_IsEnabled
                0x7010583e        0x8 ./Drivers/STM32N6xx_HAL_Driver/stm32n6xx_hal_adc_ex.o
 .text.LL_ADC_REG_IsConversionOngoing
                0x70105846        0x8 ./Drivers/STM32N6xx_HAL_Driver/stm32n6xx_hal_adc_ex.o
 *fill*         0x7010584e        0x2 
 .text.HAL_ADCEx_MultiModeConfigChannel
                0x70105850       0xdc ./Drivers/STM32N6xx_HAL_Driver/stm32n6xx_hal_adc_ex.o
                0x70105850                HAL_ADCEx_MultiModeConfigChannel
 .text.HAL_NVIC_SetPriorityGrouping
                0x7010592c       0x24 ./Drivers/STM32N6xx_HAL_Driver/stm32n6xx_hal_cortex.o
                0x7010592c                HAL_NVIC_SetPriorityGrouping
 .text.HAL_NVIC_SetPriority
                0x70105950       0x60 ./Drivers/STM32N6xx_HAL_Driver/stm32n6xx_hal_cortex.o
                0x70105950                HAL_NVIC_SetPriority
 .text.HAL_NVIC_EnableIRQ
                0x701059b0       0x1c ./Drivers/STM32N6xx_HAL_Driver/stm32n6xx_hal_cortex.o
                0x701059b0                HAL_NVIC_EnableIRQ
 .text.HAL_SYSTICK_Config
                0x701059cc       0x28 ./Drivers/STM32N6xx_HAL_Driver/stm32n6xx_hal_cortex.o
                0x701059cc                HAL_SYSTICK_Config
 .text.DCMIPP_Stop
                0x701059f4      0x10c ./Drivers/STM32N6xx_HAL_Driver/stm32n6xx_hal_dcmipp.o
 .text.DCMIPP_CSI_SetVCConfig
                0x70105b00       0xac ./Drivers/STM32N6xx_HAL_Driver/stm32n6xx_hal_dcmipp.o
 .text.DCMIPP_SetConfig.part.0
                0x70105bac       0x4a ./Drivers/STM32N6xx_HAL_Driver/stm32n6xx_hal_dcmipp.o
 .text.DCMIPP_SetConfig
                0x70105bf6       0x36 ./Drivers/STM32N6xx_HAL_Driver/stm32n6xx_hal_dcmipp.o
 .text.DCMIPP_EnableCapture.part.0
                0x70105c2c       0x20 ./Drivers/STM32N6xx_HAL_Driver/stm32n6xx_hal_dcmipp.o
 .text.DCMIPP_EnableCapture
                0x70105c4c       0x42 ./Drivers/STM32N6xx_HAL_Driver/stm32n6xx_hal_dcmipp.o
 *fill*         0x70105c8e        0x2 
 .text.DCMIPP_CSI_WritePHYReg.constprop.0
                0x70105c90       0x68 ./Drivers/STM32N6xx_HAL_Driver/stm32n6xx_hal_dcmipp.o
 .text.HAL_DCMIPP_Init
                0x70105cf8       0x26 ./Drivers/STM32N6xx_HAL_Driver/stm32n6xx_hal_dcmipp.o
                0x70105cf8                HAL_DCMIPP_Init
 *fill*         0x70105d1e        0x2 
 .text.HAL_DCMIPP_CSI_SetConfig
                0x70105d20      0x120 ./Drivers/STM32N6xx_HAL_Driver/stm32n6xx_hal_dcmipp.o
                0x70105d20                HAL_DCMIPP_CSI_SetConfig
 .text.HAL_DCMIPP_CSI_PIPE_SetConfig
                0x70105e40       0xa8 ./Drivers/STM32N6xx_HAL_Driver/stm32n6xx_hal_dcmipp.o
                0x70105e40                HAL_DCMIPP_CSI_PIPE_SetConfig
 .text.HAL_DCMIPP_CSI_SetVCConfig
                0x70105ee8       0x48 ./Drivers/STM32N6xx_HAL_Driver/stm32n6xx_hal_dcmipp.o
                0x70105ee8                HAL_DCMIPP_CSI_SetVCConfig
 .text.HAL_DCMIPP_PIPE_SetConfig
                0x70105f30       0xd0 ./Drivers/STM32N6xx_HAL_Driver/stm32n6xx_hal_dcmipp.o
                0x70105f30                HAL_DCMIPP_PIPE_SetConfig
 .text.HAL_DCMIPP_CSI_PIPE_Start
                0x70106000       0x46 ./Drivers/STM32N6xx_HAL_Driver/stm32n6xx_hal_dcmipp.o
                0x70106000                HAL_DCMIPP_CSI_PIPE_Start
 *fill*         0x70106046        0x2 
 .text.HAL_DCMIPP_CSI_PIPE_Stop
                0x70106048       0x9c ./Drivers/STM32N6xx_HAL_Driver/stm32n6xx_hal_dcmipp.o
                0x70106048                HAL_DCMIPP_CSI_PIPE_Stop
 .text.HAL_DCMIPP_PIPE_LineEventCallback
                0x701060e4        0x2 ./Drivers/STM32N6xx_HAL_Driver/stm32n6xx_hal_dcmipp.o
                0x701060e4                HAL_DCMIPP_PIPE_LineEventCallback
 .text.HAL_DCMIPP_PIPE_LimitEventCallback
                0x701060e6        0x2 ./Drivers/STM32N6xx_HAL_Driver/stm32n6xx_hal_dcmipp.o
                0x701060e6                HAL_DCMIPP_PIPE_LimitEventCallback
 .text.HAL_DCMIPP_PIPE_ErrorCallback
                0x701060e8        0x2 ./Drivers/STM32N6xx_HAL_Driver/stm32n6xx_hal_dcmipp.o
                0x701060e8                HAL_DCMIPP_PIPE_ErrorCallback
 .text.HAL_DCMIPP_ErrorCallback
                0x701060ea        0x2 ./Drivers/STM32N6xx_HAL_Driver/stm32n6xx_hal_dcmipp.o
                0x701060ea                HAL_DCMIPP_ErrorCallback
 .text.HAL_DCMIPP_IRQHandler
                0x701060ec      0x25e ./Drivers/STM32N6xx_HAL_Driver/stm32n6xx_hal_dcmipp.o
                0x701060ec                HAL_DCMIPP_IRQHandler
 .text.HAL_DCMIPP_CSI_LineErrorCallback
                0x7010634a        0x2 ./Drivers/STM32N6xx_HAL_Driver/stm32n6xx_hal_dcmipp.o
                0x7010634a                HAL_DCMIPP_CSI_LineErrorCallback
 .text.HAL_DCMIPP_CSI_ClockChangerFifoFullEventCallback
                0x7010634c        0x2 ./Drivers/STM32N6xx_HAL_Driver/stm32n6xx_hal_dcmipp.o
                0x7010634c                HAL_DCMIPP_CSI_ClockChangerFifoFullEventCallback
 .text.HAL_DCMIPP_CSI_ShortPacketDetectionEventCallback
                0x7010634e        0x2 ./Drivers/STM32N6xx_HAL_Driver/stm32n6xx_hal_dcmipp.o
                0x7010634e                HAL_DCMIPP_CSI_ShortPacketDetectionEventCallback
 .text.HAL_DCMIPP_CSI_EndOfFrameEventCallback
                0x70106350        0x2 ./Drivers/STM32N6xx_HAL_Driver/stm32n6xx_hal_dcmipp.o
                0x70106350                HAL_DCMIPP_CSI_EndOfFrameEventCallback
 .text.HAL_DCMIPP_CSI_StartOfFrameEventCallback
                0x70106352        0x2 ./Drivers/STM32N6xx_HAL_Driver/stm32n6xx_hal_dcmipp.o
                0x70106352                HAL_DCMIPP_CSI_StartOfFrameEventCallback
 .text.HAL_DCMIPP_CSI_TimerCounterEventCallback
                0x70106354        0x2 ./Drivers/STM32N6xx_HAL_Driver/stm32n6xx_hal_dcmipp.o
                0x70106354                HAL_DCMIPP_CSI_TimerCounterEventCallback
 .text.HAL_DCMIPP_CSI_LineByteEventCallback
                0x70106356        0x2 ./Drivers/STM32N6xx_HAL_Driver/stm32n6xx_hal_dcmipp.o
                0x70106356                HAL_DCMIPP_CSI_LineByteEventCallback
 .text.HAL_DCMIPP_CSI_IRQHandler
                0x70106358      0x69c ./Drivers/STM32N6xx_HAL_Driver/stm32n6xx_hal_dcmipp.o
                0x70106358                HAL_DCMIPP_CSI_IRQHandler
 .text.HAL_DCMIPP_PIPE_SetISPDecimationConfig
                0x701069f4       0x2c ./Drivers/STM32N6xx_HAL_Driver/stm32n6xx_hal_dcmipp.o
                0x701069f4                HAL_DCMIPP_PIPE_SetISPDecimationConfig
 .text.HAL_DCMIPP_PIPE_EnableISPDecimation
                0x70106a20       0x1c ./Drivers/STM32N6xx_HAL_Driver/stm32n6xx_hal_dcmipp.o
                0x70106a20                HAL_DCMIPP_PIPE_EnableISPDecimation
 .text.HAL_DCMIPP_PIPE_SetDownsizeConfig
                0x70106a3c       0x96 ./Drivers/STM32N6xx_HAL_Driver/stm32n6xx_hal_dcmipp.o
                0x70106a3c                HAL_DCMIPP_PIPE_SetDownsizeConfig
 .text.HAL_DCMIPP_PIPE_EnableDownsize
                0x70106ad2       0x30 ./Drivers/STM32N6xx_HAL_Driver/stm32n6xx_hal_dcmipp.o
                0x70106ad2                HAL_DCMIPP_PIPE_EnableDownsize
 .text.HAL_DCMIPP_PIPE_EnableGammaConversion
                0x70106b02       0x30 ./Drivers/STM32N6xx_HAL_Driver/stm32n6xx_hal_dcmipp.o
                0x70106b02                HAL_DCMIPP_PIPE_EnableGammaConversion
 .text.HAL_DCMIPP_PIPE_DisableGammaConversion
                0x70106b32       0x30 ./Drivers/STM32N6xx_HAL_Driver/stm32n6xx_hal_dcmipp.o
                0x70106b32                HAL_DCMIPP_PIPE_DisableGammaConversion
 .text.HAL_DCMIPP_PIPE_IsEnabledGammaConversion
                0x70106b62       0x20 ./Drivers/STM32N6xx_HAL_Driver/stm32n6xx_hal_dcmipp.o
                0x70106b62                HAL_DCMIPP_PIPE_IsEnabledGammaConversion
 *fill*         0x70106b82        0x2 
 .text.HAL_DCMIPP_PIPE_SetISPRawBayer2RGBConfig
                0x70106b84       0x40 ./Drivers/STM32N6xx_HAL_Driver/stm32n6xx_hal_dcmipp.o
                0x70106b84                HAL_DCMIPP_PIPE_SetISPRawBayer2RGBConfig
 .text.HAL_DCMIPP_PIPE_EnableISPRawBayer2RGB
                0x70106bc4       0x1c ./Drivers/STM32N6xx_HAL_Driver/stm32n6xx_hal_dcmipp.o
                0x70106bc4                HAL_DCMIPP_PIPE_EnableISPRawBayer2RGB
 .text.HAL_DCMIPP_PIPE_DisableISPRawBayer2RGB
                0x70106be0       0x1c ./Drivers/STM32N6xx_HAL_Driver/stm32n6xx_hal_dcmipp.o
                0x70106be0                HAL_DCMIPP_PIPE_DisableISPRawBayer2RGB
 .text.HAL_DCMIPP_PIPE_SetISPRemovalStatisticConfig
                0x70106bfc       0x26 ./Drivers/STM32N6xx_HAL_Driver/stm32n6xx_hal_dcmipp.o
                0x70106bfc                HAL_DCMIPP_PIPE_SetISPRemovalStatisticConfig
 .text.HAL_DCMIPP_PIPE_EnableISPRemovalStatistic
                0x70106c22       0x1c ./Drivers/STM32N6xx_HAL_Driver/stm32n6xx_hal_dcmipp.o
                0x70106c22                HAL_DCMIPP_PIPE_EnableISPRemovalStatistic
 .text.HAL_DCMIPP_PIPE_DisableISPRemovalStatistic
                0x70106c3e       0x1c ./Drivers/STM32N6xx_HAL_Driver/stm32n6xx_hal_dcmipp.o
                0x70106c3e                HAL_DCMIPP_PIPE_DisableISPRemovalStatistic
 .text.HAL_DCMIPP_PIPE_SetISPBadPixelRemovalConfig
                0x70106c5a       0x20 ./Drivers/STM32N6xx_HAL_Driver/stm32n6xx_hal_dcmipp.o
                0x70106c5a                HAL_DCMIPP_PIPE_SetISPBadPixelRemovalConfig
 .text.HAL_DCMIPP_PIPE_EnableISPBadPixelRemoval
                0x70106c7a       0x1c ./Drivers/STM32N6xx_HAL_Driver/stm32n6xx_hal_dcmipp.o
                0x70106c7a                HAL_DCMIPP_PIPE_EnableISPBadPixelRemoval
 .text.HAL_DCMIPP_PIPE_DisableISPBadPixelRemoval
                0x70106c96       0x1c ./Drivers/STM32N6xx_HAL_Driver/stm32n6xx_hal_dcmipp.o
                0x70106c96                HAL_DCMIPP_PIPE_DisableISPBadPixelRemoval
 .text.HAL_DCMIPP_PIPE_GetISPBadPixelRemovalConfig
                0x70106cb2        0xc ./Drivers/STM32N6xx_HAL_Driver/stm32n6xx_hal_dcmipp.o
                0x70106cb2                HAL_DCMIPP_PIPE_GetISPBadPixelRemovalConfig
 .text.HAL_DCMIPP_PIPE_IsEnabledISPBadPixelRemoval
                0x70106cbe       0x12 ./Drivers/STM32N6xx_HAL_Driver/stm32n6xx_hal_dcmipp.o
                0x70106cbe                HAL_DCMIPP_PIPE_IsEnabledISPBadPixelRemoval
 .text.HAL_DCMIPP_PIPE_GetISPRemovedBadPixelCounter
                0x70106cd0       0x1e ./Drivers/STM32N6xx_HAL_Driver/stm32n6xx_hal_dcmipp.o
                0x70106cd0                HAL_DCMIPP_PIPE_GetISPRemovedBadPixelCounter
 .text.HAL_DCMIPP_PIPE_SetISPColorConversionConfig
                0x70106cee      0x154 ./Drivers/STM32N6xx_HAL_Driver/stm32n6xx_hal_dcmipp.o
                0x70106cee                HAL_DCMIPP_PIPE_SetISPColorConversionConfig
 .text.HAL_DCMIPP_PIPE_EnableISPColorConversion
                0x70106e42       0x1c ./Drivers/STM32N6xx_HAL_Driver/stm32n6xx_hal_dcmipp.o
                0x70106e42                HAL_DCMIPP_PIPE_EnableISPColorConversion
 .text.HAL_DCMIPP_PIPE_DisableISPColorConversion
                0x70106e5e       0x1c ./Drivers/STM32N6xx_HAL_Driver/stm32n6xx_hal_dcmipp.o
                0x70106e5e                HAL_DCMIPP_PIPE_DisableISPColorConversion
 .text.HAL_DCMIPP_PIPE_SetISPBlackLevelCalibrationConfig
                0x70106e7a       0x30 ./Drivers/STM32N6xx_HAL_Driver/stm32n6xx_hal_dcmipp.o
                0x70106e7a                HAL_DCMIPP_PIPE_SetISPBlackLevelCalibrationConfig
 .text.HAL_DCMIPP_PIPE_EnableISPBlackLevelCalibration
                0x70106eaa       0x1c ./Drivers/STM32N6xx_HAL_Driver/stm32n6xx_hal_dcmipp.o
                0x70106eaa                HAL_DCMIPP_PIPE_EnableISPBlackLevelCalibration
 .text.HAL_DCMIPP_PIPE_DisableISPBlackLevelCalibration
                0x70106ec6       0x1c ./Drivers/STM32N6xx_HAL_Driver/stm32n6xx_hal_dcmipp.o
                0x70106ec6                HAL_DCMIPP_PIPE_DisableISPBlackLevelCalibration
 .text.HAL_DCMIPP_PIPE_SetISPStatisticExtractionConfig
                0x70106ee2       0x56 ./Drivers/STM32N6xx_HAL_Driver/stm32n6xx_hal_dcmipp.o
                0x70106ee2                HAL_DCMIPP_PIPE_SetISPStatisticExtractionConfig
 .text.HAL_DCMIPP_PIPE_SetISPAreaStatisticExtractionConfig
                0x70106f38       0x40 ./Drivers/STM32N6xx_HAL_Driver/stm32n6xx_hal_dcmipp.o
                0x70106f38                HAL_DCMIPP_PIPE_SetISPAreaStatisticExtractionConfig
 .text.HAL_DCMIPP_PIPE_EnableISPStatisticExtraction
                0x70106f78       0x40 ./Drivers/STM32N6xx_HAL_Driver/stm32n6xx_hal_dcmipp.o
                0x70106f78                HAL_DCMIPP_PIPE_EnableISPStatisticExtraction
 .text.HAL_DCMIPP_PIPE_EnableISPAreaStatisticExtraction
                0x70106fb8       0x1c ./Drivers/STM32N6xx_HAL_Driver/stm32n6xx_hal_dcmipp.o
                0x70106fb8                HAL_DCMIPP_PIPE_EnableISPAreaStatisticExtraction
 .text.HAL_DCMIPP_PIPE_SetISPExposureConfig
                0x70106fd4       0x46 ./Drivers/STM32N6xx_HAL_Driver/stm32n6xx_hal_dcmipp.o
                0x70106fd4                HAL_DCMIPP_PIPE_SetISPExposureConfig
 .text.HAL_DCMIPP_PIPE_EnableISPExposure
                0x7010701a       0x1c ./Drivers/STM32N6xx_HAL_Driver/stm32n6xx_hal_dcmipp.o
                0x7010701a                HAL_DCMIPP_PIPE_EnableISPExposure
 .text.HAL_DCMIPP_PIPE_DisableISPExposure
                0x70107036       0x1c ./Drivers/STM32N6xx_HAL_Driver/stm32n6xx_hal_dcmipp.o
                0x70107036                HAL_DCMIPP_PIPE_DisableISPExposure
 .text.HAL_DCMIPP_PIPE_SetISPCtrlContrastConfig
                0x70107052       0x58 ./Drivers/STM32N6xx_HAL_Driver/stm32n6xx_hal_dcmipp.o
                0x70107052                HAL_DCMIPP_PIPE_SetISPCtrlContrastConfig
 .text.HAL_DCMIPP_PIPE_EnableISPCtrlContrast
                0x701070aa       0x1c ./Drivers/STM32N6xx_HAL_Driver/stm32n6xx_hal_dcmipp.o
                0x701070aa                HAL_DCMIPP_PIPE_EnableISPCtrlContrast
 .text.HAL_DCMIPP_PIPE_DisableISPCtrlContrast
                0x701070c6       0x1c ./Drivers/STM32N6xx_HAL_Driver/stm32n6xx_hal_dcmipp.o
                0x701070c6                HAL_DCMIPP_PIPE_DisableISPCtrlContrast
 .text.HAL_DCMIPP_PIPE_GetISPAccumulatedStatisticsCounter
                0x701070e2       0x3a ./Drivers/STM32N6xx_HAL_Driver/stm32n6xx_hal_dcmipp.o
                0x701070e2                HAL_DCMIPP_PIPE_GetISPAccumulatedStatisticsCounter
 .text.HAL_DCMIPP_PIPE_GetISPColorConversionConfig
                0x7010711c      0x10a ./Drivers/STM32N6xx_HAL_Driver/stm32n6xx_hal_dcmipp.o
                0x7010711c                HAL_DCMIPP_PIPE_GetISPColorConversionConfig
 .text.HAL_DCMIPP_PIPE_IsEnabledISPColorConversion
                0x70107226       0x12 ./Drivers/STM32N6xx_HAL_Driver/stm32n6xx_hal_dcmipp.o
                0x70107226                HAL_DCMIPP_PIPE_IsEnabledISPColorConversion
 .text.HAL_DCMIPP_GetState
                0x70107238        0x4 ./Drivers/STM32N6xx_HAL_Driver/stm32n6xx_hal_dcmipp.o
                0x70107238                HAL_DCMIPP_GetState
 .text.HAL_DMA_Abort
                0x7010723c       0x94 ./Drivers/STM32N6xx_HAL_Driver/stm32n6xx_hal_dma.o
                0x7010723c                HAL_DMA_Abort
 .text.HAL_DMA_Abort_IT
                0x701072d0       0x2a ./Drivers/STM32N6xx_HAL_Driver/stm32n6xx_hal_dma.o
                0x701072d0                HAL_DMA_Abort_IT
 .text.DMA2D_SetConfig
                0x701072fa       0x8a ./Drivers/STM32N6xx_HAL_Driver/stm32n6xx_hal_dma2d.o
 .text.HAL_DMA2D_Init
                0x70107384       0x7a ./Drivers/STM32N6xx_HAL_Driver/stm32n6xx_hal_dma2d.o
                0x70107384                HAL_DMA2D_Init
 .text.HAL_DMA2D_Start
                0x701073fe       0x34 ./Drivers/STM32N6xx_HAL_Driver/stm32n6xx_hal_dma2d.o
                0x701073fe                HAL_DMA2D_Start
 .text.HAL_DMA2D_PollForTransfer
                0x70107432       0xf6 ./Drivers/STM32N6xx_HAL_Driver/stm32n6xx_hal_dma2d.o
                0x70107432                HAL_DMA2D_PollForTransfer
 .text.HAL_DMA2D_ConfigLayer
                0x70107528       0xc0 ./Drivers/STM32N6xx_HAL_Driver/stm32n6xx_hal_dma2d.o
                0x70107528                HAL_DMA2D_ConfigLayer
 .text.HAL_GPIO_Init
                0x701075e8      0x1c8 ./Drivers/STM32N6xx_HAL_Driver/stm32n6xx_hal_gpio.o
                0x701075e8                HAL_GPIO_Init
 .text.HAL_GPIO_DeInit
                0x701077b0      0x160 ./Drivers/STM32N6xx_HAL_Driver/stm32n6xx_hal_gpio.o
                0x701077b0                HAL_GPIO_DeInit
 .text.HAL_GPIO_ReadPin
                0x70107910        0xc ./Drivers/STM32N6xx_HAL_Driver/stm32n6xx_hal_gpio.o
                0x70107910                HAL_GPIO_ReadPin
 .text.HAL_GPIO_WritePin
                0x7010791c        0xa ./Drivers/STM32N6xx_HAL_Driver/stm32n6xx_hal_gpio.o
                0x7010791c                HAL_GPIO_WritePin
 .text.HAL_GPIO_TogglePin
                0x70107926       0x12 ./Drivers/STM32N6xx_HAL_Driver/stm32n6xx_hal_gpio.o
                0x70107926                HAL_GPIO_TogglePin
 .text.HAL_GPIO_ConfigPinAttributes
                0x70107938       0x30 ./Drivers/STM32N6xx_HAL_Driver/stm32n6xx_hal_gpio.o
                0x70107938                HAL_GPIO_ConfigPinAttributes
 .text.I2C_Flush_TXDR
                0x70107968       0x1c ./Drivers/STM32N6xx_HAL_Driver/stm32n6xx_hal_i2c.o
 .text.I2C_TransferConfig
                0x70107984       0x2c ./Drivers/STM32N6xx_HAL_Driver/stm32n6xx_hal_i2c.o
 .text.I2C_IsErrorOccurred
                0x701079b0      0x102 ./Drivers/STM32N6xx_HAL_Driver/stm32n6xx_hal_i2c.o
 .text.I2C_WaitOnTXISFlagUntilTimeout
                0x70107ab2       0x56 ./Drivers/STM32N6xx_HAL_Driver/stm32n6xx_hal_i2c.o
 .text.I2C_WaitOnFlagUntilTimeout
                0x70107b08       0x76 ./Drivers/STM32N6xx_HAL_Driver/stm32n6xx_hal_i2c.o
 .text.I2C_WaitOnSTOPFlagUntilTimeout
                0x70107b7e       0x52 ./Drivers/STM32N6xx_HAL_Driver/stm32n6xx_hal_i2c.o
 .text.I2C_WaitOnRXNEFlagUntilTimeout
                0x70107bd0       0x9c ./Drivers/STM32N6xx_HAL_Driver/stm32n6xx_hal_i2c.o
 .text.HAL_I2C_Init
                0x70107c6c       0xaa ./Drivers/STM32N6xx_HAL_Driver/stm32n6xx_hal_i2c.o
                0x70107c6c                HAL_I2C_Init
 *fill*         0x70107d16        0x2 
 .text.HAL_I2C_Master_Transmit
                0x70107d18      0x12c ./Drivers/STM32N6xx_HAL_Driver/stm32n6xx_hal_i2c.o
                0x70107d18                HAL_I2C_Master_Transmit
 .text.HAL_I2C_Master_Receive
                0x70107e44      0x130 ./Drivers/STM32N6xx_HAL_Driver/stm32n6xx_hal_i2c.o
                0x70107e44                HAL_I2C_Master_Receive
 .text.HAL_I2C_Mem_Write
                0x70107f74      0x1b4 ./Drivers/STM32N6xx_HAL_Driver/stm32n6xx_hal_i2c.o
                0x70107f74                HAL_I2C_Mem_Write
 .text.HAL_I2C_Mem_Read
                0x70108128      0x1bc ./Drivers/STM32N6xx_HAL_Driver/stm32n6xx_hal_i2c.o
                0x70108128                HAL_I2C_Mem_Read
 .text.HAL_I2C_IsDeviceReady
                0x701082e4      0x110 ./Drivers/STM32N6xx_HAL_Driver/stm32n6xx_hal_i2c.o
                0x701082e4                HAL_I2C_IsDeviceReady
 .text.HAL_I2CEx_ConfigAnalogFilter
                0x701083f4       0x4c ./Drivers/STM32N6xx_HAL_Driver/stm32n6xx_hal_i2c_ex.o
                0x701083f4                HAL_I2CEx_ConfigAnalogFilter
 .text.HAL_I2CEx_ConfigDigitalFilter
                0x70108440       0x4a ./Drivers/STM32N6xx_HAL_Driver/stm32n6xx_hal_i2c_ex.o
                0x70108440                HAL_I2CEx_ConfigDigitalFilter
 .text.LTDC_SetConfig
                0x7010848a      0x25a ./Drivers/STM32N6xx_HAL_Driver/stm32n6xx_hal_ltdc.o
 .text.LTDC_SetCompositionConfig
                0x701086e4       0x54 ./Drivers/STM32N6xx_HAL_Driver/stm32n6xx_hal_ltdc.o
 .text.LTDC_SetPredefFormat
                0x70108738       0x84 ./Drivers/STM32N6xx_HAL_Driver/stm32n6xx_hal_ltdc.o
 .text.LTDC_RetrieveUserConfig.constprop.0
                0x701087bc      0x1c0 ./Drivers/STM32N6xx_HAL_Driver/stm32n6xx_hal_ltdc.o
 .text.HAL_LTDC_Init
                0x7010897c       0xb4 ./Drivers/STM32N6xx_HAL_Driver/stm32n6xx_hal_ltdc.o
                0x7010897c                HAL_LTDC_Init
 .text.HAL_LTDC_DeInit
                0x70108a30       0x64 ./Drivers/STM32N6xx_HAL_Driver/stm32n6xx_hal_ltdc.o
                0x70108a30                HAL_LTDC_DeInit
 .text.HAL_LTDC_ConfigLayer
                0x70108a94       0x72 ./Drivers/STM32N6xx_HAL_Driver/stm32n6xx_hal_ltdc.o
                0x70108a94                HAL_LTDC_ConfigLayer
 .text.HAL_LTDC_SetAddress
                0x70108b06       0x64 ./Drivers/STM32N6xx_HAL_Driver/stm32n6xx_hal_ltdc.o
                0x70108b06                HAL_LTDC_SetAddress
 *fill*         0x70108b6a        0x2 
 .text.HAL_PWR_ConfigAttributes
                0x70108b6c       0x40 ./Drivers/STM32N6xx_HAL_Driver/stm32n6xx_hal_pwr.o
                0x70108b6c                HAL_PWR_ConfigAttributes
 .text.HAL_PWREx_ConfigVddIORange
                0x70108bac       0x60 ./Drivers/STM32N6xx_HAL_Driver/stm32n6xx_hal_pwr_ex.o
                0x70108bac                HAL_PWREx_ConfigVddIORange
 .text.HAL_PWREx_EnableVddIO2
                0x70108c0c       0x10 ./Drivers/STM32N6xx_HAL_Driver/stm32n6xx_hal_pwr_ex.o
                0x70108c0c                HAL_PWREx_EnableVddIO2
 .text.HAL_PWREx_EnableVddIO4
                0x70108c1c       0x10 ./Drivers/STM32N6xx_HAL_Driver/stm32n6xx_hal_pwr_ex.o
                0x70108c1c                HAL_PWREx_EnableVddIO4
 .text.HAL_PWREx_EnableVddIO5
                0x70108c2c       0x10 ./Drivers/STM32N6xx_HAL_Driver/stm32n6xx_hal_pwr_ex.o
                0x70108c2c                HAL_PWREx_EnableVddIO5
 .text.HAL_PWREx_EnableVddA
                0x70108c3c       0x10 ./Drivers/STM32N6xx_HAL_Driver/stm32n6xx_hal_pwr_ex.o
                0x70108c3c                HAL_PWREx_EnableVddA
 .text.HAL_RCC_GetSysClockFreq
                0x70108c4c       0x90 ./Drivers/STM32N6xx_HAL_Driver/stm32n6xx_hal_rcc.o
                0x70108c4c                HAL_RCC_GetSysClockFreq
 .text.LL_RCC_HSE_SelectHSEAsDiv2Clock
                0x70108cdc       0x10 ./Drivers/STM32N6xx_HAL_Driver/stm32n6xx_hal_rcc_ex.o
 .text.LL_RCC_HSE_SelectHSEDiv2AsDiv2Clock
                0x70108cec       0x10 ./Drivers/STM32N6xx_HAL_Driver/stm32n6xx_hal_rcc_ex.o
 .text.LL_RCC_HSE_IsSelectedHSEDiv2AsDiv2Clock
                0x70108cfc       0x10 ./Drivers/STM32N6xx_HAL_Driver/stm32n6xx_hal_rcc_ex.o
 .text.LL_RCC_HSE_IsReady
                0x70108d0c       0x10 ./Drivers/STM32N6xx_HAL_Driver/stm32n6xx_hal_rcc_ex.o
 .text.LL_RCC_HSI_IsReady
                0x70108d1c       0x10 ./Drivers/STM32N6xx_HAL_Driver/stm32n6xx_hal_rcc_ex.o
 .text.LL_RCC_MSI_IsReady
                0x70108d2c       0x10 ./Drivers/STM32N6xx_HAL_Driver/stm32n6xx_hal_rcc_ex.o
 .text.LL_RCC_LSE_IsReady
                0x70108d3c       0x10 ./Drivers/STM32N6xx_HAL_Driver/stm32n6xx_hal_rcc_ex.o
 .text.LL_RCC_SetClockSource
                0x70108d4c       0x24 ./Drivers/STM32N6xx_HAL_Driver/stm32n6xx_hal_rcc_ex.o
 .text.LL_RCC_GetClockSource
                0x70108d70       0x1c ./Drivers/STM32N6xx_HAL_Driver/stm32n6xx_hal_rcc_ex.o
 .text.LL_RCC_IC7_IsEnabled
                0x70108d8c       0x10 ./Drivers/STM32N6xx_HAL_Driver/stm32n6xx_hal_rcc_ex.o
 .text.LL_RCC_IC7_GetDivider
                0x70108d9c       0x14 ./Drivers/STM32N6xx_HAL_Driver/stm32n6xx_hal_rcc_ex.o
 .text.LL_RCC_IC8_IsEnabled
                0x70108db0       0x10 ./Drivers/STM32N6xx_HAL_Driver/stm32n6xx_hal_rcc_ex.o
 .text.LL_RCC_IC8_GetDivider
                0x70108dc0       0x14 ./Drivers/STM32N6xx_HAL_Driver/stm32n6xx_hal_rcc_ex.o
 .text.LL_RCC_IC9_IsEnabled
                0x70108dd4       0x10 ./Drivers/STM32N6xx_HAL_Driver/stm32n6xx_hal_rcc_ex.o
 .text.LL_RCC_IC9_GetDivider
                0x70108de4       0x14 ./Drivers/STM32N6xx_HAL_Driver/stm32n6xx_hal_rcc_ex.o
 .text.LL_RCC_IC14_IsEnabled
                0x70108df8       0x10 ./Drivers/STM32N6xx_HAL_Driver/stm32n6xx_hal_rcc_ex.o
 .text.LL_RCC_IC14_GetDivider
                0x70108e08       0x14 ./Drivers/STM32N6xx_HAL_Driver/stm32n6xx_hal_rcc_ex.o
 .text.LL_RCC_IC15_IsEnabled
                0x70108e1c       0x10 ./Drivers/STM32N6xx_HAL_Driver/stm32n6xx_hal_rcc_ex.o
 .text.LL_RCC_IC15_GetDivider
                0x70108e2c       0x14 ./Drivers/STM32N6xx_HAL_Driver/stm32n6xx_hal_rcc_ex.o
 .text.RCCEx_GetHCLKFreq
                0x70108e40       0x10 ./Drivers/STM32N6xx_HAL_Driver/stm32n6xx_hal_rcc_ex.o
 .text.RCCEx_GetPLLSourceFreq
                0x70108e50       0x6c ./Drivers/STM32N6xx_HAL_Driver/stm32n6xx_hal_rcc_ex.o
 .text.RCCEx_CalcPLLFreq
                0x70108ebc       0x58 ./Drivers/STM32N6xx_HAL_Driver/stm32n6xx_hal_rcc_ex.o
 .text.HAL_RCCEx_PeriphCLKConfig
                0x70108f14     0x18dc ./Drivers/STM32N6xx_HAL_Driver/stm32n6xx_hal_rcc_ex.o
                0x70108f14                HAL_RCCEx_PeriphCLKConfig
 .text.HAL_RCCEx_GetPLL1CLKFreq
                0x7010a7f0       0x80 ./Drivers/STM32N6xx_HAL_Driver/stm32n6xx_hal_rcc_ex.o
                0x7010a7f0                HAL_RCCEx_GetPLL1CLKFreq
 .text.HAL_RCCEx_GetPLL2CLKFreq
                0x7010a870       0x80 ./Drivers/STM32N6xx_HAL_Driver/stm32n6xx_hal_rcc_ex.o
                0x7010a870                HAL_RCCEx_GetPLL2CLKFreq
 .text.HAL_RCCEx_GetPLL3CLKFreq
                0x7010a8f0       0x80 ./Drivers/STM32N6xx_HAL_Driver/stm32n6xx_hal_rcc_ex.o
                0x7010a8f0                HAL_RCCEx_GetPLL3CLKFreq
 .text.HAL_RCCEx_GetPLL4CLKFreq
                0x7010a970       0x80 ./Drivers/STM32N6xx_HAL_Driver/stm32n6xx_hal_rcc_ex.o
                0x7010a970                HAL_RCCEx_GetPLL4CLKFreq
 .text.RCCEx_GetCLKPCLKFreq.constprop.0
                0x7010a9f0      0x10c ./Drivers/STM32N6xx_HAL_Driver/stm32n6xx_hal_rcc_ex.o
 .text.RCCEx_GetSPDIFRXCLKFreq.constprop.0
                0x7010aafc       0xc0 ./Drivers/STM32N6xx_HAL_Driver/stm32n6xx_hal_rcc_ex.o
 .text.RCCEx_GetXSPICLKFreq
                0x7010abbc       0xf4 ./Drivers/STM32N6xx_HAL_Driver/stm32n6xx_hal_rcc_ex.o
 .text.RCCEx_GetOTGPHYCLKFreq
                0x7010acb0       0xcc ./Drivers/STM32N6xx_HAL_Driver/stm32n6xx_hal_rcc_ex.o
 .text.RCCEx_GetOTGPHYCKREFCLKFreq
                0x7010ad7c       0x60 ./Drivers/STM32N6xx_HAL_Driver/stm32n6xx_hal_rcc_ex.o
 .text.RCCEx_GetUSARTCLKFreq
                0x7010addc      0x200 ./Drivers/STM32N6xx_HAL_Driver/stm32n6xx_hal_rcc_ex.o
 .text.RCCEx_GetUARTCLKFreq
                0x7010afdc      0x224 ./Drivers/STM32N6xx_HAL_Driver/stm32n6xx_hal_rcc_ex.o
 .text.RCCEx_GetSPICLKFreq
                0x7010b200      0x27c ./Drivers/STM32N6xx_HAL_Driver/stm32n6xx_hal_rcc_ex.o
 .text.RCCEx_GetSAICLKFreq
                0x7010b47c      0x150 ./Drivers/STM32N6xx_HAL_Driver/stm32n6xx_hal_rcc_ex.o
 .text.RCCEx_GetI3CCLKFreq
                0x7010b5cc      0x118 ./Drivers/STM32N6xx_HAL_Driver/stm32n6xx_hal_rcc_ex.o
 .text.RCCEx_GetSDMMCCLKFreq
                0x7010b6e4       0xcc ./Drivers/STM32N6xx_HAL_Driver/stm32n6xx_hal_rcc_ex.o
 .text.RCCEx_GetI2CCLKFreq
                0x7010b7b0      0x17c ./Drivers/STM32N6xx_HAL_Driver/stm32n6xx_hal_rcc_ex.o
 .text.RCCEx_GetLPTIMCLKFreq
                0x7010b92c      0x1b8 ./Drivers/STM32N6xx_HAL_Driver/stm32n6xx_hal_rcc_ex.o
 .text.HAL_RCCEx_GetPeriphCLKFreq
                0x7010bae4      0x978 ./Drivers/STM32N6xx_HAL_Driver/stm32n6xx_hal_rcc_ex.o
                0x7010bae4                HAL_RCCEx_GetPeriphCLKFreq
 .text.HAL_RIF_RIMC_ConfigMasterAttributes
                0x7010c45c       0x2c ./Drivers/STM32N6xx_HAL_Driver/stm32n6xx_hal_rif.o
                0x7010c45c                HAL_RIF_RIMC_ConfigMasterAttributes
 .text.HAL_RIF_RISC_SetSlaveSecureAttributes
                0x7010c488       0x52 ./Drivers/STM32N6xx_HAL_Driver/stm32n6xx_hal_rif.o
                0x7010c488                HAL_RIF_RISC_SetSlaveSecureAttributes
 *fill*         0x7010c4da        0x2 
 .text.SD_FindSCR.constprop.0
                0x7010c4dc       0xcc ./Drivers/STM32N6xx_HAL_Driver/stm32n6xx_hal_sd.o
 .text.HAL_SD_ReadBlocks
                0x7010c5a8      0x1c0 ./Drivers/STM32N6xx_HAL_Driver/stm32n6xx_hal_sd.o
                0x7010c5a8                HAL_SD_ReadBlocks
 .text.HAL_SD_WriteBlocks
                0x7010c768      0x1a0 ./Drivers/STM32N6xx_HAL_Driver/stm32n6xx_hal_sd.o
                0x7010c768                HAL_SD_WriteBlocks
 .text.HAL_SD_GetCardCID
                0x7010c908       0x46 ./Drivers/STM32N6xx_HAL_Driver/stm32n6xx_hal_sd.o
                0x7010c908                HAL_SD_GetCardCID
 *fill*         0x7010c94e        0x2 
 .text.HAL_SD_GetCardCSD
                0x7010c950      0x168 ./Drivers/STM32N6xx_HAL_Driver/stm32n6xx_hal_sd.o
                0x7010c950                HAL_SD_GetCardCSD
 .text.HAL_SD_InitCard
                0x7010cab8      0x250 ./Drivers/STM32N6xx_HAL_Driver/stm32n6xx_hal_sd.o
                0x7010cab8                HAL_SD_InitCard
 .text.HAL_SD_GetCardStatus
                0x7010cd08      0x188 ./Drivers/STM32N6xx_HAL_Driver/stm32n6xx_hal_sd.o
                0x7010cd08                HAL_SD_GetCardStatus
 .text.HAL_SD_GetCardInfo
                0x7010ce90       0x24 ./Drivers/STM32N6xx_HAL_Driver/stm32n6xx_hal_sd.o
                0x7010ce90                HAL_SD_GetCardInfo
 .text.HAL_SD_ConfigWideBusOperation
                0x7010ceb4      0x180 ./Drivers/STM32N6xx_HAL_Driver/stm32n6xx_hal_sd.o
                0x7010ceb4                HAL_SD_ConfigWideBusOperation
 .text.HAL_SD_GetCardState
                0x7010d034       0x28 ./Drivers/STM32N6xx_HAL_Driver/stm32n6xx_hal_sd.o
                0x7010d034                HAL_SD_GetCardState
 .text.HAL_SD_Init
                0x7010d05c       0xa2 ./Drivers/STM32N6xx_HAL_Driver/stm32n6xx_hal_sd.o
                0x7010d05c                HAL_SD_Init
 *fill*         0x7010d0fe        0x2 
 .text.TIM_OC1_SetConfig
                0x7010d100       0xa0 ./Drivers/STM32N6xx_HAL_Driver/stm32n6xx_hal_tim.o
 .text.TIM_OC3_SetConfig
                0x7010d1a0       0xa4 ./Drivers/STM32N6xx_HAL_Driver/stm32n6xx_hal_tim.o
 .text.TIM_OC4_SetConfig
                0x7010d244       0xa8 ./Drivers/STM32N6xx_HAL_Driver/stm32n6xx_hal_tim.o
 .text.TIM_OC5_SetConfig
                0x7010d2ec       0x90 ./Drivers/STM32N6xx_HAL_Driver/stm32n6xx_hal_tim.o
 .text.TIM_OC6_SetConfig
                0x7010d37c       0x94 ./Drivers/STM32N6xx_HAL_Driver/stm32n6xx_hal_tim.o
 .text.HAL_TIM_PWM_MspInit
                0x7010d410        0x2 ./Drivers/STM32N6xx_HAL_Driver/stm32n6xx_hal_tim.o
                0x7010d410                HAL_TIM_PWM_MspInit
 *fill*         0x7010d412        0x2 
 .text.TIM_Base_SetConfig
                0x7010d414      0x13c ./Drivers/STM32N6xx_HAL_Driver/stm32n6xx_hal_tim.o
                0x7010d414                TIM_Base_SetConfig
 .text.HAL_TIM_Base_Init
                0x7010d550       0x60 ./Drivers/STM32N6xx_HAL_Driver/stm32n6xx_hal_tim.o
                0x7010d550                HAL_TIM_Base_Init
 .text.HAL_TIM_PWM_Init
                0x7010d5b0       0x60 ./Drivers/STM32N6xx_HAL_Driver/stm32n6xx_hal_tim.o
                0x7010d5b0                HAL_TIM_PWM_Init
 .text.TIM_OC2_SetConfig
                0x7010d610       0xa8 ./Drivers/STM32N6xx_HAL_Driver/stm32n6xx_hal_tim.o
                0x7010d610                TIM_OC2_SetConfig
 .text.HAL_TIM_PWM_ConfigChannel
                0x7010d6b8       0xf8 ./Drivers/STM32N6xx_HAL_Driver/stm32n6xx_hal_tim.o
                0x7010d6b8                HAL_TIM_PWM_ConfigChannel
 .text.TIM_ETR_SetConfig
                0x7010d7b0       0x14 ./Drivers/STM32N6xx_HAL_Driver/stm32n6xx_hal_tim.o
                0x7010d7b0                TIM_ETR_SetConfig
 .text.HAL_TIM_ConfigClockSource
                0x7010d7c4      0x1a0 ./Drivers/STM32N6xx_HAL_Driver/stm32n6xx_hal_tim.o
                0x7010d7c4                HAL_TIM_ConfigClockSource
 .text.TIM_CCxChannelCmd
                0x7010d964       0x1c ./Drivers/STM32N6xx_HAL_Driver/stm32n6xx_hal_tim.o
                0x7010d964                TIM_CCxChannelCmd
 .text.HAL_TIM_OC_Start
                0x7010d980      0x198 ./Drivers/STM32N6xx_HAL_Driver/stm32n6xx_hal_tim.o
                0x7010d980                HAL_TIM_OC_Start
 .text.HAL_TIM_PWM_Start
                0x7010db18        0x4 ./Drivers/STM32N6xx_HAL_Driver/stm32n6xx_hal_tim.o
                0x7010db18                HAL_TIM_PWM_Start
 .text.HAL_TIMEx_MasterConfigSynchronization
                0x7010db1c       0xf8 ./Drivers/STM32N6xx_HAL_Driver/stm32n6xx_hal_tim_ex.o
                0x7010db1c                HAL_TIMEx_MasterConfigSynchronization
 .text.UART_EndRxTransfer
                0x7010dc14       0x58 ./Drivers/STM32N6xx_HAL_Driver/stm32n6xx_hal_uart.o
 .text.HAL_UART_TxCpltCallback
                0x7010dc6c        0x2 ./Drivers/STM32N6xx_HAL_Driver/stm32n6xx_hal_uart.o
                0x7010dc6c                HAL_UART_TxCpltCallback
 .text.HAL_UART_ErrorCallback
                0x7010dc6e        0x2 ./Drivers/STM32N6xx_HAL_Driver/stm32n6xx_hal_uart.o
                0x7010dc6e                HAL_UART_ErrorCallback
 .text.UART_DMAAbortOnError
                0x7010dc70       0x10 ./Drivers/STM32N6xx_HAL_Driver/stm32n6xx_hal_uart.o
 .text.HAL_UARTEx_RxEventCallback
                0x7010dc80        0x2 ./Drivers/STM32N6xx_HAL_Driver/stm32n6xx_hal_uart.o
                0x7010dc80                HAL_UARTEx_RxEventCallback
 *fill*         0x7010dc82        0x2 
 .text.HAL_UART_IRQHandler
                0x7010dc84      0x304 ./Drivers/STM32N6xx_HAL_Driver/stm32n6xx_hal_uart.o
                0x7010dc84                HAL_UART_IRQHandler
 .text.UART_RxISR_8BIT
                0x7010df88       0xd4 ./Drivers/STM32N6xx_HAL_Driver/stm32n6xx_hal_uart.o
 .text.UART_RxISR_16BIT
                0x7010e05c       0xd0 ./Drivers/STM32N6xx_HAL_Driver/stm32n6xx_hal_uart.o
 .text.UART_RxISR_8BIT_FIFOEN
                0x7010e12c      0x1a8 ./Drivers/STM32N6xx_HAL_Driver/stm32n6xx_hal_uart.o
 .text.UART_RxISR_16BIT_FIFOEN
                0x7010e2d4      0x1a4 ./Drivers/STM32N6xx_HAL_Driver/stm32n6xx_hal_uart.o
 .text.UART_SetConfig
                0x7010e478      0x218 ./Drivers/STM32N6xx_HAL_Driver/stm32n6xx_hal_uart.o
                0x7010e478                UART_SetConfig
 .text.UART_AdvFeatureConfig
                0x7010e690       0xaa ./Drivers/STM32N6xx_HAL_Driver/stm32n6xx_hal_uart.o
                0x7010e690                UART_AdvFeatureConfig
 .text.UART_WaitOnFlagUntilTimeout
                0x7010e73a       0x90 ./Drivers/STM32N6xx_HAL_Driver/stm32n6xx_hal_uart.o
                0x7010e73a                UART_WaitOnFlagUntilTimeout
 .text.HAL_UART_Transmit
                0x7010e7ca       0xae ./Drivers/STM32N6xx_HAL_Driver/stm32n6xx_hal_uart.o
                0x7010e7ca                HAL_UART_Transmit
 .text.UART_CheckIdleState
                0x7010e878       0xb6 ./Drivers/STM32N6xx_HAL_Driver/stm32n6xx_hal_uart.o
                0x7010e878                UART_CheckIdleState
 .text.HAL_UART_Init
                0x7010e92e       0x60 ./Drivers/STM32N6xx_HAL_Driver/stm32n6xx_hal_uart.o
                0x7010e92e                HAL_UART_Init
 *fill*         0x7010e98e        0x2 
 .text.UART_Start_Receive_IT
                0x7010e990      0x118 ./Drivers/STM32N6xx_HAL_Driver/stm32n6xx_hal_uart.o
                0x7010e990                UART_Start_Receive_IT
 .text.HAL_UART_Receive_IT
                0x7010eaa8       0x4c ./Drivers/STM32N6xx_HAL_Driver/stm32n6xx_hal_uart.o
                0x7010eaa8                HAL_UART_Receive_IT
 .text.UARTEx_SetNbDataToProcess
                0x7010eaf4       0x44 ./Drivers/STM32N6xx_HAL_Driver/stm32n6xx_hal_uart_ex.o
 .text.HAL_UARTEx_WakeupCallback
                0x7010eb38        0x2 ./Drivers/STM32N6xx_HAL_Driver/stm32n6xx_hal_uart_ex.o
                0x7010eb38                HAL_UARTEx_WakeupCallback
 .text.HAL_UARTEx_RxFifoFullCallback
                0x7010eb3a        0x2 ./Drivers/STM32N6xx_HAL_Driver/stm32n6xx_hal_uart_ex.o
                0x7010eb3a                HAL_UARTEx_RxFifoFullCallback
 .text.HAL_UARTEx_TxFifoEmptyCallback
                0x7010eb3c        0x2 ./Drivers/STM32N6xx_HAL_Driver/stm32n6xx_hal_uart_ex.o
                0x7010eb3c                HAL_UARTEx_TxFifoEmptyCallback
 .text.HAL_UARTEx_DisableFifoMode
                0x7010eb3e       0x36 ./Drivers/STM32N6xx_HAL_Driver/stm32n6xx_hal_uart_ex.o
                0x7010eb3e                HAL_UARTEx_DisableFifoMode
 .text.HAL_UARTEx_SetTxFifoThreshold
                0x7010eb74       0x40 ./Drivers/STM32N6xx_HAL_Driver/stm32n6xx_hal_uart_ex.o
                0x7010eb74                HAL_UARTEx_SetTxFifoThreshold
 .text.HAL_UARTEx_SetRxFifoThreshold
                0x7010ebb4       0x40 ./Drivers/STM32N6xx_HAL_Driver/stm32n6xx_hal_uart_ex.o
                0x7010ebb4                HAL_UARTEx_SetRxFifoThreshold
 .text.SDMMC_Init
                0x7010ebf4       0x34 ./Drivers/STM32N6xx_HAL_Driver/stm32n6xx_ll_sdmmc.o
                0x7010ebf4                SDMMC_Init
 .text.SDMMC_ReadFIFO
                0x7010ec28        0x6 ./Drivers/STM32N6xx_HAL_Driver/stm32n6xx_ll_sdmmc.o
                0x7010ec28                SDMMC_ReadFIFO
 .text.SDMMC_WriteFIFO
                0x7010ec2e        0xa ./Drivers/STM32N6xx_HAL_Driver/stm32n6xx_ll_sdmmc.o
                0x7010ec2e                SDMMC_WriteFIFO
 .text.SDMMC_PowerState_ON
                0x7010ec38        0xc ./Drivers/STM32N6xx_HAL_Driver/stm32n6xx_ll_sdmmc.o
                0x7010ec38                SDMMC_PowerState_ON
 .text.SDMMC_GetPowerState
                0x7010ec44        0x8 ./Drivers/STM32N6xx_HAL_Driver/stm32n6xx_ll_sdmmc.o
                0x7010ec44                SDMMC_GetPowerState
 .text.SDMMC_SendCommand
                0x7010ec4c       0x28 ./Drivers/STM32N6xx_HAL_Driver/stm32n6xx_ll_sdmmc.o
                0x7010ec4c                SDMMC_SendCommand
 .text.SDMMC_GetResponse
                0x7010ec74        0x6 ./Drivers/STM32N6xx_HAL_Driver/stm32n6xx_ll_sdmmc.o
                0x7010ec74                SDMMC_GetResponse
 .text.SDMMC_ConfigData
                0x7010ec7a       0x26 ./Drivers/STM32N6xx_HAL_Driver/stm32n6xx_ll_sdmmc.o
                0x7010ec7a                SDMMC_ConfigData
 .text.SDMMC_CmdGoIdleState
                0x7010eca0       0x54 ./Drivers/STM32N6xx_HAL_Driver/stm32n6xx_ll_sdmmc.o
                0x7010eca0                SDMMC_CmdGoIdleState
 .text.SDMMC_GetCmdResp1
                0x7010ecf4      0x120 ./Drivers/STM32N6xx_HAL_Driver/stm32n6xx_ll_sdmmc.o
                0x7010ecf4                SDMMC_GetCmdResp1
 .text.SDMMC_CmdBlockLength
                0x7010ee14       0x34 ./Drivers/STM32N6xx_HAL_Driver/stm32n6xx_ll_sdmmc.o
                0x7010ee14                SDMMC_CmdBlockLength
 .text.SDMMC_CmdReadSingleBlock
                0x7010ee48       0x34 ./Drivers/STM32N6xx_HAL_Driver/stm32n6xx_ll_sdmmc.o
                0x7010ee48                SDMMC_CmdReadSingleBlock
 .text.SDMMC_CmdReadMultiBlock
                0x7010ee7c       0x34 ./Drivers/STM32N6xx_HAL_Driver/stm32n6xx_ll_sdmmc.o
                0x7010ee7c                SDMMC_CmdReadMultiBlock
 .text.SDMMC_CmdWriteSingleBlock
                0x7010eeb0       0x34 ./Drivers/STM32N6xx_HAL_Driver/stm32n6xx_ll_sdmmc.o
                0x7010eeb0                SDMMC_CmdWriteSingleBlock
 .text.SDMMC_CmdWriteMultiBlock
                0x7010eee4       0x34 ./Drivers/STM32N6xx_HAL_Driver/stm32n6xx_ll_sdmmc.o
                0x7010eee4                SDMMC_CmdWriteMultiBlock
 .text.SDMMC_CmdStopTransfer
                0x7010ef18       0x54 ./Drivers/STM32N6xx_HAL_Driver/stm32n6xx_ll_sdmmc.o
                0x7010ef18                SDMMC_CmdStopTransfer
 .text.SDMMC_CmdSelDesel
                0x7010ef6c       0x34 ./Drivers/STM32N6xx_HAL_Driver/stm32n6xx_ll_sdmmc.o
                0x7010ef6c                SDMMC_CmdSelDesel
 .text.SDMMC_CmdAppCommand
                0x7010efa0       0x34 ./Drivers/STM32N6xx_HAL_Driver/stm32n6xx_ll_sdmmc.o
                0x7010efa0                SDMMC_CmdAppCommand
 .text.SDMMC_CmdBusWidth
                0x7010efd4       0x34 ./Drivers/STM32N6xx_HAL_Driver/stm32n6xx_ll_sdmmc.o
                0x7010efd4                SDMMC_CmdBusWidth
 .text.SDMMC_CmdSendSCR
                0x7010f008       0x34 ./Drivers/STM32N6xx_HAL_Driver/stm32n6xx_ll_sdmmc.o
                0x7010f008                SDMMC_CmdSendSCR
 .text.SDMMC_CmdSendStatus
                0x7010f03c       0x34 ./Drivers/STM32N6xx_HAL_Driver/stm32n6xx_ll_sdmmc.o
                0x7010f03c                SDMMC_CmdSendStatus
 .text.SDMMC_CmdStatusRegister
                0x7010f070       0x34 ./Drivers/STM32N6xx_HAL_Driver/stm32n6xx_ll_sdmmc.o
                0x7010f070                SDMMC_CmdStatusRegister
 .text.SDMMC_GetCmdResp2
                0x7010f0a4       0x50 ./Drivers/STM32N6xx_HAL_Driver/stm32n6xx_ll_sdmmc.o
                0x7010f0a4                SDMMC_GetCmdResp2
 .text.SDMMC_CmdSendCID
                0x7010f0f4       0x2e ./Drivers/STM32N6xx_HAL_Driver/stm32n6xx_ll_sdmmc.o
                0x7010f0f4                SDMMC_CmdSendCID
 .text.SDMMC_CmdSendCSD
                0x7010f122       0x2e ./Drivers/STM32N6xx_HAL_Driver/stm32n6xx_ll_sdmmc.o
                0x7010f122                SDMMC_CmdSendCSD
 .text.SDMMC_GetCmdResp3
                0x7010f150       0x48 ./Drivers/STM32N6xx_HAL_Driver/stm32n6xx_ll_sdmmc.o
                0x7010f150                SDMMC_GetCmdResp3
 .text.SDMMC_CmdAppOperCommand
                0x7010f198       0x2e ./Drivers/STM32N6xx_HAL_Driver/stm32n6xx_ll_sdmmc.o
                0x7010f198                SDMMC_CmdAppOperCommand
 *fill*         0x7010f1c6        0x2 
 .text.SDMMC_GetCmdResp6
                0x7010f1c8       0x84 ./Drivers/STM32N6xx_HAL_Driver/stm32n6xx_ll_sdmmc.o
                0x7010f1c8                SDMMC_GetCmdResp6
 .text.SDMMC_CmdSetRelAdd
                0x7010f24c       0x34 ./Drivers/STM32N6xx_HAL_Driver/stm32n6xx_ll_sdmmc.o
                0x7010f24c                SDMMC_CmdSetRelAdd
 .text.SDMMC_GetCmdResp7
                0x7010f280       0x54 ./Drivers/STM32N6xx_HAL_Driver/stm32n6xx_ll_sdmmc.o
                0x7010f280                SDMMC_GetCmdResp7
 .text.SDMMC_CmdOperCond
                0x7010f2d4       0x32 ./Drivers/STM32N6xx_HAL_Driver/stm32n6xx_ll_sdmmc.o
                0x7010f2d4                SDMMC_CmdOperCond
 .text.ld_dword
                0x7010f306        0x4 ./Middlewares/FATFS/FatFs/source/ff.o
 .text.ld_qword
                0x7010f30a        0x8 ./Middlewares/FATFS/FatFs/source/ff.o
 .text.st_dword
                0x7010f312       0x10 ./Middlewares/FATFS/FatFs/source/ff.o
 .text.st_qword
                0x7010f322       0x32 ./Middlewares/FATFS/FatFs/source/ff.o
 .text.clst2sect
                0x7010f354       0x16 ./Middlewares/FATFS/FatFs/source/ff.o
 .text.clmt_clust
                0x7010f36a       0x32 ./Middlewares/FATFS/FatFs/source/ff.o
 .text.sum_sfn  0x7010f39c       0x24 ./Middlewares/FATFS/FatFs/source/ff.o
 .text.xdir_sum
                0x7010f3c0       0x2a ./Middlewares/FATFS/FatFs/source/ff.o
 .text.get_ldnumber
                0x7010f3ea       0x3a ./Middlewares/FATFS/FatFs/source/ff.o
 .text.sync_window
                0x7010f424       0x42 ./Middlewares/FATFS/FatFs/source/ff.o
 .text.validate
                0x7010f466       0x34 ./Middlewares/FATFS/FatFs/source/ff.o
 .text.tchar2uni
                0x7010f49a       0x20 ./Middlewares/FATFS/FatFs/source/ff.o
 .text.xname_sum
                0x7010f4ba       0x34 ./Middlewares/FATFS/FatFs/source/ff.o
 .text.sync_fs  0x7010f4ee       0xea ./Middlewares/FATFS/FatFs/source/ff.o
 .text.st_clust
                0x7010f5d8       0x18 ./Middlewares/FATFS/FatFs/source/ff.o
 .text.move_window
                0x7010f5f0       0x30 ./Middlewares/FATFS/FatFs/source/ff.o
 .text.get_fat  0x7010f620      0x12e ./Middlewares/FATFS/FatFs/source/ff.o
 .text.change_bitmap
                0x7010f74e       0x7e ./Middlewares/FATFS/FatFs/source/ff.o
 .text.check_fs
                0x7010f7cc       0xc4 ./Middlewares/FATFS/FatFs/source/ff.o
 .text.put_fat  0x7010f890       0xfc ./Middlewares/FATFS/FatFs/source/ff.o
 .text.fill_last_frag
                0x7010f98c       0x2e ./Middlewares/FATFS/FatFs/source/ff.o
 .text.fill_first_frag
                0x7010f9ba       0x30 ./Middlewares/FATFS/FatFs/source/ff.o
 .text.remove_chain
                0x7010f9ea       0xfe ./Middlewares/FATFS/FatFs/source/ff.o
 .text.dir_clear
                0x7010fae8       0xa6 ./Middlewares/FATFS/FatFs/source/ff.o
 *fill*         0x7010fb8e        0x2 
 .text.mount_volume
                0x7010fb90      0x398 ./Middlewares/FATFS/FatFs/source/ff.o
 .text.create_chain
                0x7010ff28      0x1e0 ./Middlewares/FATFS/FatFs/source/ff.o
 .text.dir_next
                0x70110108       0xbc ./Middlewares/FATFS/FatFs/source/ff.o
 .text.load_xdir
                0x701101c4       0xf4 ./Middlewares/FATFS/FatFs/source/ff.o
 .text.dir_read
                0x701102b8      0x130 ./Middlewares/FATFS/FatFs/source/ff.o
 .text.init_alloc_info.isra.0
                0x701103e8       0x2a ./Middlewares/FATFS/FatFs/source/ff.o
 .text.ld_clust.isra.0
                0x70110412       0x10 ./Middlewares/FATFS/FatFs/source/ff.o
 .text.dir_sdi  0x70110422       0x90 ./Middlewares/FATFS/FatFs/source/ff.o
                0x70110422                dir_sdi
 *fill*         0x701104b2        0x2 
 .text.dir_find
                0x701104b4      0x1b0 ./Middlewares/FATFS/FatFs/source/ff.o
 .text.follow_path
                0x70110664      0x2fc ./Middlewares/FATFS/FatFs/source/ff.o
 .text.dir_alloc
                0x70110960       0x50 ./Middlewares/FATFS/FatFs/source/ff.o
 .text.store_xdir
                0x701109b0       0x66 ./Middlewares/FATFS/FatFs/source/ff.o
 *fill*         0x70110a16        0x2 
 .text.dir_register
                0x70110a18      0x388 ./Middlewares/FATFS/FatFs/source/ff.o
 .text.f_mount  0x70110da0       0x50 ./Middlewares/FATFS/FatFs/source/ff.o
                0x70110da0                f_mount
 .text.f_open   0x70110df0      0x28e ./Middlewares/FATFS/FatFs/source/ff.o
                0x70110df0                f_open
 .text.f_read   0x7011107e      0x1ae ./Middlewares/FATFS/FatFs/source/ff.o
                0x7011107e                f_read
 .text.f_write  0x7011122c      0x1ee ./Middlewares/FATFS/FatFs/source/ff.o
                0x7011122c                f_write
 .text.f_sync   0x7011141a      0x18c ./Middlewares/FATFS/FatFs/source/ff.o
                0x7011141a                f_sync
 .text.f_close  0x701115a6       0x1e ./Middlewares/FATFS/FatFs/source/ff.o
                0x701115a6                f_close
 .text.f_lseek  0x701115c4      0x2fe ./Middlewares/FATFS/FatFs/source/ff.o
                0x701115c4                f_lseek
 .text.f_opendir
                0x701118c2       0xb0 ./Middlewares/FATFS/FatFs/source/ff.o
                0x701118c2                f_opendir
 .text.f_closedir
                0x70111972       0x12 ./Middlewares/FATFS/FatFs/source/ff.o
                0x70111972                f_closedir
 .text.f_mkdir  0x70111984      0x198 ./Middlewares/FATFS/FatFs/source/ff.o
                0x70111984                f_mkdir
 .text.ff_memalloc
                0x70111b1c        0x4 ./Middlewares/FATFS/FatFs/source/ffsystem.o
                0x70111b1c                ff_memalloc
 .text.ff_memfree
                0x70111b20        0x4 ./Middlewares/FATFS/FatFs/source/ffsystem.o
                0x70111b20                ff_memfree
 .text.ff_uni2oem
                0x70111b24       0x44 ./Middlewares/FATFS/FatFs/source/ffunicode.o
                0x70111b24                ff_uni2oem
 .text.ff_oem2uni
                0x70111b68       0x28 ./Middlewares/FATFS/FatFs/source/ffunicode.o
                0x70111b68                ff_oem2uni
 .text.ff_wtoupper
                0x70111b90       0x8c ./Middlewares/FATFS/FatFs/source/ffunicode.o
                0x70111b90                ff_wtoupper
 .text.exfuns_init
                0x70111c1c       0x40 ./Middlewares/FATFS/exfuns/exfuns.o
                0x70111c1c                exfuns_init
 .text.exfuns_char_upper
                0x70111c5c        0xa ./Middlewares/FATFS/exfuns/exfuns.o
                0x70111c5c                exfuns_char_upper
 *fill*         0x70111c66        0x2 
 .text.exfuns_file_type
                0x70111c68       0x88 ./Middlewares/FATFS/exfuns/exfuns.o
                0x70111c68                exfuns_file_type
 .text.mf_free  0x70111cf0       0x20 ./Middlewares/FATFS/exfuns/fattester.o
                0x70111cf0                mf_free
 .text.mf_init  0x70111d10       0x34 ./Middlewares/FATFS/exfuns/fattester.o
                0x70111d10                mf_init
 .text.my_mem_perused
                0x70111d44       0x40 ./Middlewares/MALLOC/malloc.o
                0x70111d44                my_mem_perused
 .text.my_mem_malloc
                0x70111d84       0xa0 ./Middlewares/MALLOC/malloc.o
 .text.my_mem_set
                0x70111e24       0x18 ./Middlewares/MALLOC/malloc.o
                0x70111e24                my_mem_set
 .text.my_mem_init
                0x70111e3c       0x2c ./Middlewares/MALLOC/malloc.o
                0x70111e3c                my_mem_init
 .text.myfree   0x70111e68       0x6c ./Middlewares/MALLOC/malloc.o
                0x70111e68                myfree
 .text.mymalloc
                0x70111ed4       0x20 ./Middlewares/MALLOC/malloc.o
                0x70111ed4                mymalloc
 .text.stdbmp_decode
                0x70111ef4      0x224 ./Middlewares/PICTURE/bmp.o
                0x70111ef4                stdbmp_decode
 .text.bmp_encode
                0x70112118      0x1c0 ./Middlewares/PICTURE/bmp.o
                0x70112118                bmp_encode
 .text.gif_readcolortbl
                0x701122d8       0x48 ./Middlewares/PICTURE/gif.o
 .text.gif_getdatablock
                0x70112320       0x48 ./Middlewares/PICTURE/gif.o
 .text.gif_getnextcode
                0x70112368       0xd4 ./Middlewares/PICTURE/gif.o
 .text.gif_getinfo
                0x7011243c       0x38 ./Middlewares/PICTURE/gif.o
                0x7011243c                gif_getinfo
 .text.gif_decode
                0x70112474      0x7d8 ./Middlewares/PICTURE/gif.o
                0x70112474                gif_decode
 .text.piclib_fill_color
                0x70112c4c       0x88 ./Middlewares/PICTURE/piclib.o
 .text.piclib_init
                0x70112cd4       0x58 ./Middlewares/PICTURE/piclib.o
                0x70112cd4                piclib_init
 .text.piclib_ai_draw_init
                0x70112d2c       0x9c ./Middlewares/PICTURE/piclib.o
                0x70112d2c                piclib_ai_draw_init
 .text.piclib_is_element_ok
                0x70112dc8       0x24 ./Middlewares/PICTURE/piclib.o
                0x70112dc8                piclib_is_element_ok
 .text.piclib_ai_load_picfile
                0x70112dec       0xa8 ./Middlewares/PICTURE/piclib.o
                0x70112dec                piclib_ai_load_picfile
 .text.piclib_mem_malloc
                0x70112e94        0x8 ./Middlewares/PICTURE/piclib.o
                0x70112e94                piclib_mem_malloc
 .text.piclib_mem_free
                0x70112e9c        0x8 ./Middlewares/PICTURE/piclib.o
                0x70112e9c                piclib_mem_free
 .text.alloc_pool
                0x70112ea4       0x26 ./Middlewares/PICTURE/tjpgd.o
 .text.huffext  0x70112eca      0x11a ./Middlewares/PICTURE/tjpgd.o
 .text.bitext   0x70112fe4       0x8c ./Middlewares/PICTURE/tjpgd.o
 .text.jpeg_out_func_fill
                0x70113070       0x3c ./Middlewares/PICTURE/tjpgd.o
 .text.jpeg_in_func
                0x701130ac       0x32 ./Middlewares/PICTURE/tjpgd.o
 *fill*         0x701130de        0x2 
 .text.jpeg_mallocall
                0x701130e0       0x44 ./Middlewares/PICTURE/tjpgd.o
 .text.jpeg_freeall
                0x70113124       0x2c ./Middlewares/PICTURE/tjpgd.o
 .text.jpeg_out_func_point
                0x70113150       0xb4 ./Middlewares/PICTURE/tjpgd.o
 .text.jd_prepare
                0x70113204      0x4ec ./Middlewares/PICTURE/tjpgd.o
                0x70113204                jd_prepare