../Drivers/BSP/IMX335/imx335.c:371:16:imx335_io_init	0	static
../Drivers/BSP/IMX335/imx335.c:465:26:imx335_get_sensor_gain_helper	0	static
../Drivers/BSP/IMX335/imx335.c:493:26:imx335_get_sensor_exposure_helper	0	static
../Drivers/BSP/IMX335/imx335.c:479:26:imx335_set_sensor_exposure_helper	8	static
../Drivers/BSP/IMX335/imx335.c:451:26:imx335_set_sensor_gain_helper	8	static
../Drivers/BSP/IMX335/imx335.c:438:26:imx335_get_sensor_info_helper	8	static
../Drivers/BSP/IMX335/imx335.c:427:16:imx335_io_gettick	0	static
../Drivers/BSP/IMX335/imx335.c:412:16:imx335_io_readreg	24	static
../Drivers/BSP/IMX335/imx335.c:394:16:imx335_io_writereg	24	static
../Drivers/BSP/IMX335/imx335.c:49:13:imx335_dbg	24	static
../Drivers/BSP/IMX335/imx335.c:381:16:imx335_io_deinit	0	static
../Drivers/BSP/IMX335/imx335.c:62:9:imx335_init	168	static
../Drivers/BSP/IMX335/imx335.c:157:9:imx335_get_capture	16	static
../Drivers/BSP/IMX335/imx335.c:175:9:imx335_start_capture	16	static
../Drivers/BSP/IMX335/imx335.c:191:6:imx335_stop_capture	0	static
../Drivers/BSP/IMX335/imx335.c:201:10:imx335_get_capture_frame_count	0	static
../Drivers/BSP/IMX335/imx335.c:213:9:imx335_isp_background_process	8	static
../Drivers/BSP/IMX335/imx335.c:229:6:imx335_dcmipp_pipe_frame_cb	0	static
../Drivers/BSP/IMX335/imx335.c:243:6:imx335_dcmipp_pipe_vsync_cb	8	static
